V/AlarmManager(  967): ELAPSED_WAKEUP set : Alarm{ef6d596 type 2 when 1532784892 com.google.android.gms} when 1532784892
I/SensorManager( 2285): registerListenerImpl() [Sensor: LGE Accelerometer, Rate: 20000, SensorEventListener: amsv@a649f73] by amro.a():3
D/sensors_hal_SMGR(  967): batch:sensor(android.sensor.accelerometer) sample_rate=50Hz report_rate_f=0.000000Hz curr sample rate:15 cur rpt rate:0 max:120.000000 min:1.000000
D/sensors_hal_SMGR(  967): SMGRReportAdd: Received Response: 0
I/sensors_hal_Ctx(  967): flush: handle is 0
D/sensors_hal_SMGR(  967): flush: handle 0 is not batching
D/sensors_hal(  967): flushSendCmplt: handle=0
D/sensors_hal_Ctx(  967): poll:polldata:1, sensor:0, type:0, x:0.000000 y:0.000000 z:-0.000000
D/audio_hw_extn(14531): audio_extn_get_parameters: returns 
V/msm8974_platform(14531): platform_get_parameters: exit: returns - 
V/audio_hw_primary(14531): adev_get_parameters: exit: returns - 
I/str_params(14531): key: 'isSwIrrc' value: ''
D/PhoneUtils( 1774): getSubIdUsingSlotId() slotId:0 -> subId:2
D/audio_hw_extn(14531): audio_extn_get_parameters: returns 
V/msm8974_platform(14531): platform_get_parameters: exit: returns - 
V/audio_hw_primary(14531): adev_get_parameters: exit: returns - 
I/str_params(14531): key: 'isSwIrrc' value: ''
D/PhoneUtils( 1774): getSubIdUsingSlotId() slotId:0 -> subId:2
D/audio_hw_extn(14531): audio_extn_get_parameters: returns 
V/msm8974_platform(14531): platform_get_parameters: exit: returns - 
V/audio_hw_primary(14531): adev_get_parameters: exit: returns - 
I/str_params(14531): key: 'isSwIrrc' value: ''
D/PhoneUtils( 1774): getSubIdUsingSlotId() slotId:0 -> subId:2
I/SensorManager( 2285): removeAllSensors() [Sensor: LGE Accelerometer] by amro.a():2
D/sensors_hal_SMGR(  967): batch:sensor(android.sensor.accelerometer) sample_rate=15Hz report_rate_f=0.000000Hz curr sample rate:50 cur rpt rate:0 max:120.000000 min:1.000000
D/sensors_hal_SMGR(  967): SMGRReportAdd: Received Response: 0
V/AlarmManager(  967): ELAPSED_WAKEUP set : Alarm{1c30d517 type 2 when 1532786499 com.google.android.gms} when 1532786499
I/SensorManager( 2285): registerListenerImpl() [Sensor: LGE Accelerometer, Rate: 20000, SensorEventListener: amsv@2bd2aaa9] by amro.a():3
D/sensors_hal_SMGR(  967): batch:sensor(android.sensor.accelerometer) sample_rate=50Hz report_rate_f=0.000000Hz curr sample rate:15 cur rpt rate:0 max:120.000000 min:1.000000
D/sensors_hal_SMGR(  967): SMGRReportAdd: Received Response: 0
I/sensors_hal_Ctx(  967): flush: handle is 0
D/sensors_hal_SMGR(  967): flush: handle 0 is not batching
D/sensors_hal(  967): flushSendCmplt: handle=0
D/sensors_hal_Ctx(  967): poll:polldata:1, sensor:0, type:0, x:0.000000 y:0.000000 z:-0.000000
D/audio_hw_extn(14531): audio_extn_get_parameters: returns 
V/msm8974_platform(14531): platform_get_parameters: exit: returns - 
V/audio_hw_primary(14531): adev_get_parameters: exit: returns - 
I/str_params(14531): key: 'isSwIrrc' value: ''
D/PhoneUtils( 1774): getSubIdUsingSlotId() slotId:0 -> subId:2
D/audio_hw_extn(14531): audio_extn_get_parameters: returns 
V/msm8974_platform(14531): platform_get_parameters: exit: returns - 
V/audio_hw_primary(14531): adev_get_parameters: exit: returns - 
I/str_params(14531): key: 'isSwIrrc' value: ''
D/PhoneUtils( 1774): getSubIdUsingSlotId() slotId:0 -> subId:2
I/SensorManager( 2285): removeAllSensors() [Sensor: LGE Accelerometer] by amro.a():2
D/sensors_hal_SMGR(  967): batch:sensor(android.sensor.accelerometer) sample_rate=15Hz report_rate_f=0.000000Hz curr sample rate:50 cur rpt rate:0 max:120.000000 min:1.000000
D/sensors_hal_SMGR(  967): SMGRReportAdd: Received Response: 0
D/audio_hw_extn(14531): audio_extn_get_parameters: returns 
V/msm8974_platform(14531): platform_get_parameters: exit: returns - 
V/audio_hw_primary(14531): adev_get_parameters: exit: returns - 
I/str_params(14531): key: 'isSwIrrc' value: ''
D/PhoneUtils( 1774): getSubIdUsingSlotId() slotId:0 -> subId:2
V/AlarmManager(  967): ELAPSED_WAKEUP set : Alarm{881ed04 type 2 when 1532788120 com.google.android.gms} when 1532788120
I/SensorManager( 2285): registerListenerImpl() [Sensor: LGE Accelerometer, Rate: 20000, SensorEventListener: amsv@18dfbfcf] by amro.a():3
D/sensors_hal_SMGR(  967): batch:sensor(android.sensor.accelerometer) sample_rate=50Hz report_rate_f=0.000000Hz curr sample rate:15 cur rpt rate:0 max:120.000000 min:1.000000
D/sensors_hal_SMGR(  967): SMGRReportAdd: Received Response: 0
I/sensors_hal_Ctx(  967): flush: handle is 0
D/sensors_hal_SMGR(  967): flush: handle 0 is not batching
D/sensors_hal(  967): flushSendCmplt: handle=0
D/sensors_hal_Ctx(  967): poll:polldata:1, sensor:0, type:0, x:0.000000 y:0.000000 z:-0.000000
D/KeyguardUpdateMonitor( 1479): Intent.ACTION_BATTERYEX_CHANGED EXTRA_CHARGING_CURRENT : 0 / EXTRA_HVDCP_TYPE : false
I/[SystemUI]LGPowerUI( 1479): onReceive = com.lge.android.intent.action.BATTERYEX
I/[SystemUI]LGPowerUI( 1479): levelEx = 99, plugTypeEx = 2, WirelessAlignment = 0, chargingCurrent = 0, orientation = PORTRAIT
I/[SystemUI]LGPowerUI( 1479): On Skip Timer : true
D/PowerService( 1827): isFastChargerType: false, isCharging: true, isFastChargerConnected: false
D/KeyguardUpdateMonitor( 1479): Intent.ACTION_BATTERYEX_CHANGED EXTRA_CHARGING_CURRENT : 0 / EXTRA_HVDCP_TYPE : false
I/[SystemUI]LGPowerUI( 1479): onReceive = com.lge.android.intent.action.BATTERYEX
I/[SystemUI]LGPowerUI( 1479): levelEx = 99, plugTypeEx = 2, WirelessAlignment = 0, chargingCurrent = 0, orientation = PORTRAIT
I/[SystemUI]LGPowerUI( 1479): On Skip Timer : true
D/PowerService( 1827): isFastChargerType: false, isCharging: true, isFastChargerConnected: false
D/WifiController(  967): battery changed pluggedType: 2
D/KeyguardUpdateMonitor( 1479): Intent.ACTION_BATTERY_CHANGED status : 2 ,plugged : 2 ,level : 99 ,temperature : 304
I/[SystemUI]LGPowerUI( 1479): onReceive = android.intent.action.BATTERY_CHANGED
I/[SystemUI]LGPowerUI( 1479): level = 99, plugType = 2, plugged = true, mCharging = true, temperature = 354
D/LEDHandler( 1827): ACTION_BATTERY_CHANGED : plugged type=2
D/LEDHandler( 1827): Battery Level Remaining: 99%
D/LEDHandler( 1827): Battery Temp: 304, mChargingStatus=2, mChargingStop=false
D/WifiApDisableIfNotUsed(  967): ACTION_BATTERY_CHANGED : pluggedType = 2
I/[SystemUI]BatterySaverHandler( 1479): onReceive = android.intent.action.BATTERY_CHANGED
D/audio_hw_extn(14531): audio_extn_get_parameters: returns 
V/msm8974_platform(14531): platform_get_parameters: exit: returns - 
V/audio_hw_primary(14531): adev_get_parameters: exit: returns - 
I/str_params(14531): key: 'isSwIrrc' value: ''
D/PhoneUtils( 1774): getSubIdUsingSlotId() slotId:0 -> subId:2
D/audio_hw_extn(14531): audio_extn_get_parameters: returns 
V/msm8974_platform(14531): platform_get_parameters: exit: returns - 
V/audio_hw_primary(14531): adev_get_parameters: exit: returns - 
I/str_params(14531): key: 'isSwIrrc' value: ''
D/PhoneUtils( 1774): getSubIdUsingSlotId() slotId:0 -> subId:2
I/PlayCommon(11536): [60948] com.google.android.play.a.h.e(260): Preparing logs for uploading
I/Auth    ( 2285): [ReflectiveChannelBinder] Successfully bound channel!
I/NotificationManager(  967): android: cancelAsUser(2) by android
I/PlayCommon(11536): [60948] com.google.android.play.a.h.a(474): Connecting to server: https://play.googleapis.com/play/log?format=raw&proto_v2=true
D/libc-netbsd(11536): [getaddrinfo]: hostname=xxxxx; servname=(null); cache_mode=(null), netid=0; mark=0
D/libc-netbsd(11536): [getaddrinfo]: ai_addrlen=0; ai_canonname=xxxxx; ai_flags=4; ai_family=0
D/libc-netbsd(11536): [getaddrinfo]: hostname=xxxxx; servname=(null); cache_mode=(null), netid=0; mark=0
D/libc-netbsd(11536): [getaddrinfo]: ai_addrlen=0; ai_canonname=xxxxx; ai_flags=1024; ai_family=0
E/BandwidthController(  325): [LG DATA] No such appUid: 10048
D/DnsProxyListener(  325): [LG DATA] App 10048 tries DNS query...Accept...family:0 protocol:0
D/libc-netbsd(  325): [getaddrinfo]: hostname=xxxxx; servname=(null); cache_mode=local, netid=903; mark=918407
D/libc-netbsd(  325): [getaddrinfo]: ai_addrlen=0; ai_canonname=xxxxx; ai_flags=1024; ai_family=0
D/libc-netbsd(  325): default dns: query_ipv6=0, query_ipv4=1, netid=903
D/libc-netbsd(  325): res_queryN name = xxxxx, class = 1, type = 1
D/libc-netbsd(  325): res_queryN name = xxxxx succeed
I/System.out(11536): propertyValue:false
D/audio_hw_extn(14531): audio_extn_get_parameters: returns 
V/msm8974_platform(14531): platform_get_parameters: exit: returns - 
V/audio_hw_primary(14531): adev_get_parameters: exit: returns - 
I/str_params(14531): key: 'isSwIrrc' value: ''
D/PhoneUtils( 1774): getSubIdUsingSlotId() slotId:0 -> subId:2
I/SensorManager( 2285): removeAllSensors() [Sensor: LGE Accelerometer] by amro.a():2
D/sensors_hal_SMGR(  967): batch:sensor(android.sensor.accelerometer) sample_rate=15Hz report_rate_f=0.000000Hz curr sample rate:50 cur rpt rate:0 max:120.000000 min:1.000000
D/sensors_hal_SMGR(  967): SMGRReportAdd: Received Response: 0
V/AlarmManager(  967): ELAPSED_WAKEUP set : Alarm{1f511421 type 2 when 1532789710 com.google.android.gms} when 1532789710
I/SensorManager( 2285): registerListenerImpl() [Sensor: LGE Accelerometer, Rate: 20000, SensorEventListener: amsv@234e7360] by amro.a():3
D/sensors_hal_SMGR(  967): batch:sensor(android.sensor.accelerometer) sample_rate=50Hz report_rate_f=0.000000Hz curr sample rate:15 cur rpt rate:0 max:120.000000 min:1.000000
D/sensors_hal_SMGR(  967): SMGRReportAdd: Received Response: 0
I/sensors_hal_Ctx(  967): flush: handle is 0
D/sensors_hal_SMGR(  967): flush: handle 0 is not batching
D/sensors_hal(  967): flushSendCmplt: handle=0
D/sensors_hal_Ctx(  967): poll:polldata:1, sensor:0, type:0, x:0.000000 y:0.000000 z:-0.000000
D/PowerManagerServiceEx(  967): updateUserActivitySummaryLocked: mWakefulness=Awake, mUserActivitySummary=0x4, nextTimeout=365551448 (462579 ms ago)
I/PlayCommon(11536): [60948] com.google.android.play.a.h.a(531): Successfully uploaded logs.
D/audio_hw_extn(14531): audio_extn_get_parameters: returns 
V/msm8974_platform(14531): platform_get_parameters: exit: returns - 
V/audio_hw_primary(14531): adev_get_parameters: exit: returns - 
I/str_params(14531): key: 'isSwIrrc' value: ''
V/sensors_hal_Light(  967): processReportInd: 0 0.000000
D/PhoneUtils( 1774): getSubIdUsingSlotId() slotId:0 -> subId:2
I/[SystemUI]StatusBar.NetworkController( 1479): onSignalStrengthsChanged signalStrength=SignalStrength: 99 0 -120 -160 -120 -1 -1 14 -114 -9 81 2147483647 2147483647 gsm|lte 14 0 level=2
D/TelephonyIcons( 1479): updateDataType sub=0, type=13, inetCondition=1 showAtLeast3G=false show4GforLte=true hspaDistinguishable=true
D/TelephonyIcons( 1479): data type item name: array/telephony_data_type_sim1
D/TelephonyIcons( 1479): data type item id: 2131230724
D/PhoneInterfaceManager( 1774): [PhoneIntfMgr] mSigLevel = 2
D/TelephonyIcons( 1479): updateDataType mSelectedDataTypeIcon[0]=2130839077, mSelectedDataActivityIndex=5
D/PhoneUtils( 1774): getSubIdUsingSlotId() slotId:0 -> subId:2
V/TelecomServiceImpl( 1774): getCallState : 0
I/[SystemUI]StatusBar.NetworkController( 1479): refreshViews 1 connected={ data } level=2 mobileLabel=3 DK|Oister wifiLabel= emergencyOnly=false
I/[SystemUI]StatusBar.NetworkController( 1479): refreshViews 2  mPhoneSignalIconId=com.android.systemui:drawable/stat_sys_signal_bar5_2_fully mDataSignalIconId=com.android.systemui:drawable/stat_sys_signal_bar5_2_fully mDataTypeIconId=(null) mDataActivity=4 mLGNetworkController.mLGDataTypeIconId=com.android.systemui:drawable/stat_sys_data_connected_default_4g mLGNetworkController.mLGDataActivityIconId=com.android.systemui:drawable/stat_sys_data_connected_default
I/[SystemUI]StatusBar.NetworkController( 1479): refreshViews 3  mAirplaneMode=false mNoSimIconId=(null) mWifiIconId=(null) mWifiActivityIconId=com.android.systemui:drawable/stat_sys_wifi_inout
D/audio_hw_extn(14531): audio_extn_get_parameters: returns 
V/msm8974_platform(14531): platform_get_parameters: exit: returns - 
V/audio_hw_primary(14531): adev_get_parameters: exit: returns - 
I/str_params(14531): key: 'isSwIrrc' value: ''
D/PhoneUtils( 1774): getSubIdUsingSlotId() slotId:0 -> subId:2
I/SensorManager( 2285): removeAllSensors() [Sensor: LGE Accelerometer] by amro.a():2
D/sensors_hal_SMGR(  967): batch:sensor(android.sensor.accelerometer) sample_rate=15Hz report_rate_f=0.000000Hz curr sample rate:50 cur rpt rate:0 max:120.000000 min:1.000000
D/sensors_hal_SMGR(  967): SMGRReportAdd: Received Response: 0
V/AlarmManager(  967): ELAPSED_WAKEUP set : Alarm{3c2dd046 type 2 when 1532791299 com.google.android.gms} when 1532791299
D/audio_hw_extn(14531): audio_extn_get_parameters: returns 
V/msm8974_platform(14531): platform_get_parameters: exit: returns - 
V/audio_hw_primary(14531): adev_get_parameters: exit: returns - 
I/str_params(14531): key: 'isSwIrrc' value: ''
D/PhoneUtils( 1774): getSubIdUsingSlotId() slotId:0 -> subId:2
I/SensorManager( 2285): registerListenerImpl() [Sensor: LGE Accelerometer, Rate: 20000, SensorEventListener: amsv@33128de] by amro.a():3
D/sensors_hal_SMGR(  967): batch:sensor(android.sensor.accelerometer) sample_rate=50Hz report_rate_f=0.000000Hz curr sample rate:15 cur rpt rate:0 max:120.000000 min:1.000000
D/sensors_hal_SMGR(  967): SMGRReportAdd: Received Response: 0
I/sensors_hal_Ctx(  967): flush: handle is 0
D/sensors_hal_SMGR(  967): flush: handle 0 is not batching
D/sensors_hal(  967): flushSendCmplt: handle=0
D/sensors_hal_Ctx(  967): poll:polldata:1, sensor:0, type:0, x:0.000000 y:0.000000 z:-0.000000
D/audio_hw_extn(14531): audio_extn_get_parameters: returns 
V/msm8974_platform(14531): platform_get_parameters: exit: returns - 
V/audio_hw_primary(14531): adev_get_parameters: exit: returns - 
I/str_params(14531): key: 'isSwIrrc' value: ''
D/PhoneUtils( 1774): getSubIdUsingSlotId() slotId:0 -> subId:2
D/audio_hw_extn(14531): audio_extn_get_parameters: returns 
V/msm8974_platform(14531): platform_get_parameters: exit: returns - 
V/audio_hw_primary(14531): adev_get_parameters: exit: returns - 
I/str_params(14531): key: 'isSwIrrc' value: ''
D/PhoneUtils( 1774): getSubIdUsingSlotId() slotId:0 -> subId:2
I/SensorManager( 2285): removeAllSensors() [Sensor: LGE Accelerometer] by amro.a():2
D/sensors_hal_SMGR(  967): batch:sensor(android.sensor.accelerometer) sample_rate=15Hz report_rate_f=0.000000Hz curr sample rate:50 cur rpt rate:0 max:120.000000 min:1.000000
D/sensors_hal_SMGR(  967): SMGRReportAdd: Received Response: 0
V/AlarmManager(  967): ELAPSED_WAKEUP set : Alarm{311b3207 type 2 when 1532792892 com.google.android.gms} when 1532792892
I/SensorManager( 2285): registerListenerImpl() [Sensor: LGE Accelerometer, Rate: 20000, SensorEventListener: amsv@e17658c] by amro.a():3
D/sensors_hal_SMGR(  967): batch:sensor(android.sensor.accelerometer) sample_rate=50Hz report_rate_f=0.000000Hz curr sample rate:15 cur rpt rate:0 max:120.000000 min:1.000000
D/sensors_hal_SMGR(  967): SMGRReportAdd: Received Response: 0
I/sensors_hal_Ctx(  967): flush: handle is 0
D/sensors_hal_SMGR(  967): flush: handle 0 is not batching
D/sensors_hal(  967): flushSendCmplt: handle=0
D/sensors_hal_Ctx(  967): poll:polldata:1, sensor:0, type:0, x:0.000000 y:0.000000 z:-0.000000
D/audio_hw_extn(14531): audio_extn_get_parameters: returns 
V/msm8974_platform(14531): platform_get_parameters: exit: returns - 
V/audio_hw_primary(14531): adev_get_parameters: exit: returns - 
I/str_params(14531): key: 'isSwIrrc' value: ''
D/PhoneUtils( 1774): getSubIdUsingSlotId() slotId:0 -> subId:2
D/audio_hw_extn(14531): audio_extn_get_parameters: returns 
V/msm8974_platform(14531): platform_get_parameters: exit: returns - 
V/audio_hw_primary(14531): adev_get_parameters: exit: returns - 
I/str_params(14531): key: 'isSwIrrc' value: ''
D/PhoneUtils( 1774): getSubIdUsingSlotId() slotId:0 -> subId:2
D/audio_hw_extn(14531): audio_extn_get_parameters: returns 
V/msm8974_platform(14531): platform_get_parameters: exit: returns - 
V/audio_hw_primary(14531): adev_get_parameters: exit: returns - 
I/str_params(14531): key: 'isSwIrrc' value: ''
D/PhoneUtils( 1774): getSubIdUsingSlotId() slotId:0 -> subId:2
I/SensorManager( 2285): removeAllSensors() [Sensor: LGE Accelerometer] by amro.a():2
D/sensors_hal_SMGR(  967): batch:sensor(android.sensor.accelerometer) sample_rate=15Hz report_rate_f=0.000000Hz curr sample rate:50 cur rpt rate:0 max:120.000000 min:1.000000
D/sensors_hal_SMGR(  967): SMGRReportAdd: Received Response: 0
V/AlarmManager(  967): ELAPSED_WAKEUP set : Alarm{2a3c9f34 type 2 when 1532794467 com.google.android.gms} when 1532794467
I/SensorManager( 2285): registerListenerImpl() [Sensor: LGE Accelerometer, Rate: 20000, SensorEventListener: amsv@2a9b4e78] by amro.a():3
D/sensors_hal_SMGR(  967): batch:sensor(android.sensor.accelerometer) sample_rate=50Hz report_rate_f=0.000000Hz curr sample rate:15 cur rpt rate:0 max:120.000000 min:1.000000
D/sensors_hal_SMGR(  967): SMGRReportAdd: Received Response: 0
I/sensors_hal_Ctx(  967): flush: handle is 0
D/sensors_hal_SMGR(  967): flush: handle 0 is not batching
D/sensors_hal(  967): flushSendCmplt: handle=0
D/sensors_hal_Ctx(  967): poll:polldata:1, sensor:0, type:0, x:0.000000 y:0.000000 z:-0.000000
D/audio_hw_extn(14531): audio_extn_get_parameters: returns 
V/msm8974_platform(14531): platform_get_parameters: exit: returns - 
V/audio_hw_primary(14531): adev_get_parameters: exit: returns - 
I/str_params(14531): key: 'isSwIrrc' value: ''
D/PhoneUtils( 1774): getSubIdUsingSlotId() slotId:0 -> subId:2
D/audio_hw_extn(14531): audio_extn_get_parameters: returns 
V/msm8974_platform(14531): platform_get_parameters: exit: returns - 
V/audio_hw_primary(14531): adev_get_parameters: exit: returns - 
I/str_params(14531): key: 'isSwIrrc' value: ''
D/PhoneUtils( 1774): getSubIdUsingSlotId() slotId:0 -> subId:2
D/audio_hw_extn(14531): audio_extn_get_parameters: returns 
V/msm8974_platform(14531): platform_get_parameters: exit: returns - 
V/audio_hw_primary(14531): adev_get_parameters: exit: returns - 
I/str_params(14531): key: 'isSwIrrc' value: ''
D/PhoneUtils( 1774): getSubIdUsingSlotId() slotId:0 -> subId:2
I/SensorManager( 2285): removeAllSensors() [Sensor: LGE Accelerometer] by amro.a():2
D/sensors_hal_SMGR(  967): batch:sensor(android.sensor.accelerometer) sample_rate=15Hz report_rate_f=0.000000Hz curr sample rate:50 cur rpt rate:0 max:120.000000 min:1.000000
D/sensors_hal_SMGR(  967): SMGRReportAdd: Received Response: 0
I/[SystemUI]StatusBar.NetworkController( 1479): onSignalStrengthsChanged signalStrength=SignalStrength: 99 0 -120 -160 -120 -1 -1 14 -115 -10 74 2147483647 2147483647 gsm|lte 14 0 level=1
D/TelephonyIcons( 1479): updateDataType sub=0, type=13, inetCondition=1 showAtLeast3G=false show4GforLte=true hspaDistinguishable=true
D/TelephonyIcons( 1479): data type item name: array/telephony_data_type_sim1
D/TelephonyIcons( 1479): data type item id: 2131230724
D/TelephonyIcons( 1479): updateDataType mSelectedDataTypeIcon[0]=2130839077, mSelectedDataActivityIndex=5
D/PhoneInterfaceManager( 1774): [PhoneIntfMgr] mSigLevel = 1
V/AlarmManager(  967): ELAPSED_WAKEUP set : Alarm{a89d15d type 2 when 1532796065 com.google.android.gms} when 1532796065
I/[SystemUI]StatusBar.NetworkController( 1479): refreshViews 1 connected={ data } level=1 mobileLabel=3 DK|Oister wifiLabel= emergencyOnly=false
I/[SystemUI]StatusBar.NetworkController( 1479): refreshViews 2  mPhoneSignalIconId=com.android.systemui:drawable/stat_sys_signal_bar5_1_fully mDataSignalIconId=com.android.systemui:drawable/stat_sys_signal_bar5_1_fully mDataTypeIconId=(null) mDataActivity=4 mLGNetworkController.mLGDataTypeIconId=com.android.systemui:drawable/stat_sys_data_connected_default_4g mLGNetworkController.mLGDataActivityIconId=com.android.systemui:drawable/stat_sys_data_connected_default
I/[SystemUI]StatusBar.NetworkController( 1479): refreshViews 3  mAirplaneMode=false mNoSimIconId=(null) mWifiIconId=(null) mWifiActivityIconId=com.android.systemui:drawable/stat_sys_wifi_inout
D/PhoneUtils( 1774): getSubIdUsingSlotId() slotId:0 -> subId:2
V/TelecomServiceImpl( 1774): getCallState : 0
I/SensorManager( 2285): registerListenerImpl() [Sensor: LGE Accelerometer, Rate: 20000, SensorEventListener: amsv@12b375b6] by amro.a():3
D/sensors_hal_SMGR(  967): batch:sensor(android.sensor.accelerometer) sample_rate=50Hz report_rate_f=0.000000Hz curr sample rate:15 cur rpt rate:0 max:120.000000 min:1.000000
D/sensors_hal_SMGR(  967): SMGRReportAdd: Received Response: 0
I/sensors_hal_Ctx(  967): flush: handle is 0
D/sensors_hal_SMGR(  967): flush: handle 0 is not batching
D/sensors_hal(  967): flushSendCmplt: handle=0
D/sensors_hal_Ctx(  967): poll:polldata:1, sensor:0, type:0, x:0.000000 y:0.000000 z:-0.000000
D/audio_hw_extn(14531): audio_extn_get_parameters: returns 
V/msm8974_platform(14531): platform_get_parameters: exit: returns - 
V/audio_hw_primary(14531): adev_get_parameters: exit: returns - 
I/str_params(14531): key: 'isSwIrrc' value: ''
D/PhoneUtils( 1774): getSubIdUsingSlotId() slotId:0 -> subId:2
D/audio_hw_extn(14531): audio_extn_get_parameters: returns 
V/msm8974_platform(14531): platform_get_parameters: exit: returns - 
V/audio_hw_primary(14531): adev_get_parameters: exit: returns - 
I/str_params(14531): key: 'isSwIrrc' value: ''
D/PhoneUtils( 1774): getSubIdUsingSlotId() slotId:0 -> subId:2
D/audio_hw_extn(14531): audio_extn_get_parameters: returns 
V/msm8974_platform(14531): platform_get_parameters: exit: returns - 
V/audio_hw_primary(14531): adev_get_parameters: exit: returns - 
I/str_params(14531): key: 'isSwIrrc' value: ''
D/PhoneUtils( 1774): getSubIdUsingSlotId() slotId:0 -> subId:2
I/SensorManager( 2285): removeAllSensors() [Sensor: LGE Accelerometer] by amro.a():2
D/sensors_hal_SMGR(  967): batch:sensor(android.sensor.accelerometer) sample_rate=15Hz report_rate_f=0.000000Hz curr sample rate:50 cur rpt rate:0 max:120.000000 min:1.000000
D/sensors_hal_SMGR(  967): SMGRReportAdd: Received Response: 0
V/AlarmManager(  967): ELAPSED_WAKEUP set : Alarm{566aad2 type 2 when 1532797707 com.google.android.gms} when 1532797707
I/SensorManager( 2285): registerListenerImpl() [Sensor: LGE Accelerometer, Rate: 20000, SensorEventListener: amsv@1d72da24] by amro.a():3
D/sensors_hal_SMGR(  967): batch:sensor(android.sensor.accelerometer) sample_rate=50Hz report_rate_f=0.000000Hz curr sample rate:15 cur rpt rate:0 max:120.000000 min:1.000000
D/sensors_hal_SMGR(  967): SMGRReportAdd: Received Response: 0
I/sensors_hal_Ctx(  967): flush: handle is 0
D/sensors_hal_SMGR(  967): flush: handle 0 is not batching
D/sensors_hal(  967): flushSendCmplt: handle=0
D/sensors_hal_Ctx(  967): poll:polldata:1, sensor:0, type:0, x:0.000000 y:0.000000 z:-0.000000
D/audio_hw_extn(14531): audio_extn_get_parameters: returns 
V/msm8974_platform(14531): platform_get_parameters: exit: returns - 
V/audio_hw_primary(14531): adev_get_parameters: exit: returns - 
I/str_params(14531): key: 'isSwIrrc' value: ''
D/PhoneUtils( 1774): getSubIdUsingSlotId() slotId:0 -> subId:2
V/sensors_hal_Light(  967): processReportInd: 0 0.000000
D/audio_hw_extn(14531): audio_extn_get_parameters: returns 
V/msm8974_platform(14531): platform_get_parameters: exit: returns - 
V/audio_hw_primary(14531): adev_get_parameters: exit: returns - 
I/str_params(14531): key: 'isSwIrrc' value: ''
D/PhoneUtils( 1774): getSubIdUsingSlotId() slotId:0 -> subId:2
D/audio_hw_extn(14531): audio_extn_get_parameters: returns 
V/msm8974_platform(14531): platform_get_parameters: exit: returns - 
V/audio_hw_primary(14531): adev_get_parameters: exit: returns - 
I/str_params(14531): key: 'isSwIrrc' value: ''
D/PhoneUtils( 1774): getSubIdUsingSlotId() slotId:0 -> subId:2
I/SensorManager( 2285): removeAllSensors() [Sensor: LGE Accelerometer] by amro.a():2
D/sensors_hal_SMGR(  967): batch:sensor(android.sensor.accelerometer) sample_rate=15Hz report_rate_f=0.000000Hz curr sample rate:50 cur rpt rate:0 max:120.000000 min:1.000000
D/sensors_hal_SMGR(  967): SMGRReportAdd: Received Response: 0
V/AlarmManager(  967): ELAPSED_WAKEUP set : Alarm{52ee7a3 type 2 when 1532799295 com.google.android.gms} when 1532799295
I/SensorManager( 2285): registerListenerImpl() [Sensor: LGE Accelerometer, Rate: 20000, SensorEventListener: amsv@11f93742] by amro.a():3
D/sensors_hal_SMGR(  967): batch:sensor(android.sensor.accelerometer) sample_rate=50Hz report_rate_f=0.000000Hz curr sample rate:15 cur rpt rate:0 max:120.000000 min:1.000000
D/sensors_hal_SMGR(  967): SMGRReportAdd: Received Response: 0
I/sensors_hal_Ctx(  967): flush: handle is 0
D/sensors_hal_SMGR(  967): flush: handle 0 is not batching
D/sensors_hal(  967): flushSendCmplt: handle=0
D/sensors_hal_Ctx(  967): poll:polldata:1, sensor:0, type:0, x:0.000000 y:0.000000 z:-0.000000
D/audio_hw_extn(14531): audio_extn_get_parameters: returns 
V/msm8974_platform(14531): platform_get_parameters: exit: returns - 
V/audio_hw_primary(14531): adev_get_parameters: exit: returns - 
I/str_params(14531): key: 'isSwIrrc' value: ''
D/PhoneUtils( 1774): getSubIdUsingSlotId() slotId:0 -> subId:2
D/audio_hw_extn(14531): audio_extn_get_parameters: returns 
V/msm8974_platform(14531): platform_get_parameters: exit: returns - 
V/audio_hw_primary(14531): adev_get_parameters: exit: returns - 
I/str_params(14531): key: 'isSwIrrc' value: ''
D/PhoneUtils( 1774): getSubIdUsingSlotId() slotId:0 -> subId:2
D/audio_hw_extn(14531): audio_extn_get_parameters: returns 
V/msm8974_platform(14531): platform_get_parameters: exit: returns - 
V/audio_hw_primary(14531): adev_get_parameters: exit: returns - 
I/str_params(14531): key: 'isSwIrrc' value: ''
D/PhoneUtils( 1774): getSubIdUsingSlotId() slotId:0 -> subId:2
I/SensorManager( 2285): removeAllSensors() [Sensor: LGE Accelerometer] by amro.a():2
D/sensors_hal_SMGR(  967): batch:sensor(android.sensor.accelerometer) sample_rate=15Hz report_rate_f=0.000000Hz curr sample rate:50 cur rpt rate:0 max:120.000000 min:1.000000
D/sensors_hal_SMGR(  967): SMGRReportAdd: Received Response: 0
V/AlarmManager(  967): ELAPSED_WAKEUP set : Alarm{a9e7aa0 type 2 when 1532800888 com.google.android.gms} when 1532800888
I/SensorManager( 2285): registerListenerImpl() [Sensor: LGE Accelerometer, Rate: 20000, SensorEventListener: amsv@1a157490] by amro.a():3
D/sensors_hal_SMGR(  967): batch:sensor(android.sensor.accelerometer) sample_rate=50Hz report_rate_f=0.000000Hz curr sample rate:15 cur rpt rate:0 max:120.000000 min:1.000000
D/sensors_hal_SMGR(  967): SMGRReportAdd: Received Response: 0
I/sensors_hal_Ctx(  967): flush: handle is 0
D/sensors_hal_SMGR(  967): flush: handle 0 is not batching
D/sensors_hal(  967): flushSendCmplt: handle=0
D/sensors_hal_Ctx(  967): poll:polldata:1, sensor:0, type:0, x:0.000000 y:0.000000 z:-0.000000
D/audio_hw_extn(14531): audio_extn_get_parameters: returns 
V/msm8974_platform(14531): platform_get_parameters: exit: returns - 
V/audio_hw_primary(14531): adev_get_parameters: exit: returns - 
I/str_params(14531): key: 'isSwIrrc' value: ''
D/PhoneUtils( 1774): getSubIdUsingSlotId() slotId:0 -> subId:2
D/audio_hw_extn(14531): audio_extn_get_parameters: returns 
V/msm8974_platform(14531): platform_get_parameters: exit: returns - 
V/audio_hw_primary(14531): adev_get_parameters: exit: returns - 
I/str_params(14531): key: 'isSwIrrc' value: ''
D/PhoneUtils( 1774): getSubIdUsingSlotId() slotId:0 -> subId:2
D/audio_hw_extn(14531): audio_extn_get_parameters: returns 
V/msm8974_platform(14531): platform_get_parameters: exit: returns - 
V/audio_hw_primary(14531): adev_get_parameters: exit: returns - 
I/str_params(14531): key: 'isSwIrrc' value: ''
D/PhoneUtils( 1774): getSubIdUsingSlotId() slotId:0 -> subId:2
I/SensorManager( 2285): removeAllSensors() [Sensor: LGE Accelerometer] by amro.a():2
D/sensors_hal_SMGR(  967): batch:sensor(android.sensor.accelerometer) sample_rate=15Hz report_rate_f=0.000000Hz curr sample rate:50 cur rpt rate:0 max:120.000000 min:1.000000
D/sensors_hal_SMGR(  967): SMGRReportAdd: Received Response: 0
V/AlarmManager(  967): ELAPSED_WAKEUP set : Alarm{6972659 type 2 when 1532802480 com.google.android.gms} when 1532802480
I/SensorManager( 2285): registerListenerImpl() [Sensor: LGE Accelerometer, Rate: 20000, SensorEventListener: amsv@11e7858e] by amro.a():3
D/sensors_hal_SMGR(  967): batch:sensor(android.sensor.accelerometer) sample_rate=50Hz report_rate_f=0.000000Hz curr sample rate:15 cur rpt rate:0 max:120.000000 min:1.000000
D/sensors_hal_SMGR(  967): SMGRReportAdd: Received Response: 0
I/sensors_hal_Ctx(  967): flush: handle is 0
D/sensors_hal_SMGR(  967): flush: handle 0 is not batching
D/sensors_hal(  967): flushSendCmplt: handle=0
D/sensors_hal_Ctx(  967): poll:polldata:1, sensor:0, type:0, x:0.000000 y:0.000000 z:-0.000000
D/AndroidRuntime( 8655): 
D/AndroidRuntime( 8655): >>>>>> AndroidRuntime START com.android.internal.os.RuntimeInit <<<<<<
D/AndroidRuntime( 8655): CheckJNI is OFF
V/sensors_hal_Light(  967): processReportInd: 0 0.000000
D/audio_hw_extn(14531): audio_extn_get_parameters: returns 
V/msm8974_platform(14531): platform_get_parameters: exit: returns - 
V/audio_hw_primary(14531): adev_get_parameters: exit: returns - 
I/str_params(14531): key: 'isSwIrrc' value: ''
D/PhoneUtils( 1774): getSubIdUsingSlotId() slotId:0 -> subId:2
D/AndroidRuntime( 8655): Calling main entry com.android.commands.am.Am
I/ActivityManager(  967): START u0 {flg=0x10000000 cmp=org.libsdl.app/.SDLActivity} from uid 2000 on display 0
D/ActivityManager(  967): setTaskToReturnTo : TaskRecord{1de0a21e #875 A=org.libsdl.app U=0 sz=0} / mTaskToReturnTo = 1
D/ActivityManager(  967): setTaskToReturnTo : TaskRecord{1de0a21e #875 A=org.libsdl.app U=0 sz=0} / mTaskToReturnTo = 1
D/WindowStateEx(  967): AppWindowTokenEx init.. 
D/ContextHelper(  967): convertTheme. context->name=org.libsdl.app themeResourceId=16973831
D/SplitWindow(  967): check instance of lgWin Window{3370c22a u0 Starting org.libsdl.app}
I/[LGHome]EVENT( 1919): [Launcher.java:987:onPause()]onPause
D/AndroidRuntime( 8655): Shutting down VM
D/ContextHelper( 8160): convertTheme. context->name=org.libsdl.app themeResourceId=16973831
V/SDL     ( 8160): Device: g2
V/SDL     ( 8160): Model: LG-D802
V/SDL     ( 8160): onCreate(): null
V/SDL     ( 8160): onResume()
D/SplitWindow(  967): check instance of lgWin Window{22d64791 u0 org.libsdl.app/org.libsdl.app.SDLActivity}
D/libc-netbsd(25151): [getaddrinfo]: hostname=xxxxx; servname=(null); cache_mode=(null), netid=0; mark=0
D/libc-netbsd(25151): [getaddrinfo]: ai_addrlen=0; ai_canonname=xxxxx; ai_flags=1024; ai_family=2
E/BandwidthController(  325): [LG DATA] No such appUid: 10060
D/DnsProxyListener(  325): [LG DATA] App 10060 tries DNS query...Accept...family:2 protocol:0
D/libc-netbsd(  325): [getaddrinfo]: hostname=xxxxx; servname=(null); cache_mode=local, netid=903; mark=918407
D/libc-netbsd(  325): [getaddrinfo]: ai_addrlen=0; ai_canonname=xxxxx; ai_flags=1024; ai_family=2
D/libc-netbsd(  325): res_queryN name = xxxxx, class = 1, type = 1
I/WindowStateAnimator(  967): Starting window displayed
I/SystemUI[Framework](  967): PhoneWindowManager.updateSystemUiVisibilityLw() :visibility=0x600, pkg=com.android.systemui
W/PhoneWindowManagerEx(  967): Call!!!getLGSystemUiVisibility. =0x0
D/StatusBarManagerServiceEx(  967): setLGSystemUiVisibility(0x0)
D/StatusBarManagerServiceEx(  967): manageNaviBtnDisableList userId=0 what=0x0 pkg=WindowManager.LayoutParams
I/SystemUI[Framework](  967): ==>disabledNaviBtn() what=0x0, token=android.os.Binder@da6f841,  pkg=WindowManager.LayoutParams
I/SystemUI[Framework](  967): disableNaviBtn: mDisabledNaviBtn=0x0,  mDisableRecords.size=0
D/PhoneStatusBar( 1479): setSystemUiVisibility vis=600 mask=ffffffff oldVal=8600 newVal=600 diff=8000
I/[SystemUI]NavigationThemeResource( 1479): NavigationKey Color is changed(WHITE_WITH_SHADOW -> BLACK)
I/[SystemUI]NavigationThemeResource( 1479):  BarMode=0, Theme=WHITE, LightBackground=false (Transparent)
I/[SystemUI]NavigationThemeResource( 1479): , Keyguard show=false, IME shown=false, Panel expanded=true
D/SplitWindow(  967): check instance of lgWin Window{3a4157c9 u0 SurfaceView}
I/[SystemUI]StatusBarExpansionState( 1479): status bar expansion is changed to collapsed
I/[SystemUI]StatusBarExpansionState( 1479): sending ACTION_STATUS_BAR_COLLAPSED
V/SDL     ( 8160): surfaceCreated()
V/SDL     ( 8160): surfaceChanged()
V/SDL     ( 8160): pixel format RGB_565
V/SDL     ( 8160): Window size: 1080x1776
I/LGShortcutManager(  967): onReceive action : com.lge.statusbar.collapsed
I/SensorManager( 8160): registerListenerImpl() [Sensor: LGE Accelerometer, Rate: 20000, SensorEventListener: org.libsdl.app.SDLSurface{33288a9c VFE..... .F....ID 0,0-1080,1776}] by org.libsdl.app.SDLSurface.enableSensor():1376
I/sensors_hal_Ctx(  967): flush: handle is 0
I/SDL     ( 8160): SDL_Android_Init()
I/SDL     ( 8160): SDL_Android_Init() finished!
D/SplitWindow(  967): check instance of lgWin Window{26aa01ef u0 SearchPanel}
D/PhoneStatusBar( 1479): disable: < expand icons* alerts system_info* back home recent clock search >
D/PhoneUtils( 1774): getSubIdUsingSlotId() slotId:0 -> subId:2
V/TelecomServiceImpl( 1774): getCallState : 0
D/PhoneInterfaceManager( 1774): [PhoneIntfMgr] mSigLevel = 2
D/InputDispatcher(  967): Focus left window: Window{2ee29c44 u0 StatusBar}
V/SDL     ( 8160): onPause()
V/SDL     ( 8160): nativePause()
I/SensorManager( 8160): unregisterListenerImpl() [Sensor: LGE Accelerometer, SensorEventListener: org.libsdl.app.SDLSurface{33288a9c VFE..... .F....I. 0,0-1080,1776}] by org.libsdl.app.SDLSurface.enableSensor():1380
D/sensors_hal_SMGR(  967): batch:sensor(android.sensor.accelerometer) sample_rate=50Hz report_rate_f=0.000000Hz curr sample rate:50 cur rpt rate:0 max:120.000000 min:1.000000
D/libc-netbsd(  325): res_queryN name = xxxxx succeed
D/InputDispatcher(  967): Window went away: Window{e52fe33 u0 SearchPanel}
W/[LGHome]LGWallpaperInfo( 1919): [LGWallpaperInfo.java:75:loadWallpaperScrollTypeFromSystemPref()]failed parsing java.io.FileNotFoundException: /data/system/wallpaper_prefs.xml: open failed: ENOENT (No such file or directory)
D/WallpaperManager( 1919): suggestDesiredDimensions(2160, 1920) by package(com.lge.launcher2)
I/[SystemUI]StatusBar.NetworkController( 1479): onSignalStrengthsChanged signalStrength=SignalStrength: 99 0 -120 -160 -120 -1 -1 16 -111 -11 24 2147483647 2147483647 gsm|lte 14 0 level=2
D/TelephonyIcons( 1479): updateDataType sub=0, type=13, inetCondition=1 showAtLeast3G=false show4GforLte=true hspaDistinguishable=true
D/TelephonyIcons( 1479): data type item name: array/telephony_data_type_sim1
D/TelephonyIcons( 1479): data type item id: 2131230724
D/TelephonyIcons( 1479): updateDataType mSelectedDataTypeIcon[0]=2130839077, mSelectedDataActivityIndex=5
I/[SystemUI]StatusBar.NetworkController( 1479): refreshViews 1 connected={ data } level=2 mobileLabel=3 DK|Oister wifiLabel= emergencyOnly=false
I/[SystemUI]StatusBar.NetworkController( 1479): refreshViews 2  mPhoneSignalIconId=com.android.systemui:drawable/stat_sys_signal_bar5_2_fully mDataSignalIconId=com.android.systemui:drawable/stat_sys_signal_bar5_2_fully mDataTypeIconId=(null) mDataActivity=4 mLGNetworkController.mLGDataTypeIconId=com.android.systemui:drawable/stat_sys_data_connected_default_4g mLGNetworkController.mLGDataActivityIconId=com.android.systemui:drawable/stat_sys_data_connected_default
I/[SystemUI]StatusBar.NetworkController( 1479): refreshViews 3  mAirplaneMode=false mNoSimIconId=(null) mWifiIconId=(null) mWifiActivityIconId=com.android.systemui:drawable/stat_sys_wifi_inout
I/SystemUI[Framework](  967): PhoneWindowManager.updateSystemUiVisibilityLw() :visibility=0x600, pkg=com.lge.launcher2
W/PhoneWindowManagerEx(  967): Call!!!getLGSystemUiVisibility. =0x0
D/StatusBarManagerServiceEx(  967): setLGSystemUiVisibility(0x0)
D/StatusBarManagerServiceEx(  967): manageNaviBtnDisableList userId=0 what=0x0 pkg=WindowManager.LayoutParams
I/SystemUI[Framework](  967): ==>disabledNaviBtn() what=0x0, token=android.os.Binder@da6f841,  pkg=WindowManager.LayoutParams
I/SystemUI[Framework](  967): disableNaviBtn: mDisabledNaviBtn=0x0,  mDisableRecords.size=0
D/InputDispatcher(  967): Focus entered window: Window{eabe514 u0 com.lge.launcher2/com.lge.launcher2.Launcher}
I/SystemUI[Framework](  967): PhoneWindowManager.updateSystemUiVisibilityLw() :visibility=0x8600, pkg=com.lge.launcher2
W/PhoneWindowManagerEx(  967): Call!!!getLGSystemUiVisibility. =0x0
D/StatusBarManagerServiceEx(  967): setLGSystemUiVisibility(0x0)
D/StatusBarManagerServiceEx(  967): manageNaviBtnDisableList userId=0 what=0x0 pkg=WindowManager.LayoutParams
I/SystemUI[Framework](  967): ==>disabledNaviBtn() what=0x0, token=android.os.Binder@da6f841,  pkg=WindowManager.LayoutParams
I/SystemUI[Framework](  967): disableNaviBtn: mDisabledNaviBtn=0x0,  mDisableRecords.size=0
D/PhoneStatusBar( 1479): setSystemUiVisibility vis=8600 mask=ffffffff oldVal=600 newVal=8600 diff=8000
I/[SystemUI]NavigationThemeResource( 1479): NavigationKey Color is changed(BLACK -> WHITE_WITH_SHADOW)
I/[SystemUI]NavigationThemeResource( 1479):  BarMode=4, Theme=WHITE, LightBackground=false (Transparent)
I/[SystemUI]NavigationThemeResource( 1479): , Keyguard show=false, IME shown=false, Panel expanded=false
I/[LGHome]EVENT( 1919): [Launcher.java:776:onResume()]onResume
V/SDL     ( 8160): surfaceDestroyed()
I/[LGHome]LGActivityUtil( 1919): [LGActivityUtil.java:319:notifyToWeatherWidget()]broadcast to weather widget, intent: Intent { act=com.lge.launcher2.RESUME }
I/[LGHome]EVENT( 1919): [Launcher.java:929:onResume()]onResume end
D/WeatherAncestor(10464): 2 : onReceive, action: com.lge.launcher2.RESUME, Time(hour:min:sec) 12:49:33
D/UpdateThreadPoolManager(10464): 2 : This is isUpdating : false
D/WeatherQuickCover(10464): 2 : quick cover state : opened : -1
D/WeatherService(10464): 2 : shouldTimeTickRegistered - 4x2 : 0, FphWidget : 0
D/WeatherService(10464): 2 : shouldTimeTickRegistered : false
D/WeatherAncestor(10464): 2 : onReceive has processed, action: com.lge.launcher2.RESUME, Time(hour:min:sec) 12:49:33
D/WeatherService(10464): 2 : onStartCommand, intent!=null, action: com.lge.launcher2.RESUME
D/WeatherQuickCover(10464): 2 : quick cover state : opened : -1
W/ActivityManager(  967): getTasks: caller 10089 does not hold GET_TASKS; limiting output
D/Weather.Utils(10464): 2 : Utils getTopActivity com.lge.launcher2 / true
D/WeatherService(10464): 2 : shouldTimeTickRegistered - 4x2 : 0, FphWidget : 0
D/WeatherService(10464): 2 : shouldTimeTickRegistered : false
I/[LGHome]EVENT( 1919): [Launcher.java:5698:onWindowFocusChanged()]onWindowFocusChanged() hasFocus true
I/PhoneWindow( 1919): [setNavigationBarColor] color=0x 0
W/InputMethodManagerService(  967): Window already focused, ignoring focus gain of: com.android.internal.view.IInputMethodClient$Stub$Proxy@3c52c539 attribute=null, token = android.os.BinderProxy@35066367
I/Timeline( 1919): Timeline: Activity_idle id: android.os.BinderProxy@35f862d5 time:366027532
V/SDL     ( 8160): onDestroy()
D/InputDispatcher(  967): Window went away: Window{22d64791 u0 org.libsdl.app/org.libsdl.app.SDLActivity EXITING}
I/Timeline(  967): Timeline: Activity_windows_visible id: ActivityRecord{3a9a72b9 u0 com.lge.launcher2/.Launcher t603} time:366027689
D/PowerService( 1827): isFastChargerType: false, isCharging: true, isFastChargerConnected: false
D/KeyguardUpdateMonitor( 1479): Intent.ACTION_BATTERYEX_CHANGED EXTRA_CHARGING_CURRENT : 0 / EXTRA_HVDCP_TYPE : false
I/[SystemUI]LGPowerUI( 1479): onReceive = com.lge.android.intent.action.BATTERYEX
I/[SystemUI]LGPowerUI( 1479): levelEx = 99, plugTypeEx = 2, WirelessAlignment = 0, chargingCurrent = 0, orientation = PORTRAIT
I/[SystemUI]LGPowerUI( 1479): On Skip Timer : true
D/PowerService( 1827): isFastChargerType: false, isCharging: true, isFastChargerConnected: false
D/KeyguardUpdateMonitor( 1479): Intent.ACTION_BATTERYEX_CHANGED EXTRA_CHARGING_CURRENT : 0 / EXTRA_HVDCP_TYPE : false
I/[SystemUI]LGPowerUI( 1479): onReceive = com.lge.android.intent.action.BATTERYEX
I/[SystemUI]LGPowerUI( 1479): levelEx = 99, plugTypeEx = 2, WirelessAlignment = 0, chargingCurrent = 0, orientation = PORTRAIT
I/[SystemUI]LGPowerUI( 1479): On Skip Timer : true
D/KeyguardUpdateMonitor( 1479): Intent.ACTION_BATTERY_CHANGED status : 2 ,plugged : 2 ,level : 99 ,temperature : 305
I/[SystemUI]LGPowerUI( 1479): onReceive = android.intent.action.BATTERY_CHANGED
D/LEDHandler( 1827): ACTION_BATTERY_CHANGED : plugged type=2
I/[SystemUI]LGPowerUI( 1479): level = 99, plugType = 2, plugged = true, mCharging = true, temperature = 355
D/LEDHandler( 1827): Battery Level Remaining: 99%
D/LEDHandler( 1827): Battery Temp: 305, mChargingStatus=2, mChargingStop=false
D/WifiController(  967): battery changed pluggedType: 2
D/WifiApDisableIfNotUsed(  967): ACTION_BATTERY_CHANGED : pluggedType = 2
I/[SystemUI]BatterySaverHandler( 1479): onReceive = android.intent.action.BATTERY_CHANGED
D/WifiController(  967): battery changed pluggedType: 2
D/LEDHandler( 1827): ACTION_BATTERY_CHANGED : plugged type=2
D/LEDHandler( 1827): Battery Level Remaining: 99%
D/LEDHandler( 1827): Battery Temp: 304, mChargingStatus=2, mChargingStop=false
D/WifiApDisableIfNotUsed(  967): ACTION_BATTERY_CHANGED : pluggedType = 2
D/KeyguardUpdateMonitor( 1479): Intent.ACTION_BATTERY_CHANGED status : 2 ,plugged : 2 ,level : 99 ,temperature : 304
I/[SystemUI]LGPowerUI( 1479): onReceive = android.intent.action.BATTERY_CHANGED
I/[SystemUI]LGPowerUI( 1479): level = 99, plugType = 2, plugged = true, mCharging = true, temperature = 354
I/[SystemUI]BatterySaverHandler( 1479): onReceive = android.intent.action.BATTERY_CHANGED
I/SensorManager( 2285): removeAllSensors() [Sensor: LGE Accelerometer] by amro.a():2
D/sensors_hal_SMGR(  967): batch:sensor(android.sensor.accelerometer) sample_rate=15Hz report_rate_f=0.000000Hz curr sample rate:50 cur rpt rate:0 max:120.000000 min:1.000000
D/sensors_hal_SMGR(  967): SMGRReportAdd: Received Response: 0
V/AlarmManager(  967): ELAPSED_WAKEUP set : Alarm{2a6b877e type 2 when 1532804027 com.google.android.gms} when 1532804027
I/SensorManager( 2285): registerListenerImpl() [Sensor: LGE Accelerometer, Rate: 20000, SensorEventListener: amsv@120549bc] by amro.a():3
D/sensors_hal_SMGR(  967): batch:sensor(android.sensor.accelerometer) sample_rate=50Hz report_rate_f=0.000000Hz curr sample rate:15 cur rpt rate:0 max:120.000000 min:1.000000
D/sensors_hal_SMGR(  967): SMGRReportAdd: Received Response: 0
I/sensors_hal_Ctx(  967): flush: handle is 0
D/sensors_hal_SMGR(  967): flush: handle 0 is not batching
D/sensors_hal(  967): flushSendCmplt: handle=0
D/sensors_hal_Ctx(  967): poll:polldata:1, sensor:0, type:0, x:0.000000 y:0.000000 z:-0.000000
I/[LGHome]NumberBadge.LGUnreadLgeEmailsBadge( 1919): [LGUnreadLgeEmailsBadge.java:107:countUnreadItems()]setTotalCount : 0
I/[LGHome]NumberBadge.LGUnreadLgeEmailsBadge( 1919): [LGUnreadLgeEmailsBadge.java:108:countUnreadItems()]countUnreadItems() ended..
I/[LGHome]NumberBadge.LGBroadCastBadge( 1919): [LGBroadCastBadge.java:53:updateBadgeIcon()][updateClassList : com.android.contacts.activities.DialtactsActivity = 1
I/[LGHome]NumberBadge.LGBroadCastBadge( 1919): [LGBroadCastBadge.java:53:updateBadgeIcon()][updateClassList : com.android.mms.ui.ConversationList = 0
I/[LGHome]NumberBadge.LGBroadCastBadge( 1919): [LGBroadCastBadge.java:53:updateBadgeIcon()][updateClassList : com.lge.message.ui.ConversationList = 0
I/[LGHome]NumberBadge.LGBroadCastBadge( 1919): [LGBroadCastBadge.java:53:updateBadgeIcon()][updateClassList : com.android.vending.AssetBrowserActivity = 0
I/[LGHome]NumberBadge.LGBroadCastBadge( 1919): [LGBroadCastBadge.java:53:updateBadgeIcon()][updateClassList : com.lge.message.activity.MainMenuActivity = 0
I/[LGHome]NumberBadge.LGBroadCastBadge( 1919): [LGBroadCastBadge.java:53:updateBadgeIcon()][updateClassList : com.lge.updatecenter.UpdateCenterPrfActivity = 0
W/OpenGLRenderer( 1919): Incorrectly called buildLayer on View: ShortcutAndWidgetContainer, destroying layer...
W/OpenGLRenderer( 1919): Incorrectly called buildLayer on View: ShortcutAndWidgetContainer, destroying layer...
W/OpenGLRenderer( 1919): Incorrectly called buildLayer on View: ShortcutAndWidgetContainer, destroying layer...
W/OpenGLRenderer( 1919): Incorrectly called buildLayer on View: ShortcutAndWidgetContainer, destroying layer...
I/SensorManager( 2285): removeAllSensors() [Sensor: LGE Accelerometer] by amro.a():2
D/sensors_hal_SMGR(  967): batch:sensor(android.sensor.accelerometer) sample_rate=15Hz report_rate_f=0.000000Hz curr sample rate:50 cur rpt rate:0 max:120.000000 min:1.000000
D/sensors_hal_SMGR(  967): SMGRReportAdd: Received Response: 0
V/AlarmManager(  967): ELAPSED_WAKEUP set : Alarm{1c8544df type 2 when 1532805608 com.google.android.gms} when 1532805608
I/SensorManager( 2285): registerListenerImpl() [Sensor: LGE Accelerometer, Rate: 20000, SensorEventListener: amsv@75a6c9a] by amro.a():3
D/sensors_hal_SMGR(  967): batch:sensor(android.sensor.accelerometer) sample_rate=50Hz report_rate_f=0.000000Hz curr sample rate:15 cur rpt rate:0 max:120.000000 min:1.000000
D/sensors_hal_SMGR(  967): SMGRReportAdd: Received Response: 0
I/sensors_hal_Ctx(  967): flush: handle is 0
D/sensors_hal_SMGR(  967): flush: handle 0 is not batching
D/sensors_hal(  967): flushSendCmplt: handle=0
D/sensors_hal_Ctx(  967): poll:polldata:1, sensor:0, type:0, x:0.000000 y:0.000000 z:-0.000000
V/sensors_hal_Light(  967): processReportInd: 0 0.000000
