W/ActivityManager(  967): Unable to start service Intent { act=com.lge.mrg.service.intent.action.APPEND_USER_LOG cmp=com.lge.mrg.service/.internal.ActionManagerService (has extras) } U=0: not found
V/MusicBrowser(26584): [MediaPlaybackService.java:seek()] oooooo pos0
V/MediaPlayer[Native](26584): getDuration_l
V/MediaPlayerService(14531): [2146] getDuration = 1203383
V/MusicBrowser(26584): [MediaPlaybackService.java:MultiPlayer.seek()] oooooo whereto0
V/MediaPlayer[Native](26584): seekTo 0
V/MediaPlayerService(14531): [2146] getDuration = 1203383
V/MediaPlayerService(14531): [2146] seekTo(0)
V/AwesomePlayer(14531): seekTo_l() 
V/AwesomePlayer(14531): seekAudioIfNecessary_l() 
V/AwesomePlayer(14531): seeking while paused, sending SEEK_COMPLETE notification immediately.
V/MediaPlayerService(14531): [2146] notify (0xb28259c0, 4, 0, 0)
V/MediaPlayer[Native](26584): message received msg=4, ext1=0, ext2=0
V/MediaPlayer[Native](26584): Received seek complete
V/MediaPlayer[Native](26584): All seeks complete - return to regularly scheduled program
V/MediaPlayer[Native](26584): callback application
V/MediaPlayer[Native](26584): back from callback
V/MediaPlayer[Native](26584): getDuration_l
V/MediaPlayerService(14531): [2146] getDuration = 1203383
V/MediaPlayer[Native](26584): getCurrentPosition
V/MediaPlayerService(14531): [2146] getCurrentPosition = 0
V/MediaPlayer[Native](26584): getDuration_l
V/MediaPlayerService(14531): [2146] getDuration = 1203383
D/MusicBrowser(26584): [MediaPlaybackService.java:reloadQueue()] oooooo restored queue, currently at position 0/1203383 (requested 0)
D/MusicBrowser(26584): [MediaPlaybackService.java:3330:notifyChange()] oooooo {what=com.lge.music.queuechanged}
I/MusicBrowser(26584): [MediaPlaybackService.java:3332:notifyChange()] oooooo 
V/MusicBrowser(26584): [MediaPlaybackService.java:getArtistName()] oooooo artistName : Fyodor Dostoyevsky
V/MusicBrowser(26584): [MediaPlaybackService.java:5942:getAlbumName()] oooooo {albumName : =The Brothers Karamazov}
V/MusicBrowser(26584): [MediaPlaybackService.java:getTrackName()] oooooo trackName : 08 - Book 2 Chapter 3 - Peasant Women Who Have Faith
V/MediaPlayer[Native](26584): getDuration_l
V/MediaPlayerService(14531): [2146] getDuration = 1203383
V/MediaPlayer[Native](26584): getDuration_l
V/MediaPlayerService(14531): [2146] getDuration = 1203383
V/MediaPlayer[Native](26584): getCurrentPosition
V/MediaPlayerService(14531): [2146] getCurrentPosition = 0
D/MusicBrowser(26584): [MediaPlaybackService.java:3362:notifyChange()] oooooo id : 8
D/MusicBrowser(26584): [MediaPlaybackService.java:3363:notifyChange()] oooooo artist : Fyodor Dostoyevsky
D/MusicBrowser(26584): [MediaPlaybackService.java:3364:notifyChange()] oooooo album : The Brothers Karamazov
D/MusicBrowser(26584): [MediaPlaybackService.java:3365:notifyChange()] oooooo track : 08 - Book 2 Chapter 3 - Peasant Women Who Have Faith
D/MusicBrowser(26584): [MediaPlaybackService.java:3366:notifyChange()] oooooo playing : false
V/MediaPlayer[Native](26584): getDuration_l
V/MediaPlayerService(14531): [2146] getDuration = 1203383
D/MusicBrowser(26584): [MediaPlaybackService.java:3367:notifyChange()] oooooo duration() : 1203383
V/MediaPlayer[Native](26584): getDuration_l
V/MediaPlayerService(14531): [2146] getDuration = 1203383
V/MediaPlayer[Native](26584): getCurrentPosition
V/MediaPlayerService(14531): [2146] getCurrentPosition = 0
D/MusicBrowser(26584): [MediaPlaybackService.java:3368:notifyChange()] oooooo position() : 0
D/MusicBrowser(26584): [MediaPlaybackService.java:3369:notifyChange()] oooooo ListSize : 96
I/MusicWidget( 6781): intentReceiver onReceive() action::com.lge.music.queuechanged
I/MusicWidget( 6781): beingMusicWidget_4x2() result::false
I/MusicWidget( 6781): beingMusicWidget_Quick() result::true
I/MusicWidget( 6781): beingMusicWidget_4x1() result::false
I/MusicWidget( 6781): bindToService()
I/MusicBrowser(26584): [MediaPlaybackService.java:2079:saveQueue()] oooooo {full=true}
I/MusicBrowser(26584): [MediaPlaybackService.java:2084:saveQueue()] oooooo mQueueIsSaveable ==>> true  mCardId ==>> -1
D/MusicBrowser(26584): [MediaPlaybackService.java:2164:saveQueue()] oooooo {queue=36;46;56;66;76;86;96;a6;b6;c6;d6;e6;f6;07;17;27;37;47;57;67;77;87;97;a7;b7;c7;d7;e7;f7;08;18;28;38;48;58;68;78;88;98;a8;b8;c8;d8;e8;f8;09;19;29;39;49;59;69;79;89;99;a9;b9;c9;d9;e9;f9;0a;1a;2a;3a;4a;5a;6a;7a;8a;9a;aa;ba;ca;da;ea;fa;0b;1b;2b;3b;4b;5b;6b;7b;8b;9b;ab;bb;cb;db;eb;fb;0c;1c;2c;}
D/MusicBrowser(26584): [MediaPlaybackService.java:2166:saveQueue()] oooooo {mCardId=-1}
D/MusicBrowser(26584): [MediaPlaybackService.java:2201:saveQueue()] oooooo {curpos=7}
V/MediaPlayer[Native](26584): getCurrentPosition
V/MediaPlayerService(14531): [2146] getCurrentPosition = 0
D/MusicBrowser(26584): [MediaPlaybackService.java:3330:notifyChange()] oooooo {what=com.lge.music.metachanged}
I/MusicBrowser(26584): [MediaPlaybackService.java:3332:notifyChange()] oooooo 
V/MusicBrowser(26584): [MediaPlaybackService.java:getArtistName()] oooooo artistName : Fyodor Dostoyevsky
V/MusicBrowser(26584): [MediaPlaybackService.java:5942:getAlbumName()] oooooo {albumName : =The Brothers Karamazov}
V/MusicBrowser(26584): [MediaPlaybackService.java:getTrackName()] oooooo trackName : 08 - Book 2 Chapter 3 - Peasant Women Who Have Faith
V/MediaPlayer[Native](26584): getDuration_l
V/MediaPlayerService(14531): [2146] getDuration = 1203383
V/MediaPlayer[Native](26584): getDuration_l
V/MediaPlayerService(14531): [2146] getDuration = 1203383
V/MediaPlayer[Native](26584): getCurrentPosition
V/MediaPlayerService(14531): [2146] getCurrentPosition = 0
D/MusicBrowser(26584): [MediaPlaybackService.java:3362:notifyChange()] oooooo id : 8
D/MusicBrowser(26584): [MediaPlaybackService.java:3363:notifyChange()] oooooo artist : Fyodor Dostoyevsky
D/MusicBrowser(26584): [MediaPlaybackService.java:3364:notifyChange()] oooooo album : The Brothers Karamazov
D/MusicBrowser(26584): [MediaPlaybackService.java:3365:notifyChange()] oooooo track : 08 - Book 2 Chapter 3 - Peasant Women Who Have Faith
D/MusicBrowser(26584): [MediaPlaybackService.java:3366:notifyChange()] oooooo playing : false
V/MediaPlayer[Native](26584): getDuration_l
V/MediaPlayerService(14531): [2146] getDuration = 1203383
D/MusicBrowser(26584): [MediaPlaybackService.java:3367:notifyChange()] oooooo duration() : 1203383
V/MediaPlayer[Native](26584): getDuration_l
V/MediaPlayerService(14531): [2146] getDuration = 1203383
V/MediaPlayer[Native](26584): getCurrentPosition
V/MediaPlayerService(14531): [2146] getCurrentPosition = 0
D/MusicBrowser(26584): [MediaPlaybackService.java:3368:notifyChange()] oooooo position() : 0
D/MusicBrowser(26584): [MediaPlaybackService.java:3369:notifyChange()] oooooo ListSize : 96
I/MusicWidget( 6781): intentReceiver onReceive() action::com.lge.music.metachanged
I/MusicWidget( 6781): beingMusicWidget_4x2() result::false
I/MusicWidget( 6781): beingMusicWidget_Quick() result::true
I/MusicWidget( 6781): beingMusicWidget_4x1() result::false
I/MusicWidget( 6781): bindToService()
I/MusicBrowser(26584): [MediaPlaybackService.java:3381:notifyChange()] oooooo mRemoteControlClient.editMetadata :: META_CHANGED 
V/MusicBrowser(26584): [MediaPlaybackService.java:getAudioId()] oooooo mPlayList[mPlayPos] = 106
V/MusicBrowser(26584): [MediaPlaybackService.java:getAlbumId()] oooooo albumId : 6
I/MusicBrowser(26584): [MediaPlaybackService.java:9957:run()] oooooo AlbumImageUpdater() run :: Start
I/MusicBrowser(26584): [MediaPlaybackService.java:10009:run()] oooooo AlbumImageUpdater() run :: End
I/MusicBrowser(26584): [MediaPlaybackService.java:2079:saveQueue()] oooooo {full=false}
I/MusicBrowser(26584): [MediaPlaybackService.java:2084:saveQueue()] oooooo mQueueIsSaveable ==>> true  mCardId ==>> -1
D/MusicBrowser(26584): [MediaPlaybackService.java:2201:saveQueue()] oooooo {curpos=7}
V/MediaPlayer[Native](26584): getCurrentPosition
V/MediaPlayerService(14531): [2146] getCurrentPosition = 0
I/MusicBrowser(26584): [HomeCloudUtils.java:431:registerListener()] oooooo registerListener: com.lge.music.MediaPlaybackService$27@1d143559
I/MusicBrowser(26584): [MediaPlaybackService.java:updateGroupIndexData()] oooooo 
I/MusicBrowser(26584): [MediaPlaybackService.java:destroyIndexCountProvider()] oooooo 
I/MusicBrowser(26584): [GroupIndexApi.java:groupingIndexDataProviderStart()] oooooo 
I/MusicBrowser(26584): [GroupingIndexDataProvider.java:101:doInBackground()] oooooo mIsMusicPickerMode = false
I/MusicBrowser(26584): [MusicUtils.java:initNotificationState()] oooooo 
I/MusicBrowser(26584): [MusicUtils.java:isSupportedSystemUiDB()] oooooo isSupported :: false
E/ActivityThread(26584): Failed to find provider info for com.lge.music.Setting
E/MusicBrowser(26584): [MusicUtils.java:8944:initNotificationState()] oooooo initNotificationState ERROR:: java.lang.NullPointerException: Attempt to invoke interface method 'int android.database.Cursor.getCount()' on a null object reference
V/CloudHub(26584): [HELPER][Framework|isAvailable] com.lge.cloudhub: versionName=2.4.1, versionCode=204001, state=0
V/CloudHub(26584): [CLIENT][CloudHubClientFactory|createScheduler] Created scheduler (count=1)
D/MusicBrowser(26584): [MediaPlaybackService.java:1900:sendBroadcastRepeatMode()] oooooo BT send intent mRepeatMode : 0
D/MusicBrowser(26584): [MediaPlaybackService.java:1901:sendBroadcastRepeatMode()] oooooo BT send intent ACTION_SEND_REPEAT_VALUE_CHANGED : 1
D/MusicBrowser(26584): [MediaPlaybackService.java:1889:sendBroadcastShuffleMode()] oooooo BT send intent mShuffleMode : 0
D/MusicBrowser(26584): [MediaPlaybackService.java:1890:sendBroadcastShuffleMode()] oooooo BT send intent ACTION_SEND_SHUFFLE_VALUE_CHANGED : 1
I/MusicBrowser(26584): [MusicUtils.java:10451:isAKACoverSupported()] oooooo aka not support!
I/MusicBrowser(26584): [MediaPlaybackService.java:onBind()] oooooo 
I/MusicWidget( 6781): onServiceConnected()
I/MusicWidget( 6781): setContextAndService()_4x2
I/MusicWidget( 6781): setContextAndService()_4x1
I/MusicWidget( 6781): setContextAndService()_QuickCover
I/MusicWidget( 6781): status::mounted
V/MusicBrowser(26584): [MediaPlaybackService.java:getTrackName()] oooooo trackName : 08 - Book 2 Chapter 3 - Peasant Women Who Have Faith
E/MediaPlayer(26584): Should have subtitle controller already set
D/MusicBrowser(26584): [MediaPlaybackService.java:onPrepared()] oooooo arg0com.lge.media.MediaPlayerEx@37aa7907
D/MusicBrowser(26584): [MediaPlaybackService.java:3716:getQueue()] oooooo {list=[J@286b99f6}
I/MusicWidget( 6781): setRemoteViewLock QuickCover( true ) 
I/MusicWidget( 6781): setDefaultViewmLayoutIdQuickCover()
I/MusicWidget( 6781): updateTrackInfo()_QuickCover
V/MusicBrowser(26584): [MediaPlaybackService.java:getTrackName()] oooooo trackName : 08 - Book 2 Chapter 3 - Peasant Women Who Have Faith
V/MusicBrowser(26584): [MediaPlaybackService.java:getArtistName()] oooooo artistName : Fyodor Dostoyevsky
I/MusicWidget( 6781): _artistName::Fyodor Dostoyevsky
I/MusicWidget( 6781): _real_trackname::08 - Book 2 Chapter 3 - Peasant Women Who Have Faith
I/MusicWidget( 6781): updateAlbumImage()_QuickCover
V/MusicBrowser(26584): [MediaPlaybackService.java:5771:getPath()] oooooo {mFileToPlay=content://media/external/audio/media/106}
V/MusicBrowser(26584): [MediaPlaybackService.java:getAudioId()] oooooo mPlayList[mPlayPos] = 106
V/MusicBrowser(26584): [MediaPlaybackService.java:5942:getAlbumName()] oooooo {albumName : =The Brothers Karamazov}
V/MusicBrowser(26584): [MediaPlaybackService.java:getAlbumId()] oooooo albumId : 6
I/MusicWidget( 6781): appWidgetViewUpdate()_QuickCover
E/MusicBrowser(26584): [MediaPlaybackService.java:9875:updateRemoteControlPlaystate()] oooooo mRemoteControlClient == null
I/MusicBrowser(26584): [MediaPlaybackService.java:mHeadsetReceiver.onReady()] oooooo intentIntent { act=android.intent.action.HEADSET_PLUG flg=0x40000010 (has extras) }
D/MusicBrowser(26584): [MediaPlaybackService.java:8074:onReceive()] oooooo {nState=0}
I/MusicWidget( 6781): AlbumImageUpdater()_QuickCover run - Start
I/MusicWidget( 6781): linkButtons()_QuickCover
I/MusicWidget( 6781): pushUpdate()_QuickCover
V/MediaPlayerService(14531): Create new media retriever from pid 25949
W/BrunchPlayerTypeImpl(14531): [SelectPlayer] LocalType
W/BrunchPlayerTypeImpl(14531): [getMediaType] EXTEND_MEDIA_MIMETYPE = audio/mpeg
W/BrunchPlayerTypeImpl(14531): [FindUsePlayer] type = [audio/mpeg]
W/BrunchPlayerTypeImpl(14531): [FindUsePlayer] componentName = [9101]
W/MediaPlayerFactory(14531): [getPlayerType:fd] nType = 3
V/LGParserOSAL(14531): SniffLGParser start
V/LGParserOSAL(14531): #### check Mime : audio/mpeg
V/LGParserOSAL(14531): Detector mimeType:audio/mpeg, Confidence=1.000000
E/MediaExtractor(14531): Use LGExtractor :audio/mpeg 
W/MediaExtractorHelper(14531): LG-CodeParser Version: LG_CodecParser_R2.0.2.6
I/ID3Wrapper(14531): ID3Wrapper com->done() : id3 is COMM
V/LGParserOSAL(14531): supported mime: audio/mpeg
E/MetadataRetrieverClient(14531): failed to extract an album art
V/MediaPlayerService(14531): Create new media retriever from pid 25949
W/BrunchPlayerTypeImpl(14531): [SelectPlayer] LocalType
W/BrunchPlayerTypeImpl(14531): [getMediaType] EXTEND_MEDIA_MIMETYPE = audio/mpeg
W/BrunchPlayerTypeImpl(14531): [FindUsePlayer] type = [audio/mpeg]
W/BrunchPlayerTypeImpl(14531): [FindUsePlayer] componentName = [9101]
W/MediaPlayerFactory(14531): [getPlayerType:fd] nType = 3
V/LGParserOSAL(14531): SniffLGParser start
V/LGParserOSAL(14531): #### check Mime : audio/mpeg
V/LGParserOSAL(14531): Detector mimeType:audio/mpeg, Confidence=1.000000
E/MediaExtractor(14531): Use LGExtractor :audio/mpeg 
W/MediaExtractorHelper(14531): LG-CodeParser Version: LG_CodecParser_R2.0.2.6
I/ID3Wrapper(14531): ID3Wrapper com->done() : id3 is COMM
V/LGParserOSAL(14531): supported mime: audio/mpeg
E/MetadataRetrieverClient(14531): failed to extract an album art
W/MusicWidget( 6781): Exception in getArtworkFromFile
I/MusicWidget( 6781): setRemoteViewLock QuickCover( false ) 
I/MusicWidget( 6781): setDefaultViewmLayoutIdQuickCover()
I/MusicWidget( 6781): appWidgetViewUpdate()_QuickCover
I/MusicWidget( 6781): linkButtons()_QuickCover
I/MusicWidget( 6781): pushUpdate()_QuickCover
I/MusicWidget( 6781): AlbumImageUpdater()_QuickCover run - End
D/MusicBrowser(26584): [MediaPlaybackService.java:getAudioPath()] oooooo mOutpath1
D/MusicBrowser(26584): [MediaPlaybackService.java:setAudioEffect()] oooooo [Audio Effect] mAudioEffectValue = 0
D/MusicBrowser(26584): [MusicUtils.java:isUsingNoAudioEffect()] oooooo mAudioOutpath ==>> 1	isHDMIConnected ==>> false
D/MusicBrowser(26584): [MusicUtils.java:isUsingNoAudioEffect()] oooooo MusicConfig.SUPPORT_EQ_THROUGH_SPEAKER  ==>> true
I/MusicBrowser(26584): [MediaPlaybackService.java:7993:isHifiFilePlaying()] oooooo [HIFI] isHifiFilePlaying ::false
E/MediaPlayer[Native](26584): invoke invokeId=0xbef22b10
E/MediaPlayer[Native](26584): invoke key=0xbef22b14
V/MediaPlayer[Native](26584): invoke 88
D/MediaPlayerServiceEx(14531): [lgeinvoke:set] param id : 0x6f001000
V/MediaPlayerServiceEx(14531): [2146] LGClient::setParameter(1862275072)
V/AudioSinkEx(14531): SOLE setAudioEffect:[2146] iEnable(-1), iType(0), iPath(1), iMedia(-1)
D/MusicBrowser(26584): [MediaPlaybackService.java:setLGAudioEffect_API()] oooooo [Audio Effect] audioEffectMode :: 0
D/MusicBrowser(26584): [MediaPlaybackService.java:setLGAudioEffect_API()] oooooo [Audio Effect] audioEffectEnum :: 0
I/MusicBrowser(26584): [MediaPlaybackService.java:mHeadsetReceiver.onReady()] oooooo intentIntent { act=android.intent.action.HDMI_PLUGGED flg=0x44000010 (has extras) }
V/AlarmManager(  967): ELAPSED_WAKEUP set : Alarm{31c3a38e type 2 when 1532706581 com.google.android.gms} when 1532706581
I/SensorManager( 2285): registerListenerImpl() [Sensor: LGE Accelerometer, Rate: 20000, SensorEventListener: amsv@36f95a61] by amro.a():3
I/sensors_hal_Ctx(  967): flush: handle is 0
D/KeyguardUpdateMonitor( 1479): Intent.ACTION_BATTERYEX_CHANGED EXTRA_CHARGING_CURRENT : 0 / EXTRA_HVDCP_TYPE : false
I/[SystemUI]LGPowerUI( 1479): onReceive = com.lge.android.intent.action.BATTERYEX
I/[SystemUI]LGPowerUI( 1479): levelEx = 99, plugTypeEx = 2, WirelessAlignment = 0, chargingCurrent = 0, orientation = PORTRAIT
I/[SystemUI]LGPowerUI( 1479): On Skip Timer : true
D/PowerService( 1827): isFastChargerType: false, isCharging: true, isFastChargerConnected: false
D/PowerService( 1827): isFastChargerType: false, isCharging: true, isFastChargerConnected: false
D/KeyguardUpdateMonitor( 1479): Intent.ACTION_BATTERYEX_CHANGED EXTRA_CHARGING_CURRENT : 0 / EXTRA_HVDCP_TYPE : false
I/[SystemUI]LGPowerUI( 1479): onReceive = com.lge.android.intent.action.BATTERYEX
I/[SystemUI]LGPowerUI( 1479): levelEx = 99, plugTypeEx = 2, WirelessAlignment = 0, chargingCurrent = 0, orientation = PORTRAIT
I/[SystemUI]LGPowerUI( 1479): On Skip Timer : true
D/KeyguardUpdateMonitor( 1479): Intent.ACTION_BATTERY_CHANGED status : 2 ,plugged : 2 ,level : 99 ,temperature : 302
I/[SystemUI]LGPowerUI( 1479): onReceive = android.intent.action.BATTERY_CHANGED
I/[SystemUI]LGPowerUI( 1479): level = 99, plugType = 2, plugged = true, mCharging = true, temperature = 352
D/WifiController(  967): battery changed pluggedType: 2
D/LEDHandler( 1827): ACTION_BATTERY_CHANGED : plugged type=2
D/LEDHandler( 1827): Battery Level Remaining: 99%
D/LEDHandler( 1827): Battery Temp: 302, mChargingStatus=2, mChargingStop=false
D/WifiApDisableIfNotUsed(  967): ACTION_BATTERY_CHANGED : pluggedType = 2
I/[SystemUI]BatterySaverHandler( 1479): onReceive = android.intent.action.BATTERY_CHANGED
V/sensors_hal_Light(  967): processReportInd: 0 0.000000
I/SensorManager( 2285): removeAllSensors() [Sensor: LGE Accelerometer] by amro.a():2
D/sensors_hal_SMGR(  967): batch:sensor(android.sensor.accelerometer) sample_rate=50Hz report_rate_f=0.000000Hz curr sample rate:50 cur rpt rate:0 max:120.000000 min:1.000000
V/sensors_hal_Light(  967): processReportInd: 0 0.000000
I/ServiceManager(  357): Waiting for service AtCmdFwd...
V/AlarmManager(  967): ELAPSED_WAKEUP set : Alarm{19f617af type 2 when 1532709129 com.google.android.gms} when 1532709129
I/SensorManager( 2285): registerListenerImpl() [Sensor: LGE Accelerometer, Rate: 20000, SensorEventListener: amsv@13e28247] by amro.a():3
I/sensors_hal_Ctx(  967): flush: handle is 0
D/PowerManagerServiceEx(  967): acquireWakeLockInternal: lock=619496226, flags=0x40000001, tag="*alarm*", ws=WorkSource{1000}, historyTag=*alarm*:android.intent.action.TIME_TICK, uid=1000, pid=967
D/AnalogClock( 1435): [updateContentDescription] contentDescription : 12 48
I/[SystemUI]TimeTickManager( 1479): setTimeTickHandler, called onTimeChanged()
I/KeyguardUpdateMonitor( 1479): called onTimeUpdated()
I/[SystemUI]Clock( 1479): called onTimeUpdated()
I/LgeClockWidgetControlView( 1479): called onTimeUpdated()
I/[SystemUI]DateView( 1479): called onTimeUpdated()
I/[SystemUI]DateView( 1479): called onTimeUpdated()
D/KeyguardUpdateMonitor( 1479): handleTimeUpdate
D/PowerManagerServiceEx(  967): releaseWakeLockInternal: lock=619496226 [*alarm*], flags=0x0
I/ServiceManager(  357): Waiting for service AtCmdFwd...
D/PowerManagerServiceEx(  967): updateUserActivitySummaryLocked: mWakefulness=Awake, mUserActivitySummary=0x2, nextTimeout=365551448 (382729 ms ago)
I/SensorManager( 2285): removeAllSensors() [Sensor: LGE Accelerometer] by amro.a():2
D/sensors_hal_SMGR(  967): batch:sensor(android.sensor.accelerometer) sample_rate=50Hz report_rate_f=0.000000Hz curr sample rate:50 cur rpt rate:0 max:120.000000 min:1.000000
V/sensors_hal_Light(  967): processReportInd: 0 0.000000
I/ServiceManager(  357): Waiting for service AtCmdFwd...
V/AlarmManager(  967): ELAPSED_WAKEUP set : Alarm{95997bc type 2 when 1532711713 com.google.android.gms} when 1532711713
I/SensorManager( 2285): registerListenerImpl() [Sensor: LGE Accelerometer, Rate: 20000, SensorEventListener: amsv@3d103b9d] by amro.a():3
I/sensors_hal_Ctx(  967): flush: handle is 0
I/ServiceManager(  357): Waiting for service AtCmdFwd...
I/ServiceManager(  357): Waiting for service AtCmdFwd...
D/AndroidRuntime( 7659): 
D/AndroidRuntime( 7659): >>>>>> AndroidRuntime START com.android.internal.os.RuntimeInit <<<<<<
D/AndroidRuntime( 7659): CheckJNI is OFF
I/SensorManager( 2285): removeAllSensors() [Sensor: LGE Accelerometer] by amro.a():2
D/sensors_hal_SMGR(  967): batch:sensor(android.sensor.accelerometer) sample_rate=50Hz report_rate_f=0.000000Hz curr sample rate:50 cur rpt rate:0 max:120.000000 min:1.000000
V/sensors_hal_Light(  967): processReportInd: 0 0.000000
D/AndroidRuntime( 7659): Calling main entry com.android.commands.am.Am
I/ActivityManager(  967): START u0 {flg=0x10000000 cmp=org.libsdl.app/.SDLActivity} from uid 2000 on display 0
D/ActivityManager(  967): setTaskToReturnTo : TaskRecord{1ec91345 #873 A=org.libsdl.app U=0 sz=0} / mTaskToReturnTo = 1
D/ActivityManager(  967): setTaskToReturnTo : TaskRecord{1ec91345 #873 A=org.libsdl.app U=0 sz=0} / mTaskToReturnTo = 1
D/WindowStateEx(  967): AppWindowTokenEx init.. 
D/ContextHelper(  967): convertTheme. context->name=org.libsdl.app themeResourceId=16973831
D/SplitWindow(  967): check instance of lgWin Window{3bec9ec1 u0 Starting org.libsdl.app}
I/[LGHome]EVENT( 1919): [Launcher.java:987:onPause()]onPause
D/InputDispatcher(  967): Focus left window: Window{eabe514 u0 com.lge.launcher2/com.lge.launcher2.Launcher}
D/AndroidRuntime( 7659): Shutting down VM
I/[LGHome]EVENT( 1919): [Launcher.java:5698:onWindowFocusChanged()]onWindowFocusChanged() hasFocus false
D/ContextHelper( 6914): convertTheme. context->name=org.libsdl.app themeResourceId=16973831
V/SDL     ( 6914): Device: g2
V/SDL     ( 6914): Model: LG-D802
V/SDL     ( 6914): onCreate(): null
V/SDL     ( 6914): onResume()
D/SplitWindow(  967): check instance of lgWin Window{e232254 u0 org.libsdl.app/org.libsdl.app.SDLActivity}
I/SystemUI[Framework](  967): PhoneWindowManager.updateSystemUiVisibilityLw() :visibility=0x8000, pkg=org.libsdl.app
D/PhoneStatusBar( 1479): setSystemUiVisibility vis=8000 mask=ffffffff oldVal=8600 newVal=8000 diff=600
W/PhoneWindowManagerEx(  967): Call!!!getLGSystemUiVisibility. =0x0
D/StatusBarManagerServiceEx(  967): setLGSystemUiVisibility(0x0)
D/StatusBarManagerServiceEx(  967): manageNaviBtnDisableList userId=0 what=0x0 pkg=WindowManager.LayoutParams
I/SystemUI[Framework](  967): ==>disabledNaviBtn() what=0x0, token=android.os.Binder@da6f841,  pkg=WindowManager.LayoutParams
I/SystemUI[Framework](  967): disableNaviBtn: mDisabledNaviBtn=0x0,  mDisableRecords.size=0
V/PhoneStatusBar( 1479): setLightsOn(true)
D/PhoneStatusBar( 1479): setSystemUiVisibility vis=0 mask=1 oldVal=8000 newVal=8000 diff=0
D/InputDispatcher(  967): Focus entered window: Window{e232254 u0 org.libsdl.app/org.libsdl.app.SDLActivity}
I/WindowStateAnimator(  967): Starting window displayed
I/SystemUI[Framework](  967): PhoneWindowManager.updateSystemUiVisibilityLw() :visibility=0x0, pkg=org.libsdl.app
D/PhoneStatusBar( 1479): setSystemUiVisibility vis=0 mask=ffffffff oldVal=8000 newVal=0 diff=8000
W/PhoneWindowManagerEx(  967): Call!!!getLGSystemUiVisibility. =0x0
D/StatusBarManagerServiceEx(  967): setLGSystemUiVisibility(0x0)
D/StatusBarManagerServiceEx(  967): manageNaviBtnDisableList userId=0 what=0x0 pkg=WindowManager.LayoutParams
I/SystemUI[Framework](  967): ==>disabledNaviBtn() what=0x0, token=android.os.Binder@da6f841,  pkg=WindowManager.LayoutParams
I/SystemUI[Framework](  967): disableNaviBtn: mDisabledNaviBtn=0x0,  mDisableRecords.size=0
I/[SystemUI]NavigationThemeResource( 1479): NavigationKey Color is changed(WHITE_WITH_SHADOW -> BLACK)
I/[SystemUI]NavigationThemeResource( 1479):  BarMode=0, Theme=WHITE, LightBackground=false (Transparent)
I/[SystemUI]NavigationThemeResource( 1479): , Keyguard show=false, IME shown=false, Panel expanded=false
D/SplitWindow(  967): check instance of lgWin Window{91067ec u0 SurfaceView}
V/PhoneStatusBar( 1479): setLightsOn(true)
D/PhoneStatusBar( 1479): setSystemUiVisibility vis=0 mask=1 oldVal=0 newVal=0 diff=0
V/SDL     ( 6914): surfaceCreated()
V/SDL     ( 6914): surfaceChanged()
V/SDL     ( 6914): pixel format RGB_565
V/SDL     ( 6914): Window size: 1080x1776
I/SensorManager( 6914): registerListenerImpl() [Sensor: LGE Accelerometer, Rate: 20000, SensorEventListener: org.libsdl.app.SDLSurface{2196c87a VFE..... .F....ID 0,0-1080,1776}] by org.libsdl.app.SDLSurface.enableSensor():1376
I/sensors_hal_Ctx(  967): flush: handle is 0
D/sensors_hal_SMGR(  967): flush: handle 0 is not batching
D/sensors_hal(  967): flushSendCmplt: handle=0
D/sensors_hal_Ctx(  967): poll:polldata:1, sensor:0, type:0, x:0.000000 y:0.000000 z:-0.000000
I/SDL     ( 6914): SDL_Android_Init()
I/SDL     ( 6914): SDL_Android_Init() finished!
D/InputDispatcher(  967): Focus left window: Window{e232254 u0 org.libsdl.app/org.libsdl.app.SDLActivity}
V/SDL     ( 6914): onWindowFocusChanged(): true
W/InputMethodManagerService(  967): Focus gain on non-focused client com.android.internal.view.IInputMethodClient$Stub$Proxy@3143f57f (uid=10131 pid=6914)
V/SDL     ( 6914): onPause()
V/SDL     ( 6914): nativePause()
I/SensorManager( 6914): unregisterListenerImpl() [Sensor: LGE Accelerometer, SensorEventListener: org.libsdl.app.SDLSurface{2196c87a VFE..... .F....I. 0,0-1080,1776}] by org.libsdl.app.SDLSurface.enableSensor():1380
D/sensors_hal_SMGR(  967): batch:sensor(android.sensor.accelerometer) sample_rate=50Hz report_rate_f=0.000000Hz curr sample rate:50 cur rpt rate:0 max:120.000000 min:1.000000
V/sensors_hal_Light(  967): processReportInd: 0 0.000000
W/[LGHome]LGWallpaperInfo( 1919): [LGWallpaperInfo.java:75:loadWallpaperScrollTypeFromSystemPref()]failed parsing java.io.FileNotFoundException: /data/system/wallpaper_prefs.xml: open failed: ENOENT (No such file or directory)
D/WallpaperManager( 1919): suggestDesiredDimensions(2160, 1920) by package(com.lge.launcher2)
V/SDL     ( 6914): onWindowFocusChanged(): false
I/SystemUI[Framework](  967): PhoneWindowManager.updateSystemUiVisibilityLw() :visibility=0x600, pkg=com.lge.launcher2
W/PhoneWindowManagerEx(  967): Call!!!getLGSystemUiVisibility. =0x0
D/StatusBarManagerServiceEx(  967): setLGSystemUiVisibility(0x0)
D/StatusBarManagerServiceEx(  967): manageNaviBtnDisableList userId=0 what=0x0 pkg=WindowManager.LayoutParams
I/SystemUI[Framework](  967): ==>disabledNaviBtn() what=0x0, token=android.os.Binder@da6f841,  pkg=WindowManager.LayoutParams
I/SystemUI[Framework](  967): disableNaviBtn: mDisabledNaviBtn=0x0,  mDisableRecords.size=0
D/InputDispatcher(  967): Focus entered window: Window{eabe514 u0 com.lge.launcher2/com.lge.launcher2.Launcher}
I/SystemUI[Framework](  967): PhoneWindowManager.updateSystemUiVisibilityLw() :visibility=0x8600, pkg=com.lge.launcher2
W/PhoneWindowManagerEx(  967): Call!!!getLGSystemUiVisibility. =0x0
D/StatusBarManagerServiceEx(  967): setLGSystemUiVisibility(0x0)
D/StatusBarManagerServiceEx(  967): manageNaviBtnDisableList userId=0 what=0x0 pkg=WindowManager.LayoutParams
I/SystemUI[Framework](  967): ==>disabledNaviBtn() what=0x0, token=android.os.Binder@da6f841,  pkg=WindowManager.LayoutParams
I/SystemUI[Framework](  967): disableNaviBtn: mDisabledNaviBtn=0x0,  mDisableRecords.size=0
D/PhoneStatusBar( 1479): setSystemUiVisibility vis=8600 mask=ffffffff oldVal=0 newVal=8600 diff=8600
I/[SystemUI]NavigationThemeResource( 1479): NavigationKey Color is changed(BLACK -> WHITE_WITH_SHADOW)
I/[SystemUI]NavigationThemeResource( 1479):  BarMode=4, Theme=WHITE, LightBackground=false (Transparent)
I/[SystemUI]NavigationThemeResource( 1479): , Keyguard show=false, IME shown=false, Panel expanded=false
D/sensors_hal_Time(  967): tsOffsetIs: Apps: 1532713810173085; DSPS: 2978671849; Offset : 1441811944285304
I/[LGHome]EVENT( 1919): [Launcher.java:776:onResume()]onResume
V/SDL     ( 6914): surfaceDestroyed()
I/[LGHome]LGActivityUtil( 1919): [LGActivityUtil.java:319:notifyToWeatherWidget()]broadcast to weather widget, intent: Intent { act=com.lge.launcher2.RESUME }
I/[LGHome]EVENT( 1919): [Launcher.java:929:onResume()]onResume end
D/WeatherAncestor(10464): 2 : onReceive, action: com.lge.launcher2.RESUME, Time(hour:min:sec) 12:48:4
D/UpdateThreadPoolManager(10464): 2 : This is isUpdating : false
D/WeatherQuickCover(10464): 2 : quick cover state : opened : -1
D/WeatherService(10464): 2 : shouldTimeTickRegistered - 4x2 : 0, FphWidget : 0
D/WeatherService(10464): 2 : shouldTimeTickRegistered : false
D/WeatherAncestor(10464): 2 : onReceive has processed, action: com.lge.launcher2.RESUME, Time(hour:min:sec) 12:48:4
D/WeatherService(10464): 2 : onStartCommand, intent!=null, action: com.lge.launcher2.RESUME
D/WeatherQuickCover(10464): 2 : quick cover state : opened : -1
W/ActivityManager(  967): getTasks: caller 10089 does not hold GET_TASKS; limiting output
D/Weather.Utils(10464): 2 : Utils getTopActivity com.lge.launcher2 / true
D/WeatherService(10464): 2 : shouldTimeTickRegistered - 4x2 : 0, FphWidget : 0
D/WeatherService(10464): 2 : shouldTimeTickRegistered : false
I/[LGHome]EVENT( 1919): [Launcher.java:5698:onWindowFocusChanged()]onWindowFocusChanged() hasFocus true
I/PhoneWindow( 1919): [setNavigationBarColor] color=0x 0
W/InputMethodManagerService(  967): Window already focused, ignoring focus gain of: com.android.internal.view.IInputMethodClient$Stub$Proxy@3e0c00ee attribute=null, token = android.os.BinderProxy@35066367
I/Timeline( 1919): Timeline: Activity_idle id: android.os.BinderProxy@35f862d5 time:365938044
V/SDL     ( 6914): onDestroy()
D/InputDispatcher(  967): Window went away: Window{e232254 u0 org.libsdl.app/org.libsdl.app.SDLActivity EXITING}
W/Atfwd_Sendcmd(  357): AtCmdFwd service not published, waiting... retryCnt : 4
V/sensors_hal_Light(  967): processReportInd: 0 0.000000
I/Timeline(  967): Timeline: Activity_windows_visible id: ActivityRecord{3a9a72b9 u0 com.lge.launcher2/.Launcher t603} time:365938208
D/PowerService( 1827): isFastChargerType: false, isCharging: true, isFastChargerConnected: false
D/KeyguardUpdateMonitor( 1479): Intent.ACTION_BATTERYEX_CHANGED EXTRA_CHARGING_CURRENT : 0 / EXTRA_HVDCP_TYPE : false
I/[SystemUI]LGPowerUI( 1479): onReceive = com.lge.android.intent.action.BATTERYEX
I/[SystemUI]LGPowerUI( 1479): levelEx = 99, plugTypeEx = 2, WirelessAlignment = 0, chargingCurrent = 0, orientation = PORTRAIT
I/[SystemUI]LGPowerUI( 1479): On Skip Timer : true
D/PowerService( 1827): isFastChargerType: false, isCharging: true, isFastChargerConnected: false
D/KeyguardUpdateMonitor( 1479): Intent.ACTION_BATTERYEX_CHANGED EXTRA_CHARGING_CURRENT : 0 / EXTRA_HVDCP_TYPE : false
I/[SystemUI]LGPowerUI( 1479): onReceive = com.lge.android.intent.action.BATTERYEX
I/[SystemUI]LGPowerUI( 1479): levelEx = 99, plugTypeEx = 2, WirelessAlignment = 0, chargingCurrent = 0, orientation = PORTRAIT
I/[SystemUI]LGPowerUI( 1479): On Skip Timer : true
D/WifiController(  967): battery changed pluggedType: 2
D/LEDHandler( 1827): ACTION_BATTERY_CHANGED : plugged type=2
D/LEDHandler( 1827): Battery Level Remaining: 99%
D/LEDHandler( 1827): Battery Temp: 303, mChargingStatus=2, mChargingStop=false
D/WifiApDisableIfNotUsed(  967): ACTION_BATTERY_CHANGED : pluggedType = 2
D/KeyguardUpdateMonitor( 1479): Intent.ACTION_BATTERY_CHANGED status : 2 ,plugged : 2 ,level : 99 ,temperature : 303
I/[SystemUI]LGPowerUI( 1479): onReceive = android.intent.action.BATTERY_CHANGED
I/[SystemUI]LGPowerUI( 1479): level = 99, plugType = 2, plugged = true, mCharging = true, temperature = 353
I/[SystemUI]BatterySaverHandler( 1479): onReceive = android.intent.action.BATTERY_CHANGED
V/AlarmManager(  967): ELAPSED_WAKEUP set : Alarm{3979198f type 2 when 1532714246 com.google.android.gms} when 1532714246
I/SensorManager( 2285): registerListenerImpl() [Sensor: LGE Accelerometer, Rate: 20000, SensorEventListener: amsv@16bafbe3] by amro.a():3
I/sensors_hal_Ctx(  967): flush: handle is 0
D/WifiApDisableIfNotUsed(  967): ACTION_STAT_AP_TIMEOUT
D/WifiApDisableIfNotUsed(  967): MESSAGE_STATS_AP
D/WifiApDisableIfNotUsed(  967): ApOffTime:300000, newTime:300000, remain time:180000
D/WifiApDisableIfNotUsed(  967): setting ACTION_STAT_AP_TIMEOUT timer for 60000ms
V/AlarmManager(  967): RTC_WAKEUP set : Alarm{31f3a41c type 0 when 1507027685866 android} when 1507027685866
I/SensorManager( 2285): removeAllSensors() [Sensor: LGE Accelerometer] by amro.a():2
D/sensors_hal_SMGR(  967): batch:sensor(android.sensor.accelerometer) sample_rate=50Hz report_rate_f=0.000000Hz curr sample rate:50 cur rpt rate:0 max:120.000000 min:1.000000
I/[LGHome]NumberBadge.LGUnreadLgeEmailsBadge( 1919): [LGUnreadLgeEmailsBadge.java:107:countUnreadItems()]setTotalCount : 0
I/[LGHome]NumberBadge.LGUnreadLgeEmailsBadge( 1919): [LGUnreadLgeEmailsBadge.java:108:countUnreadItems()]countUnreadItems() ended..
I/[LGHome]NumberBadge.LGBroadCastBadge( 1919): [LGBroadCastBadge.java:53:updateBadgeIcon()][updateClassList : com.android.contacts.activities.DialtactsActivity = 1
I/[LGHome]NumberBadge.LGBroadCastBadge( 1919): [LGBroadCastBadge.java:53:updateBadgeIcon()][updateClassList : com.android.mms.ui.ConversationList = 0
I/[LGHome]NumberBadge.LGBroadCastBadge( 1919): [LGBroadCastBadge.java:53:updateBadgeIcon()][updateClassList : com.lge.message.ui.ConversationList = 0
I/[LGHome]NumberBadge.LGBroadCastBadge( 1919): [LGBroadCastBadge.java:53:updateBadgeIcon()][updateClassList : com.android.vending.AssetBrowserActivity = 0
I/[LGHome]NumberBadge.LGBroadCastBadge( 1919): [LGBroadCastBadge.java:53:updateBadgeIcon()][updateClassList : com.lge.message.activity.MainMenuActivity = 0
I/[LGHome]NumberBadge.LGBroadCastBadge( 1919): [LGBroadCastBadge.java:53:updateBadgeIcon()][updateClassList : com.lge.updatecenter.UpdateCenterPrfActivity = 0
W/OpenGLRenderer( 1919): Incorrectly called buildLayer on View: ShortcutAndWidgetContainer, destroying layer...
W/OpenGLRenderer( 1919): Incorrectly called buildLayer on View: ShortcutAndWidgetContainer, destroying layer...
W/OpenGLRenderer( 1919): Incorrectly called buildLayer on View: ShortcutAndWidgetContainer, destroying layer...
W/OpenGLRenderer( 1919): Incorrectly called buildLayer on View: ShortcutAndWidgetContainer, destroying layer...
D/PowerManagerServiceEx(  967): updateUserActivitySummaryLocked: mWakefulness=Awake, mUserActivitySummary=0x4, nextTimeout=365551448 (388729 ms ago)
V/sensors_hal_Light(  967): processReportInd: 0 0.000000
V/AlarmManager(  967): ELAPSED_WAKEUP set : Alarm{a659825 type 2 when 1532716790 com.google.android.gms} when 1532716790
I/SensorManager( 2285): registerListenerImpl() [Sensor: LGE Accelerometer, Rate: 20000, SensorEventListener: amsv@db9f499] by amro.a():3
I/sensors_hal_Ctx(  967): flush: handle is 0
I/SensorManager( 2285): removeAllSensors() [Sensor: LGE Accelerometer] by amro.a():2
D/TaskPersister(  967): removeObsoleteFile: deleting file=872_task.xml
D/TaskPersister(  967): removeObsoleteFile: deleting file=872_task_thumbnail.png
D/sensors_hal_SMGR(  967): batch:sensor(android.sensor.accelerometer) sample_rate=50Hz report_rate_f=0.000000Hz curr sample rate:50 cur rpt rate:0 max:120.000000 min:1.000000
V/sensors_hal_Light(  967): processReportInd: 0 0.000000
V/AlarmManager(  967): ELAPSED_WAKEUP set : Alarm{26a4e608 type 2 when 1532719370 com.google.android.gms} when 1532719370
I/SensorManager( 2285): registerListenerImpl() [Sensor: LGE Accelerometer, Rate: 20000, SensorEventListener: amsv@d17733f] by amro.a():3
I/sensors_hal_Ctx(  967): flush: handle is 0
I/SensorManager( 2285): removeAllSensors() [Sensor: LGE Accelerometer] by amro.a():2
D/sensors_hal_SMGR(  967): batch:sensor(android.sensor.accelerometer) sample_rate=50Hz report_rate_f=0.000000Hz curr sample rate:50 cur rpt rate:0 max:120.000000 min:1.000000
I/ActivityManager(  967): Start proc com.hy.system.fontserver for service com.hy.system.fontserver/.FontServer: pid=7720 uid=1000 gids={41000, 9997, 1000, 1028, 1015, 2001, 3003, 1023, 3002, 1004, 2002, 3001, 3008, 1007, 1026, 3005, 1009, 1027, 1003, 1014, 1010, 4002, 1002, 1021, 3004, 3009} abi=armeabi-v7a
D/HyFontServer( 7720): getEmbeddedFontNames = NewSmartGothic
D/HyFontServer( 7720): getEmbeddedFontNames = Travel
D/HyFontServer( 7720): getEmbeddedFontNames = Foxrain
D/HyFontServer( 7720): getEmbeddedFontNames = Coffee
D/HyFontServer( 7720): getEmbeddedFontNames = Purewhite
D/HyFontServer( 7720): getEmbeddedFontNames = Serif
I/ServiceManager(  357): Waiting for service AtCmdFwd...
V/AlarmManager(  967): ELAPSED_WAKEUP set : Alarm{9a65ab4 type 2 when 1532721920 com.google.android.gms} when 1532721920
I/SensorManager( 2285): registerListenerImpl() [Sensor: LGE Accelerometer, Rate: 20000, SensorEventListener: amsv@39ac4155] by amro.a():3
I/sensors_hal_Ctx(  967): flush: handle is 0
I/ServiceManager(  357): Waiting for service AtCmdFwd...
I/SensorManager( 2285): removeAllSensors() [Sensor: LGE Accelerometer] by amro.a():2
D/sensors_hal_SMGR(  967): batch:sensor(android.sensor.accelerometer) sample_rate=50Hz report_rate_f=0.000000Hz curr sample rate:50 cur rpt rate:0 max:120.000000 min:1.000000
D/sensors_hal_Time(  967): tsOffsetIs: Apps: 1532723812490060; DSPS: 2978999605; Offset : 1441811944282162
I/ServiceManager(  357): Waiting for service AtCmdFwd...
V/AlarmManager(  967): ELAPSED_WAKEUP set : Alarm{26afa6dd type 2 when 1532724478 com.google.android.gms} when 1532724478
I/SensorManager( 2285): registerListenerImpl() [Sensor: LGE Accelerometer, Rate: 20000, SensorEventListener: amsv@1c9a045b] by amro.a():3
I/sensors_hal_Ctx(  967): flush: handle is 0
I/ServiceManager(  357): Waiting for service AtCmdFwd...
I/ServiceManager(  357): Waiting for service AtCmdFwd...
I/SensorManager( 2285): removeAllSensors() [Sensor: LGE Accelerometer] by amro.a():2
D/sensors_hal_SMGR(  967): batch:sensor(android.sensor.accelerometer) sample_rate=50Hz report_rate_f=0.000000Hz curr sample rate:50 cur rpt rate:0 max:120.000000 min:1.000000
W/Atfwd_Sendcmd(  357): AtCmdFwd service not published, waiting... retryCnt : 5
V/AlarmManager(  967): ELAPSED_WAKEUP set : Alarm{2e227923 type 2 when 1532727035 com.google.android.gms} when 1532727035
I/SensorManager( 2285): registerListenerImpl() [Sensor: LGE Accelerometer, Rate: 20000, SensorEventListener: amsv@2d3c9dd1] by amro.a():3
I/sensors_hal_Ctx(  967): flush: handle is 0
I/SensorManager( 2285): removeAllSensors() [Sensor: LGE Accelerometer] by amro.a():2
D/sensors_hal_SMGR(  967): batch:sensor(android.sensor.accelerometer) sample_rate=50Hz report_rate_f=0.000000Hz curr sample rate:50 cur rpt rate:0 max:120.000000 min:1.000000
V/AlarmManager(  967): ELAPSED_WAKEUP set : Alarm{2b04d3d9 type 2 when 1532729594 com.google.android.gms} when 1532729594
I/SensorManager( 2285): registerListenerImpl() [Sensor: LGE Accelerometer, Rate: 20000, SensorEventListener: amsv@18ea8b37] by amro.a():3
I/sensors_hal_Ctx(  967): flush: handle is 0
I/SensorManager( 2285): removeAllSensors() [Sensor: LGE Accelerometer] by amro.a():2
D/sensors_hal_SMGR(  967): batch:sensor(android.sensor.accelerometer) sample_rate=50Hz report_rate_f=0.000000Hz curr sample rate:50 cur rpt rate:0 max:120.000000 min:1.000000
I/ActivityManager(  967): Start proc com.qualcomm.telephony for service com.qualcomm.atfwd/.AtFwdService: pid=7744 uid=1000 gids={41000, 9997, 1000, 1028, 1015, 2001, 3003, 1023, 3002, 1004, 2002, 3001, 3008, 1007, 1026, 3005, 1009, 1027, 1003, 1014, 1010, 4002, 1002, 1021, 3004, 3009} abi=armeabi-v7a
D/AtFwdService( 7744): onCreate method
I/AtFwdService( 7744): Instantiate AtCmdFwd Service
D/AtCkpdCmdHandler( 7744): De-queing command
V/AlarmManager(  967): ELAPSED_WAKEUP set : Alarm{3c70819e type 2 when 1532732144 com.google.android.gms} when 1532732144
I/SensorManager( 2285): registerListenerImpl() [Sensor: LGE Accelerometer, Rate: 20000, SensorEventListener: amsv@2a9c460d] by amro.a():3
I/sensors_hal_Ctx(  967): flush: handle is 0
I/SensorManager( 2285): removeAllSensors() [Sensor: LGE Accelerometer] by amro.a():2
D/sensors_hal_SMGR(  967): batch:sensor(android.sensor.accelerometer) sample_rate=50Hz report_rate_f=0.000000Hz curr sample rate:50 cur rpt rate:0 max:120.000000 min:1.000000
D/sensors_hal_Time(  967): tsOffsetIs: Apps: 1532733812771151; DSPS: 2979327294; Offset : 1441811944289585
V/AlarmManager(  967): ELAPSED_WAKEUP set : Alarm{17df19aa type 2 when 1532736180 com.google.android.gms} when 1532736180
I/SensorManager( 2285): registerListenerImpl() [Sensor: LGE Accelerometer, Rate: 20000, SensorEventListener: amsv@3e52a3d3] by amro.a():3
I/sensors_hal_Ctx(  967): flush: handle is 0
D/sensors_hal_SMGR(  967): flush: handle 0 is not batching
D/sensors_hal(  967): flushSendCmplt: handle=0
D/sensors_hal_Ctx(  967): poll:polldata:1, sensor:0, type:0, x:0.000000 y:0.000000 z:-0.000000
I/SensorManager( 2285): removeAllSensors() [Sensor: LGE Accelerometer] by amro.a():2
D/sensors_hal_SMGR(  967): batch:sensor(android.sensor.accelerometer) sample_rate=50Hz report_rate_f=0.000000Hz curr sample rate:50 cur rpt rate:0 max:120.000000 min:1.000000
V/AlarmManager(  967): ELAPSED_WAKEUP set : Alarm{274be99b type 2 when 1532738741 com.google.android.gms} when 1532738741
I/SensorManager( 2285): registerListenerImpl() [Sensor: LGE Accelerometer, Rate: 20000, SensorEventListener: amsv@2bd43609] by amro.a():3
I/sensors_hal_Ctx(  967): flush: handle is 0
I/SensorManager( 2285): removeAllSensors() [Sensor: LGE Accelerometer] by amro.a():2
D/sensors_hal_SMGR(  967): batch:sensor(android.sensor.accelerometer) sample_rate=50Hz report_rate_f=0.000000Hz curr sample rate:50 cur rpt rate:0 max:120.000000 min:1.000000
I/ActivityManager(  967): Start proc com.qualcomm.svi for service com.qualcomm.svi/.SVIService: pid=7779 uid=1000 gids={41000, 9997, 1000, 1028, 1015, 2001, 3003, 1023, 3002, 1004, 2002, 3001, 3008, 1007, 1026, 3005, 1009, 1027, 1003, 1014, 1010, 4002, 1002, 1021, 3004, 3009} abi=armeabi-v7a
V/AlarmManager(  967): ELAPSED_WAKEUP set : Alarm{2561e138 type 2 when 1532741307 com.google.android.gms} when 1532741307
I/art     (  352): Explicit concurrent mark sweep GC freed 707(30KB) AllocSpace objects, 0(0B) LOS objects, 67% free, 15MB/47MB, paused 387us total 45.403ms
I/art     (  352): Explicit concurrent mark sweep GC freed 7(240B) AllocSpace objects, 0(0B) LOS objects, 67% free, 15MB/47MB, paused 332us total 35.673ms
I/SensorManager( 2285): registerListenerImpl() [Sensor: LGE Accelerometer, Rate: 20000, SensorEventListener: amsv@3a19aa2f] by amro.a():3
I/sensors_hal_Ctx(  967): flush: handle is 0
I/art     (  352): Explicit concurrent mark sweep GC freed 5(160B) AllocSpace objects, 0(0B) LOS objects, 67% free, 15MB/47MB, paused 331us total 39.361ms
I/SensorManager( 2285): removeAllSensors() [Sensor: LGE Accelerometer] by amro.a():2
D/sensors_hal_SMGR(  967): batch:sensor(android.sensor.accelerometer) sample_rate=50Hz report_rate_f=0.000000Hz curr sample rate:50 cur rpt rate:0 max:120.000000 min:1.000000
V/AlarmManager(  967): ELAPSED_WAKEUP set : Alarm{269c2511 type 2 when 1532744032 com.google.android.gms} when 1532744032
I/SensorManager( 2285): registerListenerImpl() [Sensor: LGE Accelerometer, Rate: 20000, SensorEventListener: amsv@288129c5] by amro.a():3
I/sensors_hal_Ctx(  967): flush: handle is 0
D/NetworkManagementService(  967): [LGE_DATA_DEBUG] route dest :7C337664
D/NetworkManagementService(  967): [LGE_DATA_DEBUG] route gate :00000000
D/NetworkManagementService(  967): [LGE_DATA_DEBUG] route flags :0001
D/NetworkManagementService(  967): [LGE_DATA_DEBUG] route MTU :0
D/AndroidRuntime( 7828): 
D/AndroidRuntime( 7828): >>>>>> AndroidRuntime START com.android.internal.os.RuntimeInit <<<<<<
D/AndroidRuntime( 7828): CheckJNI is OFF
D/AndroidRuntime( 7828): Calling main entry com.android.commands.pm.Pm
I/ActivityManager(  967): Start proc com.android.defcontainer for service com.android.defcontainer/.DefaultContainerService: pid=7847 uid=10003 gids={50003, 9997, 1028, 1015, 1023, 2001, 1035} abi=armeabi-v7a
I/art     (  967): Explicit concurrent mark sweep GC freed 21282(1098KB) AllocSpace objects, 12(3MB) LOS objects, 33% free, 48MB/72MB, paused 2.029ms total 101.774ms
I/Finsky  (11536): [1] com.google.android.finsky.verifier.impl.PackageVerificationReceiver.onReceive(14): Verification requested, id = 42
I/SensorManager( 2285): removeAllSensors() [Sensor: LGE Accelerometer] by amro.a():2
D/sensors_hal_SMGR(  967): batch:sensor(android.sensor.accelerometer) sample_rate=50Hz report_rate_f=0.000000Hz curr sample rate:50 cur rpt rate:0 max:120.000000 min:1.000000
D/libc-netbsd(11536): [getaddrinfo]: hostname=xxxxx; servname=(null); cache_mode=(null), netid=0; mark=0
D/libc-netbsd(11536): [getaddrinfo]: ai_addrlen=0; ai_canonname=xxxxx; ai_flags=4; ai_family=0
D/libc-netbsd(11536): [getaddrinfo]: hostname=xxxxx; servname=(null); cache_mode=(null), netid=0; mark=0
D/libc-netbsd(11536): [getaddrinfo]: ai_addrlen=0; ai_canonname=xxxxx; ai_flags=1024; ai_family=0
E/BandwidthController(  325): [LG DATA] No such appUid: 10048
D/DnsProxyListener(  325): [LG DATA] App 10048 tries DNS query...Accept...family:0 protocol:0
D/libc-netbsd(  325): [getaddrinfo]: hostname=xxxxx; servname=(null); cache_mode=local, netid=903; mark=918407
D/libc-netbsd(  325): [getaddrinfo]: ai_addrlen=0; ai_canonname=xxxxx; ai_flags=1024; ai_family=0
D/libc-netbsd(  325): default dns: query_ipv6=0, query_ipv4=1, netid=903
D/libc-netbsd(  325): res_queryN name = xxxxx, class = 1, type = 1
D/libc-netbsd(  325): res_queryN name = xxxxx succeed
I/System.out(11536): propertyValue:false
I/Finsky  (11536): [60970] com.google.android.finsky.foregroundcoordinator.ForegroundCoordinator.a(9): Task 7 requested foreground
I/Finsky  (11536): [60970] com.google.android.finsky.foregroundcoordinator.ForegroundCoordinator.a(34): Not entering foreground
D/libc-netbsd(11536): [getaddrinfo]: hostname=xxxxx; servname=(null); cache_mode=(null), netid=0; mark=0
D/libc-netbsd(11536): [getaddrinfo]: ai_addrlen=0; ai_canonname=xxxxx; ai_flags=4; ai_family=0
I/[SystemUI]StatusBar.NetworkController( 1479): onDataActivity: direction=3
D/TelephonyIcons( 1479): getDataActivity, sub=0, activity=3
I/[SystemUI]StatusBar.NetworkController( 1479): refreshViews 1 connected={ data } level=2 mobileLabel=3 DK|Oister wifiLabel= emergencyOnly=false
I/[SystemUI]StatusBar.NetworkController( 1479): refreshViews 2  mPhoneSignalIconId=com.android.systemui:drawable/stat_sys_signal_bar5_2_fully mDataSignalIconId=com.android.systemui:drawable/stat_sys_signal_bar5_2_fully mDataTypeIconId=(null) mDataActivity=3 mLGNetworkController.mLGDataTypeIconId=com.android.systemui:drawable/stat_sys_data_connected_default_4g mLGNetworkController.mLGDataActivityIconId=com.android.systemui:drawable/stat_sys_data_fully_default_inandout
I/[SystemUI]StatusBar.NetworkController( 1479): refreshViews 3  mAirplaneMode=false mNoSimIconId=(null) mWifiIconId=(null) mWifiActivityIconId=com.android.systemui:drawable/stat_sys_wifi_inout
V/AlarmManager(  967): ELAPSED_WAKEUP set : Alarm{9cb607c type 2 when 1532746589 com.google.android.gms} when 1532746589
I/SensorManager( 2285): registerListenerImpl() [Sensor: LGE Accelerometer, Rate: 20000, SensorEventListener: amsv@1ca0ba4b] by amro.a():3
I/sensors_hal_Ctx(  967): flush: handle is 0
I/Finsky  (11536): [1] com.google.android.finsky.verifier.impl.bg.b(6): Verification id=42 response=0
I/Finsky  (11536): [1] com.google.android.finsky.verifier.impl.bv.c(97): Verifying id=42, result=1
I/Finsky  (11536): [1] com.google.android.finsky.verifier.impl.bv.c(110): Verification complete: id=42, package_name=org.libsdl.app
D/DefContainer( 7847): Copying /data/local/tmp/AbstractionActivity-debug.apk to base.apk
D/KeyguardUpdateMonitor( 1479): Intent.ACTION_BATTERYEX_CHANGED EXTRA_CHARGING_CURRENT : 0 / EXTRA_HVDCP_TYPE : false
I/[SystemUI]LGPowerUI( 1479): onReceive = com.lge.android.intent.action.BATTERYEX
I/[SystemUI]LGPowerUI( 1479): levelEx = 99, plugTypeEx = 2, WirelessAlignment = 0, chargingCurrent = 0, orientation = PORTRAIT
I/[SystemUI]LGPowerUI( 1479): On Skip Timer : true
D/PowerService( 1827): isFastChargerType: false, isCharging: true, isFastChargerConnected: false
D/PowerService( 1827): isFastChargerType: false, isCharging: true, isFastChargerConnected: false
D/KeyguardUpdateMonitor( 1479): Intent.ACTION_BATTERYEX_CHANGED EXTRA_CHARGING_CURRENT : 0 / EXTRA_HVDCP_TYPE : false
I/[SystemUI]LGPowerUI( 1479): onReceive = com.lge.android.intent.action.BATTERYEX
I/[SystemUI]LGPowerUI( 1479): levelEx = 99, plugTypeEx = 2, WirelessAlignment = 0, chargingCurrent = 0, orientation = PORTRAIT
I/[SystemUI]LGPowerUI( 1479): On Skip Timer : true
D/WifiController(  967): battery changed pluggedType: 2
D/KeyguardUpdateMonitor( 1479): Intent.ACTION_BATTERY_CHANGED status : 2 ,plugged : 2 ,level : 99 ,temperature : 301
I/[SystemUI]LGPowerUI( 1479): onReceive = android.intent.action.BATTERY_CHANGED
I/[SystemUI]LGPowerUI( 1479): level = 99, plugType = 2, plugged = true, mCharging = true, temperature = 351
D/WifiApDisableIfNotUsed(  967): ACTION_BATTERY_CHANGED : pluggedType = 2
D/LEDHandler( 1827): ACTION_BATTERY_CHANGED : plugged type=2
D/LEDHandler( 1827): Battery Level Remaining: 99%
D/LEDHandler( 1827): Battery Temp: 301, mChargingStatus=2, mChargingStop=false
I/[SystemUI]BatterySaverHandler( 1479): onReceive = android.intent.action.BATTERY_CHANGED
D/PackageManager(  967): Renaming /data/app/vmdl1875699112.tmp to /data/app/org.libsdl.app-1, and oldCodePath : /data/app/org.libsdl.app-2
I/ActivityManager(  967): Force stopping org.libsdl.app appid=10131 user=-1: uninstall pkg
