V/AlarmManager(  967): RTC_WAKEUP set : Alarm{1f40312d type 0 when 1507027736054 com.android.vending} when 1507027736054
I/SensorManager( 2285): removeAllSensors() [Sensor: LGE Accelerometer] by amro.a():2
D/sensors_hal_SMGR(  967): batch:sensor(android.sensor.accelerometer) sample_rate=15Hz report_rate_f=0.000000Hz curr sample rate:50 cur rpt rate:0 max:120.000000 min:1.000000
D/sensors_hal_SMGR(  967): SMGRReportAdd: Received Response: 0
V/AlarmManager(  967): ELAPSED_WAKEUP set : Alarm{131ed662 type 2 when 1532765941 com.google.android.gms} when 1532765941
I/SensorManager( 2285): registerListenerImpl() [Sensor: LGE Accelerometer, Rate: 20000, SensorEventListener: amsv@343f2a0b] by amro.a():3
D/sensors_hal_SMGR(  967): batch:sensor(android.sensor.accelerometer) sample_rate=50Hz report_rate_f=0.000000Hz curr sample rate:15 cur rpt rate:0 max:120.000000 min:1.000000
D/sensors_hal_SMGR(  967): SMGRReportAdd: Received Response: 0
I/sensors_hal_Ctx(  967): flush: handle is 0
D/sensors_hal_SMGR(  967): flush: handle 0 is not batching
D/sensors_hal(  967): flushSendCmplt: handle=0
D/sensors_hal_Ctx(  967): poll:polldata:1, sensor:0, type:0, x:0.000000 y:0.000000 z:-0.000000
V/sensors_hal_Light(  967): processReportInd: 0 0.000000
I/Finsky  (11536): [60968] com.google.android.finsky.i.c.a(22): Completed 0 account content syncs with 0 successful.
I/Finsky  (11536): [1] com.google.android.finsky.services.e.a(5): Installation state replication succeeded.
D/audio_hw_extn(14531): audio_extn_get_parameters: returns 
V/msm8974_platform(14531): platform_get_parameters: exit: returns - 
V/audio_hw_primary(14531): adev_get_parameters: exit: returns - 
I/str_params(14531): key: 'isSwIrrc' value: ''
D/PhoneUtils( 1774): getSubIdUsingSlotId() slotId:0 -> subId:2
V/AlarmManager(  967): ELAPSED_WAKEUP set : Alarm{3b3f53f3 type 2 when 1532766140 com.android.phone} when 1532766140
I/MusicWidget( 6781): mDelayedStopHandler : unbind
I/MusicBrowser(26584): [MediaPlaybackService.java:2872:onUnbind()] oooooo 
I/MusicBrowser(26584): [MediaPlaybackService.java:2079:saveQueue()] oooooo {full=true}
I/MusicBrowser(26584): [MediaPlaybackService.java:2084:saveQueue()] oooooo mQueueIsSaveable ==>> true  mCardId ==>> -1
D/MusicBrowser(26584): [MediaPlaybackService.java:2164:saveQueue()] oooooo {queue=36;46;56;66;76;86;96;a6;b6;c6;d6;e6;f6;07;17;27;37;47;57;67;77;87;97;a7;b7;c7;d7;e7;f7;08;18;28;38;48;58;68;78;88;98;a8;b8;c8;d8;e8;f8;09;19;29;39;49;59;69;79;89;99;a9;b9;c9;d9;e9;f9;0a;1a;2a;3a;4a;5a;6a;7a;8a;9a;aa;ba;ca;da;ea;fa;0b;1b;2b;3b;4b;5b;6b;7b;8b;9b;ab;bb;cb;db;eb;fb;0c;1c;2c;}
D/MusicBrowser(26584): [MediaPlaybackService.java:2166:saveQueue()] oooooo {mCardId=-1}
D/MusicBrowser(26584): [MediaPlaybackService.java:2201:saveQueue()] oooooo {curpos=7}
V/MediaPlayer[Native](26584): getCurrentPosition
V/MediaPlayerService(14531): [2146] getCurrentPosition = 0
I/MusicBrowser(26584): [MediaPlaybackService.java:2046:onDestroy()] oooooo 
D/MusicBrowser(26584): [MediaPlaybackService.java:3330:notifyChange()] oooooo {what=com.lge.music.playstatechanged}
I/MusicBrowser(26584): [MediaPlaybackService.java:3332:notifyChange()] oooooo 
V/MusicBrowser(26584): [MediaPlaybackService.java:getArtistName()] oooooo artistName : Fyodor Dostoyevsky
V/MusicBrowser(26584): [MediaPlaybackService.java:5942:getAlbumName()] oooooo {albumName : =The Brothers Karamazov}
V/MusicBrowser(26584): [MediaPlaybackService.java:getTrackName()] oooooo trackName : 08 - Book 2 Chapter 3 - Peasant Women Who Have Faith
V/MediaPlayer[Native](26584): getDuration_l
V/MediaPlayerService(14531): [2146] getDuration = 1203383
V/MediaPlayer[Native](26584): getDuration_l
V/MediaPlayerService(14531): [2146] getDuration = 1203383
V/MediaPlayer[Native](26584): getCurrentPosition
V/MediaPlayerService(14531): [2146] getCurrentPosition = 0
D/MusicBrowser(26584): [MediaPlaybackService.java:3362:notifyChange()] oooooo id : 8
D/MusicBrowser(26584): [MediaPlaybackService.java:3363:notifyChange()] oooooo artist : Fyodor Dostoyevsky
D/MusicBrowser(26584): [MediaPlaybackService.java:3364:notifyChange()] oooooo album : The Brothers Karamazov
D/MusicBrowser(26584): [MediaPlaybackService.java:3365:notifyChange()] oooooo track : 08 - Book 2 Chapter 3 - Peasant Women Who Have Faith
D/MusicBrowser(26584): [MediaPlaybackService.java:3366:notifyChange()] oooooo playing : false
V/MediaPlayer[Native](26584): getDuration_l
V/MediaPlayerService(14531): [2146] getDuration = 1203383
D/MusicBrowser(26584): [MediaPlaybackService.java:3367:notifyChange()] oooooo duration() : 1203383
V/MediaPlayer[Native](26584): getDuration_l
V/MediaPlayerService(14531): [2146] getDuration = 1203383
V/MediaPlayer[Native](26584): getCurrentPosition
V/MediaPlayerService(14531): [2146] getCurrentPosition = 0
D/MusicBrowser(26584): [MediaPlaybackService.java:3368:notifyChange()] oooooo position() : 0
D/MusicBrowser(26584): [MediaPlaybackService.java:3369:notifyChange()] oooooo ListSize : 96
I/MusicWidget( 6781): intentReceiver onReceive() action::com.lge.music.playstatechanged
I/MusicWidget( 6781): beingMusicWidget_4x2() result::false
I/MusicWidget( 6781): beingMusicWidget_Quick() result::true
I/MusicWidget( 6781): beingMusicWidget_4x1() result::false
I/MusicWidget( 6781): bindToService()
E/MusicBrowser(26584): [MediaPlaybackService.java:9875:updateRemoteControlPlaystate()] oooooo mRemoteControlClient == null
I/MusicBrowser(26584): [MediaPlaybackService.java:2079:saveQueue()] oooooo {full=false}
I/MusicBrowser(26584): [MediaPlaybackService.java:2084:saveQueue()] oooooo mQueueIsSaveable ==>> true  mCardId ==>> -1
D/MusicBrowser(26584): [MediaPlaybackService.java:2201:saveQueue()] oooooo {curpos=7}
V/MediaPlayer[Native](26584): getCurrentPosition
V/MediaPlayerService(14531): [2146] getCurrentPosition = 0
I/MusicBrowser(26584): [MediaPlaybackService.java:8639:clearReceiver()] oooooo 
I/MediaFocusControl(  967):  AudioFocus  abandonAudioFocus() from android.media.AudioManagerEx@8fdb1f7com.lge.music.MediaPlaybackService$5@3c483864
D/MusicBrowser(26584): [MediaPlaybackService.java:8673:clearReceiver()] oooooo abandonAudioFocus : 1
I/MusicBrowser(26584): [MediaPlaybackService.java:8809:unregisterReceiverSafe()] oooooo 
I/MusicBrowser(26584): [MediaPlaybackService.java:8809:unregisterReceiverSafe()] oooooo 
I/MusicBrowser(26584): [MediaPlaybackService.java:8809:unregisterReceiverSafe()] oooooo 
I/MusicBrowser(26584): [HomeCloudUtils.java:448:unregisterListener()] oooooo unregisterListener mPlayerListener: com.lge.music.MediaPlaybackService$27@1d143559
I/MusicBrowser(26584): [MediaPlaybackService.java:8809:unregisterReceiverSafe()] oooooo 
I/MusicBrowser(26584): [MusicUtils.java:6837:endNotiTimer()] oooooo endNotiTimer
I/MusicBrowser(26584): [MediaPlaybackService.java:8809:unregisterReceiverSafe()] oooooo 
I/MusicBrowser(26584): [MediaPlaybackService.java:destroyIndexCountProvider()] oooooo 
I/MusicBrowser(26584): [GroupIndexApi.java:260:groupingIndexDataProviderStop()] oooooo groupingIndexDataProviderStop 
I/MusicBrowser(26584): [MediaPlaybackService.java:8809:unregisterReceiverSafe()] oooooo 
I/MusicBrowser(26584): [MediaPlaybackService.java:8809:unregisterReceiverSafe()] oooooo 
I/MusicBrowser(26584): [MediaPlaybackService.java:8809:unregisterReceiverSafe()] oooooo 
I/MusicBrowser(26584): [MediaPlaybackService.java:8809:unregisterReceiverSafe()] oooooo 
I/MusicBrowser(26584): [MediaPlaybackService.java:8809:unregisterReceiverSafe()] oooooo 
I/MusicBrowser(26584): [MusicUtils.java:10451:isAKACoverSupported()] oooooo aka not support!
I/MusicBrowser(26584): [MediaPlaybackService.java:6708:release()] oooooo 
I/MusicBrowser(26584): [MediaPlaybackService.java:6669:stop()] oooooo 
I/MediaPlayer[Native](26584): reset
V/MediaPlayerService(14531): [2146] reset
V/AwesomePlayer(14531): reset_l() 
V/MediaPlayerService(14531): [2146] notify (0xb28259c0, 8, 0, 0)
V/AwesomePlayer(14531): cancelPlayerEvents
V/OMXCodec(14531): [OMX.google.mp3.decoder] stop mState=4
V/OMXCodec(14531): [OMX.google.mp3.decoder] stopOmxComponent_l mState=4
V/OMXCodec(14531): [OMX.google.mp3.decoder] setState mState=4 , newState=5
V/OMXCodec(14531): [OMX.google.mp3.decoder] mAsyncCompletion wait lock!!
V/MediaPlayer[Native](26584): message received msg=8, ext1=0, ext2=0
D/KeyguardUpdateMonitor( 1479): Intent.ACTION_BATTERYEX_CHANGED EXTRA_CHARGING_CURRENT : 0 / EXTRA_HVDCP_TYPE : false
I/[SystemUI]LGPowerUI( 1479): onReceive = com.lge.android.intent.action.BATTERYEX
V/OMXCodec(14531): [OMX.google.mp3.decoder] onStateChange 2
V/OMXCodec(14531): [OMX.google.mp3.decoder] Now Idle.
V/OMXCodec(14531): [OMX.google.mp3.decoder] freeBuffersOnPort portIndex=0
V/OMXCodec(14531): [OMX.google.mp3.decoder] freeing buffer 0xb2809290 on port 0
V/OMXCodec(14531): [OMX.google.mp3.decoder] freeBuffer portIndex=0,bufIndex=3
V/OMXCodec(14531): [OMX.google.mp3.decoder] freeing buffer 0xb2809060 on port 0
V/OMXCodec(14531): [OMX.google.mp3.decoder] freeBuffer portIndex=0,bufIndex=2
V/OMXCodec(14531): [OMX.google.mp3.decoder] freeing buffer 0xb13f5380 on port 0
V/OMXCodec(14531): [OMX.google.mp3.decoder] freeBuffer portIndex=0,bufIndex=1
V/OMXCodec(14531): [OMX.google.mp3.decoder] freeing buffer 0xb13f50b0 on port 0
V/OMXCodec(14531): [OMX.google.mp3.decoder] freeBuffer portIndex=0,bufIndex=0
V/OMXCodec(14531): [OMX.google.mp3.decoder] freeBuffersOnPort portIndex=1
V/OMXCodec(14531): [OMX.google.mp3.decoder] freeing buffer 0xb2809f60 on port 1
V/OMXCodec(14531): [OMX.google.mp3.decoder] freeBuffer portIndex=1,bufIndex=3
V/OMXCodec(14531): [OMX.google.mp3.decoder] freeing buffer 0xb2809d80 on port 1
V/OMXCodec(14531): [OMX.google.mp3.decoder] freeBuffer portIndex=1,bufIndex=2
V/OMXCodec(14531): [OMX.google.mp3.decoder] freeing buffer 0xb2809ab0 on port 1
V/OMXCodec(14531): [OMX.google.mp3.decoder] freeBuffer portIndex=1,bufIndex=1
V/OMXCodec(14531): [OMX.google.mp3.decoder] freeing buffer 0xb28096a0 on port 1
V/OMXCodec(14531): [OMX.google.mp3.decoder] freeBuffer portIndex=1,bufIndex=0
V/OMXCodec(14531): [OMX.google.mp3.decoder] setState mState=5 , newState=6
D/PowerService( 1827): isFastChargerType: false, isCharging: true, isFastChargerConnected: false
I/[SystemUI]LGPowerUI( 1479): levelEx = 99, plugTypeEx = 2, WirelessAlignment = 0, chargingCurrent = 0, orientation = PORTRAIT
I/[SystemUI]LGPowerUI( 1479): On Skip Timer : true
V/OMXCodec(14531): [OMX.google.mp3.decoder] onStateChange 1
V/OMXCodec(14531): [OMX.google.mp3.decoder] Now Loaded.
V/OMXCodec(14531): [OMX.google.mp3.decoder] setState mState=6 , newState=1
V/OMXCodec(14531): [OMX.google.mp3.decoder] mAsyncCompletion wait free!!
V/OMXCodec(14531): [OMX.google.mp3.decoder] stopped in state 1
V/OMXCodec(14531): [OMX.google.mp3.decoder] ~OMXCodec mstate =1
D/PowerService( 1827): isFastChargerType: false, isCharging: true, isFastChargerConnected: false
D/audio_hw_extn(14531): audio_extn_get_parameters: returns 
V/msm8974_platform(14531): platform_get_parameters: exit: returns - 
V/audio_hw_primary(14531): adev_get_parameters: exit: returns - 
I/str_params(14531): key: 'isSwIrrc' value: ''
D/PhoneUtils( 1774): getSubIdUsingSlotId() slotId:0 -> subId:2
D/KeyguardUpdateMonitor( 1479): Intent.ACTION_BATTERYEX_CHANGED EXTRA_CHARGING_CURRENT : 0 / EXTRA_HVDCP_TYPE : false
I/[SystemUI]LGPowerUI( 1479): onReceive = com.lge.android.intent.action.BATTERYEX
I/[SystemUI]LGPowerUI( 1479): levelEx = 99, plugTypeEx = 2, WirelessAlignment = 0, chargingCurrent = 0, orientation = PORTRAIT
I/[SystemUI]LGPowerUI( 1479): On Skip Timer : true
V/OMXCodec(14531): [OMX.google.mp3.decoder] setState mState=1 , newState=0
V/MediaPlayer[Native](26584): notify(8, 0, 0) callback on disconnected mediaplayer
V/MediaPlayer[Native](26584): before disconnect p = 0xa8eb9360
V/MediaPlayer[Native](26584): reset disconnect
V/MediaPlayerService(14531): disconnect(2146) from pid 26584
V/AwesomePlayer(14531): reset_l() 
V/AwesomePlayer(14531): cancelPlayerEvents
V/AwesomePlayer(14531): reset_l() 
V/AwesomePlayer(14531): cancelPlayerEvents
V/AwesomePlayer(14531): ~AwesomePlayer call
D/WifiController(  967): battery changed pluggedType: 2
V/AwesomePlayer(14531): reset_l() 
V/AwesomePlayer(14531): cancelPlayerEvents
D/LEDHandler( 1827): ACTION_BATTERY_CHANGED : plugged type=2
D/LEDHandler( 1827): Battery Level Remaining: 99%
D/LEDHandler( 1827): Battery Temp: 303, mChargingStatus=2, mChargingStop=false
D/KeyguardUpdateMonitor( 1479): Intent.ACTION_BATTERY_CHANGED status : 2 ,plugged : 2 ,level : 99 ,temperature : 303
I/[SystemUI]LGPowerUI( 1479): onReceive = android.intent.action.BATTERY_CHANGED
I/[SystemUI]LGPowerUI( 1479): level = 99, plugType = 2, plugged = true, mCharging = true, temperature = 353
D/WifiApDisableIfNotUsed(  967): ACTION_BATTERY_CHANGED : pluggedType = 2
I/[SystemUI]BatterySaverHandler( 1479): onReceive = android.intent.action.BATTERY_CHANGED
V/MediaPlayer[Native](26584): setListener
V/MediaPlayer[Native](26584): disconnect
V/MediaPlayer[Native](26584): destructor
V/AudioFlinger(14531): releasing 3021 from 26584 for -1
V/AudioFlinger(14531):  decremented refcount to 0
V/AudioFlinger(14531): purging stale effects
V/MediaPlayerService(14531): Client(2146) destructor pid = 26584
V/AudioSink(14531): close
V/MediaPlayerService(14531): disconnect(2146) from pid 26584
V/MediaPlayer[Native](26584): disconnect
I/MusicBrowser(26584): [MusicUtils.java:635:getSmartShareVersion()] oooooo SmartshareVersion:953
V/MusicBrowser(26584): [MediaPlaybackService.java:9316:terminateSmartShareClient()] oooooo 
I/SmartShareClient(26584): [SmartShareManagerClient] unregisterListener: 759605965
W/SmartShareClient(26584): [SmartShareManagerClient] unregisterListener invalid listener: 759605965
I/SmartShareClient(26584): [SmartShareManagerClient] terminate service: 26584/MediaPlaybackService/115333684
E/HomeCloudIF(26584): unregiterHomeCloudBroadcast(), Illegal argument.
I/SmartShareClient(26584): [SmartShareManagerClient] unbindService context:android.app.Application@1a4d14ff
V/CloudHub(26584): [HELPER][Framework|isAvailable] com.lge.cloudhub: versionName=2.4.1, versionCode=204001, state=0
V/CloudHub(26584): [CLIENT][CloudHubClientFactory|destroyScheduler] Destroy scheduler (count=0)
I/CloudHub(26584): [CLIENT][CloudHubClientFactory|destroyScheduler] Start exit timer
D/MusicBrowser(26584): [MediaPlaybackService.java:9011:setStopForeground()] oooooo bValue : true
I/MusicBrowser(26584): [MediaPlaybackService.java:onCreate()] oooooo 
I/MusicBrowser_EntryTime(26584): MediaPlaybackService.java onCreate
D/MusicBrowser(26584): [MediaPlaybackService.java:9011:setStopForeground()] oooooo bValue : true
I/MusicBrowser(26584): [MediaPlaybackService.java:1557:onCreate()] oooooo mRemoteControlClient :: null
V/AudioManager(26584): registerMediaButtonIntent() CallingPackageName = com.lge.music, RegisterPackageName = com.lge.music
I/art     (26584): Explicit concurrent mark sweep GC freed 158678(6MB) AllocSpace objects, 0(0B) LOS objects, 49% free, 16MB/32MB, paused 296us total 32.459ms
D/MusicBrowser(26584): [MusicUtils.java:[Audio Effect] getBackupAudioEffect()] oooooo selected=0
I/MusicBrowser(26584): [MediaPlaybackService.java:1581:onCreate()] oooooo Service is restarted...
I/MusicBrowser(26584): [MediaPlaybackService.java:1591:onCreate()] oooooo sUserId = 0, isForegroundUser = true
V/MediaPlayer[Native](26584): constructor
V/AudioFlinger(14531): acquiring 3022 from 26584, for -1
V/AudioFlinger(14531):  added new entry for 3022
V/MediaPlayer[Native](26584): setListener
E/ExtMediaPlayer-JNI(26584): QCMediaPlayer could not be located....
E/MediaPlayer-JNI(26584): QCMediaPlayer mediaplayer NOT present
I/SoundControl(26584): SoundControl MediaPlayer=com.lge.media.MediaPlayerEx@36af5f82
D/MusicBrowser(26584): [MediaPlaybackService.java:onCreate()] oooooo mMethod_setLGAudioEffect ::public int com.lge.media.MediaPlayerEx.setLGAudioEffect(int,int,int,int)
D/MusicBrowser(26584): [MediaPlaybackService.java:onCreate()] oooooo mMethod_setLGSoleCustomEQ ::public int com.lge.media.MediaPlayerEx.setLGSoleCustomEQ(int,int)
D/MusicBrowser(26584): [MediaPlaybackService.java:onCreate()] oooooo sMethod_setPlaybackSpeed ::public boolean com.lge.sound.SoundControl.setPlaybackSpeed(float)
D/MusicBrowser(26584): [MediaPlaybackService.java:onCreate()] oooooo sMethod_getPlaybackSpeed ::public float com.lge.sound.SoundControl.getPlaybackSpeed()
I/MusicBrowser(26584): [MediaPlaybackService.java:registerExternalStorageListener()] oooooo 
I/MusicBrowser(26584): [MediaPlaybackService.java:reloadQueue()] oooooo 
D/MusicBrowser(26584): [MediaPlaybackService.java:reloadQueue()] oooooo id=-1
D/MusicBrowser(26584): [MediaPlaybackService.java:reloadQueue()] oooooo mCardId=-1
D/MusicBrowser(26584): [MediaPlaybackService.java:reloadQueue()] oooooo mPreferences.id=-1
D/MusicBrowser(26584): [MediaPlaybackService.java:reloadQueue()] oooooo q=36;46;56;66;76;86;96;a6;b6;c6;d6;e6;f6;07;17;27;37;47;57;67;77;87;97;a7;b7;c7;d7;e7;f7;08;18;28;38;48;58;68;78;88;98;a8;b8;c8;d8;e8;f8;09;19;29;39;49;59;69;79;89;99;a9;b9;c9;d9;e9;f9;0a;1a;2a;3a;4a;5a;6a;7a;8a;9a;aa;ba;ca;da;ea;fa;0b;1b;2b;3b;4b;5b;6b;7b;8b;9b;ab;bb;cb;db;eb;fb;0c;1c;2c;
D/MusicBrowser(26584): [MediaPlaybackService.java:reloadQueue()] oooooo q.length=288
D/MusicBrowser(26584): [MediaPlaybackService.java:reloadQueue()] oooooo qlen=288
D/MusicBrowser(26584): [MediaPlaybackService.java:reloadQueue()] oooooo mPlayListLen=96
D/MusicBrowser(26584): [MediaPlaybackService.java:reloadQueue()] oooooo pos=7
W/MusicBrowser(26584): - Start trace [MusicUtils.query]---------------------------------------------------------------
W/MusicBrowser(26584): [Line 003747] MusicUtils.java, query() : MusicUtils.query
W/MusicBrowser(26584): [Line 002375] MediaPlaybackService.java, reloadQueue() : MusicUtils.query
W/MusicBrowser(26584): [Line 001623] MediaPlaybackService.java, onCreate() : MusicUtils.query
W/MusicBrowser(26584): [Line 002806] ActivityThread.java, handleCreateService() : MusicUtils.query
W/MusicBrowser(26584): - End   trace [MusicUtils.query]---------------------------------------------------------------
I/MusicBrowser(26584): [MediaPlaybackService.java:openCurrent()] oooooo 
D/MusicBrowser(26584): [MediaPlaybackService.java:stop()] oooooo remove_status_iconfalse
D/MusicBrowser(26584): [MediaPlaybackService.java:open()] oooooo path = content://media/external/audio/media/106
D/MusicBrowser(26584): [MediaPlaybackService.java:setDataSource()] oooooo pathcontent://media/external/audio/media/106
D/MusicBrowser(26584): [MusicUtils.java:getFilePath()] oooooo path : content://media/external/audio/media/106
D/MusicBrowser(26584): [MusicUtils.java:getFilePath()] oooooo filePath : /storage/emulated/0/Music/Brothers/brotherskaramazov_08_dostoyevsky_64kb.mp3
V/MusicBrowser(26584): [DrmUtils.java:playProcess()] oooooo DrmType =  Drm.CONTENT_TYPE_NOTDRM
V/MusicBrowser(26584): [MediaPlaybackService.java:setDataSource()] oooooo [DRM----->setDataSource Drm.CONTENT_TYPE_NOTDRM]
I/MediaPlayer[Native](26584): reset
D/MediaPlayer(26584): setDataSource by uri
D/MediaPlayer(26584): setDataSource by fd
V/MediaPlayer[Native](26584): setDataSource(33, 0, 576460752303423487)
V/MediaPlayerService(14531): Client(2147) constructor
V/MediaPlayerService(14531): Create new client(2147) from pid 26584, uid 10033, 
V/MediaPlayerService(14531): setDataSource fd=23, offset=0, length=576460752303423487
D/MediaPlayerService(14531): setDataSourceFromFD(23) -> /data/media/0/Music/Brothers/brotherskaramazov_08_dostoyevsky_64kb.mp3
V/MediaPlayerService(14531): st_dev  = 66307
V/MediaPlayerService(14531): st_mode = 33204
V/MediaPlayerService(14531): st_uid  = 1023
V/MediaPlayerService(14531): st_gid  = 1023
V/MediaPlayerService(14531): st_size = 9627757
V/MediaPlayerService(14531): calculated length = 9627757
W/BrunchPlayerTypeImpl(14531): [SelectPlayer] LocalType
W/BrunchPlayerTypeImpl(14531): [getMediaType] EXTEND_MEDIA_MIMETYPE = audio/mpeg
W/BrunchPlayerTypeImpl(14531): [FindUsePlayer] type = [audio/mpeg]
W/BrunchPlayerTypeImpl(14531): [FindUsePlayer] componentName = [9101]
W/MediaPlayerFactory(14531): [getPlayerType:fd] nType = 3
V/MediaPlayerService(14531): player type = 3
V/AwesomePlayer(14531): AwesomePlayer create()
V/AwesomePlayer(14531): reset_l() 
V/AwesomePlayer(14531): cancelPlayerEvents
V/AwesomePlayer(14531): AwesomePlayer running on behalf of uid 10033
V/AudioSink(14531): AudioOutput(3022)
V/AudioSinkEx(14531): LGAudioOutput(3022)
V/AwesomePlayer(14531): setAudioSink() 
D/AwesomePlayer(14531): Before reset_l
V/AwesomePlayer(14531): reset_l() 
V/MediaPlayerService(14531): [2147] notify (0xb2827280, 8, 0, 0)
V/AwesomePlayer(14531): cancelPlayerEvents
D/Utils   (14531): printFileName fd(24) -> /data/media/0/Music/Brothers/brotherskaramazov_08_dostoyevsky_64kb.mp3
V/AwesomePlayer(14531): setDataSource_l dataSource
V/LGParserOSAL(14531): SniffLGParser start
V/MediaPlayer[Native](26584): message received msg=8, ext1=0, ext2=0
V/MediaPlayer[Native](26584): notify(8, 0, 0) callback on disconnected mediaplayer
V/LGParserOSAL(14531): #### check Mime : audio/mpeg
V/LGParserOSAL(14531): Detector mimeType:audio/mpeg, Confidence=1.000000
E/MediaExtractor(14531): Use LGExtractor :audio/mpeg 
W/MediaExtractorHelper(14531): LG-CodeParser Version: LG_CodecParser_R2.0.2.6
I/ID3Wrapper(14531): ID3Wrapper com->done() : id3 is COMM
V/LGParserOSAL(14531): supported mime: audio/mpeg
V/AwesomePlayer(14531): setDataSource_l() extractor countTracks=1
V/AwesomePlayer(14531): mBitrate = 64000 bits/sec
V/AwesomePlayer(14531): AudioTrack Setting
V/AwesomePlayer(14531): AudioTrack Setting channelCount = 1
V/AwesomePlayer(14531): setAudioSource() 
V/MediaPlayerService(14531):  setDataSource
V/AwesomePlayer(14531): awesomeP getParameter LGE_MEDIAPLAYER_KEYPARAM_DIVX_DIVX_DRM_FILE, m_isDivXDRM = 0
V/MediaPlayer[Native](26584): MediaPlayer::setAudioStreamType
E/MediaPlayer[Native](26584): invoke invokeId=0xbef228c0
E/MediaPlayer[Native](26584): invoke key=0xbef228c4
V/MediaPlayer[Native](26584): invoke 88
D/MediaPlayerServiceEx(14531): [lgeinvoke:set] param id : 0x6f001000
V/MediaPlayerServiceEx(14531): [2147] LGClient::setParameter(1862275072)
V/AudioSinkEx(14531): SOLE setAudioEffect:[-1] iEnable(1), iType(-1), iPath(-1), iMedia(1)
V/MediaPlayer[Native](26584): setVideoSurfaceTexture
V/MediaPlayerService(14531): [2147] setVideoSurfaceTexture(0x0)
V/MediaPlayer[Native](26584): prepare
V/MediaPlayerService(14531): [2147] setAudioStreamType(3)
V/MediaPlayerService(14531): [2147] prepareAsync
V/AwesomePlayer(14531): prepareAsync_l() 
V/AwesomePlayer(14531): onPrepareAsyncEvent() 
V/AwesomePlayer(14531): initAudioDecoder() 
W/Utils   (14531): bool android::canOffloadStream(const android::sp<android::MetaData>&, bool, const android::sp<android::MetaData>&, bool, audio_stream_type_t) No Sample Bit info in meta data
V/AudioSystem(14531): isOffloadSupported()
V/AudioPolicyManager(14531): isOffloadSupported: SR=22050, CM=0x1, Format=0x1000000, StreamType=3, BitRate=64000, duration=1203382857 us, has_video=0
D/audio_hw_extn(14531): audio_extn_get_parameters: returns 
V/msm8974_platform(14531): platform_get_parameters: exit: returns - 
V/audio_hw_primary(14531): adev_get_parameters: exit: returns - 
I/str_params(14531): key: 'isVirtualMirrorLinkDevice' value: ''
V/audio_hw_primary(14531): adev_get_parameters: exit: returns - SND_CARD_STATUS=1
I/str_params(14531): key: 'SND_CARD_STATUS' value: ''
V/AudioPolicyManager(14531): isPlaybackThread 1,isRecordThread 0
V/AudioPolicyManager(14531): isPlaybackThread 1,isRecordThread 0
V/AudioPolicyManager(14531): isPlaybackThread 1,isRecordThread 0
V/AudioPolicyManager(14531): isPlaybackThread 1,isRecordThread 0
V/AudioPolicyManager(14531): isPlaybackThread 1,isRecordThread 0
V/AudioPolicyManager(14531): isPlaybackThread 1,isRecordThread 0
V/AudioPolicyManager(14531): isPlaybackThread 1,isRecordThread 0
V/AudioPolicyManager(14531): isPlaybackThread 1,isRecordThread 0
V/AudioPolicyManager(14531): isPlaybackThread 1,isRecordThread 0
V/AudioPolicyManager(14531): isOffloadSupported() profile NOT found
I/AudioFlinger(14531): isAudioPlaybackHookOn() false
V/AwesomePlayer(14531): getUseOffload() = 0 
V/OMXCodec(14531): OMXCodec::Create
V/OMXCodec(14531): findMatchingCodecs()
V/OMXCodec(14531): matching 'OMX.google.mp3.decoder' quirks 0x00000000
V/OMXCodec(14531): matchingCodecs.size()=1
V/OMXCodec(14531): Attempting to allocate OMX node 'OMX.google.mp3.decoder'
D/OMXCodec(14531): Successfully allocated OMX node 'OMX.google.mp3.decoder'
V/LGCodecAdapter(14531): LG Codec Adapter start
V/OMXCodec(14531): OMXCodec Createtor
V/OMXCodec(14531): setComponentRole
V/OMXCodec(14531): configureCodec protected=0
V/LGCodecAdapter(14531): called getLGCodecSpecificData
V/LGCodecOSAL(14531): Called LGgetCodecSpecificDataMETA
V/LGCodecOSAL(14531): Called LGconfigureCodecMETA
V/LGCodecOSAL(14531): Called LGconfigureCodecMSG
V/LGCodecOSAL(14531): Not support LGCodec
V/OMXCodec(14531): [OMX.google.mp3.decoder] initOutputFormat()
I/ExtendedUtils(14531): decision 0 mime 
I/AwesomePlayer(14531): Could not offload audio decode, try pcm offload
W/Utils   (14531): bool android::canOffloadStream(const android::sp<android::MetaData>&, bool, const android::sp<android::MetaData>&, bool, audio_stream_type_t) No Sample Bit info in meta data
V/AudioSystem(14531): isOffloadSupported()
V/AudioPolicyManager(14531): isOffloadSupported: SR=22050, CM=0x1, Format=0x1c000001, StreamType=3, BitRate=4294967295, duration=1203382857 us, has_video=0
D/audio_hw_extn(14531): audio_extn_get_parameters: returns 
V/msm8974_platform(14531): platform_get_parameters: exit: returns - 
V/audio_hw_primary(14531): adev_get_parameters: exit: returns - 
I/str_params(14531): key: 'isVirtualMirrorLinkDevice' value: ''
D/AudioPolicyManager(14531): system property not enabled for PCM offload format[1c000001]
V/OMXCodec(14531): [OMX.google.mp3.decoder] start mState=1
V/OMXCodec(14531): init()
V/OMXCodec(14531): [OMX.google.mp3.decoder] setState mState=1 , newState=2
V/OMXCodec(14531): allocateBuffers
V/OMXCodec(14531): allocateBuffersOnPort portIndex=0
V/OMXCodec(14531): [OMX.google.mp3.decoder] allocating 4 buffers of size 8192 on input port
V/OMXCodec(14531): [OMX.google.mp3.decoder] allocated buffer 0xb13f50b0 on input port
V/OMXCodec(14531): [OMX.google.mp3.decoder] allocated buffer 0xb13f5380 on input port
V/OMXCodec(14531): [OMX.google.mp3.decoder] allocated buffer 0xb2809060 on input port
V/OMXCodec(14531): [OMX.google.mp3.decoder] allocated buffer 0xb2809290 on input port
V/OMXCodec(14531): allocateBuffersOnPort portIndex=1
V/OMXCodec(14531): [OMX.google.mp3.decoder] allocating 4 buffers of size 9216 on output port
V/OMXCodec(14531): [OMX.google.mp3.decoder] allocated buffer 0xb28096a0 on output port
V/OMXCodec(14531): [OMX.google.mp3.decoder] allocated buffer 0xb2809ab0 on output port
V/OMXCodec(14531): [OMX.google.mp3.decoder] allocated buffer 0xb2809d80 on output port
V/OMXCodec(14531): [OMX.google.mp3.decoder] allocated buffer 0xb2809f60 on output port
V/OMXCodec(14531): init() mAsyncCompletion wait!!! 
V/OMXCodec(14531): [OMX.google.mp3.decoder] onStateChange 2
V/OMXCodec(14531): [OMX.google.mp3.decoder] Now Idle.
V/OMXCodec(14531): [OMX.google.mp3.decoder] setState mState=2 , newState=3
V/OMXCodec(14531): init() mAsyncCompletion wait!!! 
V/OMXCodec(14531): [OMX.google.mp3.decoder] onStateChange 3
V/OMXCodec(14531): [OMX.google.mp3.decoder] Now Executing.
V/OMXCodec(14531): [OMX.google.mp3.decoder] setState mState=3 , newState=4
V/OMXCodec(14531): init() mAsyncCompletion wait free! 
V/AwesomePlayer(14531): finishAsyncPrepare_l() 
V/MediaPlayerService(14531): [2147] notify (0xb2827280, 5, 0, 0)
V/MediaPlayer[Native](26584): message received msg=5, ext1=0, ext2=0
V/MediaPlayer[Native](26584): New video size 0 x 0
V/MediaPlayer[Native](26584): callback application
V/MediaPlayer[Native](26584): back from callback
V/MediaPlayerService(14531): [2147] notify (0xb2827280, 1, 0, 0)
V/MediaPlayer[Native](26584): message received msg=1, ext1=0, ext2=0
V/MediaPlayer[Native](26584): prepared
V/MediaPlayer[Native](26584): signal application thread
V/MediaPlayer[Native](26584): callback application
V/MediaPlayer[Native](26584): back from callback
V/MediaPlayer[Native](26584): prepare complete - status=0
E/MediaPlayer(26584): Should have subtitle controller already set
V/MediaPlayer[Native](26584): getDuration_l
V/MediaPlayerService(14531): [2147] getDuration = 1203383
V/MusicBrowser(26584): [MediaPlaybackService.java:getAudioId()] oooooo mPlayList[mPlayPos] = 106
V/MediaPlayer[Native](26584): getCurrentPosition
V/MediaPlayerService(14531): [2147] getCurrentPosition = 0
I/MusicBrowser(26584): [MediaPlaybackService.java:9829:sendPlayedTime()] oooooo ACTION_MUSIC_PLAYER_PLAY :: id = 106, played_time = 0
W/ActivityManager(  967): Unable to start service Intent { act=com.lge.mrg.service.intent.action.APPEND_USER_LOG cmp=com.lge.mrg.service/.internal.ActionManagerService (has extras) } U=0: not found
V/MusicBrowser(26584): [MediaPlaybackService.java:seek()] oooooo pos0
V/MediaPlayer[Native](26584): getDuration_l
V/MediaPlayerService(14531): [2147] getDuration = 1203383
V/MusicBrowser(26584): [MediaPlaybackService.java:MultiPlayer.seek()] oooooo whereto0
V/MediaPlayer[Native](26584): seekTo 0
V/MediaPlayerService(14531): [2147] getDuration = 1203383
V/MediaPlayerService(14531): [2147] seekTo(0)
V/AwesomePlayer(14531): seekTo_l() 
V/AwesomePlayer(14531): seekAudioIfNecessary_l() 
V/AwesomePlayer(14531): seeking while paused, sending SEEK_COMPLETE notification immediately.
V/MediaPlayerService(14531): [2147] notify (0xb2827280, 4, 0, 0)
V/MediaPlayer[Native](26584): message received msg=4, ext1=0, ext2=0
V/MediaPlayer[Native](26584): Received seek complete
V/MediaPlayer[Native](26584): All seeks complete - return to regularly scheduled program
V/MediaPlayer[Native](26584): callback application
V/MediaPlayer[Native](26584): back from callback
V/MediaPlayer[Native](26584): getDuration_l
V/MediaPlayerService(14531): [2147] getDuration = 1203383
V/MediaPlayer[Native](26584): getCurrentPosition
V/MediaPlayerService(14531): [2147] getCurrentPosition = 0
V/MediaPlayer[Native](26584): getDuration_l
V/MediaPlayerService(14531): [2147] getDuration = 1203383
D/MusicBrowser(26584): [MediaPlaybackService.java:reloadQueue()] oooooo restored queue, currently at position 0/1203383 (requested 0)
D/MusicBrowser(26584): [MediaPlaybackService.java:3330:notifyChange()] oooooo {what=com.lge.music.queuechanged}
I/MusicBrowser(26584): [MediaPlaybackService.java:3332:notifyChange()] oooooo 
V/MusicBrowser(26584): [MediaPlaybackService.java:getArtistName()] oooooo artistName : Fyodor Dostoyevsky
V/MusicBrowser(26584): [MediaPlaybackService.java:5942:getAlbumName()] oooooo {albumName : =The Brothers Karamazov}
V/MusicBrowser(26584): [MediaPlaybackService.java:getTrackName()] oooooo trackName : 08 - Book 2 Chapter 3 - Peasant Women Who Have Faith
V/MediaPlayer[Native](26584): getDuration_l
V/MediaPlayerService(14531): [2147] getDuration = 1203383
V/MediaPlayer[Native](26584): getDuration_l
V/MediaPlayerService(14531): [2147] getDuration = 1203383
V/MediaPlayer[Native](26584): getCurrentPosition
V/MediaPlayerService(14531): [2147] getCurrentPosition = 0
D/MusicBrowser(26584): [MediaPlaybackService.java:3362:notifyChange()] oooooo id : 8
D/MusicBrowser(26584): [MediaPlaybackService.java:3363:notifyChange()] oooooo artist : Fyodor Dostoyevsky
D/MusicBrowser(26584): [MediaPlaybackService.java:3364:notifyChange()] oooooo album : The Brothers Karamazov
D/MusicBrowser(26584): [MediaPlaybackService.java:3365:notifyChange()] oooooo track : 08 - Book 2 Chapter 3 - Peasant Women Who Have Faith
D/MusicBrowser(26584): [MediaPlaybackService.java:3366:notifyChange()] oooooo playing : false
V/MediaPlayer[Native](26584): getDuration_l
V/MediaPlayerService(14531): [2147] getDuration = 1203383
D/MusicBrowser(26584): [MediaPlaybackService.java:3367:notifyChange()] oooooo duration() : 1203383
V/MediaPlayer[Native](26584): getDuration_l
V/MediaPlayerService(14531): [2147] getDuration = 1203383
V/MediaPlayer[Native](26584): getCurrentPosition
V/MediaPlayerService(14531): [2147] getCurrentPosition = 0
D/MusicBrowser(26584): [MediaPlaybackService.java:3368:notifyChange()] oooooo position() : 0
D/MusicBrowser(26584): [MediaPlaybackService.java:3369:notifyChange()] oooooo ListSize : 96
I/MusicBrowser(26584): [MediaPlaybackService.java:2079:saveQueue()] oooooo {full=true}
I/MusicBrowser(26584): [MediaPlaybackService.java:2084:saveQueue()] oooooo mQueueIsSaveable ==>> true  mCardId ==>> -1
I/MusicWidget( 6781): intentReceiver onReceive() action::com.lge.music.queuechanged
I/MusicWidget( 6781): beingMusicWidget_4x2() result::false
I/MusicWidget( 6781): beingMusicWidget_Quick() result::true
I/MusicWidget( 6781): beingMusicWidget_4x1() result::false
I/MusicWidget( 6781): bindToService()
D/MusicBrowser(26584): [MediaPlaybackService.java:2164:saveQueue()] oooooo {queue=36;46;56;66;76;86;96;a6;b6;c6;d6;e6;f6;07;17;27;37;47;57;67;77;87;97;a7;b7;c7;d7;e7;f7;08;18;28;38;48;58;68;78;88;98;a8;b8;c8;d8;e8;f8;09;19;29;39;49;59;69;79;89;99;a9;b9;c9;d9;e9;f9;0a;1a;2a;3a;4a;5a;6a;7a;8a;9a;aa;ba;ca;da;ea;fa;0b;1b;2b;3b;4b;5b;6b;7b;8b;9b;ab;bb;cb;db;eb;fb;0c;1c;2c;}
D/MusicBrowser(26584): [MediaPlaybackService.java:2166:saveQueue()] oooooo {mCardId=-1}
D/MusicBrowser(26584): [MediaPlaybackService.java:2201:saveQueue()] oooooo {curpos=7}
V/MediaPlayer[Native](26584): getCurrentPosition
V/MediaPlayerService(14531): [2147] getCurrentPosition = 0
D/MusicBrowser(26584): [MediaPlaybackService.java:3330:notifyChange()] oooooo {what=com.lge.music.metachanged}
I/MusicBrowser(26584): [MediaPlaybackService.java:3332:notifyChange()] oooooo 
V/MusicBrowser(26584): [MediaPlaybackService.java:getArtistName()] oooooo artistName : Fyodor Dostoyevsky
V/MusicBrowser(26584): [MediaPlaybackService.java:5942:getAlbumName()] oooooo {albumName : =The Brothers Karamazov}
V/MusicBrowser(26584): [MediaPlaybackService.java:getTrackName()] oooooo trackName : 08 - Book 2 Chapter 3 - Peasant Women Who Have Faith
V/MediaPlayer[Native](26584): getDuration_l
V/MediaPlayerService(14531): [2147] getDuration = 1203383
V/MediaPlayer[Native](26584): getDuration_l
V/MediaPlayerService(14531): [2147] getDuration = 1203383
V/MediaPlayer[Native](26584): getCurrentPosition
V/MediaPlayerService(14531): [2147] getCurrentPosition = 0
D/MusicBrowser(26584): [MediaPlaybackService.java:3362:notifyChange()] oooooo id : 8
D/MusicBrowser(26584): [MediaPlaybackService.java:3363:notifyChange()] oooooo artist : Fyodor Dostoyevsky
D/MusicBrowser(26584): [MediaPlaybackService.java:3364:notifyChange()] oooooo album : The Brothers Karamazov
D/MusicBrowser(26584): [MediaPlaybackService.java:3365:notifyChange()] oooooo track : 08 - Book 2 Chapter 3 - Peasant Women Who Have Faith
D/MusicBrowser(26584): [MediaPlaybackService.java:3366:notifyChange()] oooooo playing : false
V/MediaPlayer[Native](26584): getDuration_l
V/MediaPlayerService(14531): [2147] getDuration = 1203383
D/MusicBrowser(26584): [MediaPlaybackService.java:3367:notifyChange()] oooooo duration() : 1203383
V/MediaPlayer[Native](26584): getDuration_l
V/MediaPlayerService(14531): [2147] getDuration = 1203383
V/MediaPlayer[Native](26584): getCurrentPosition
V/MediaPlayerService(14531): [2147] getCurrentPosition = 0
D/MusicBrowser(26584): [MediaPlaybackService.java:3368:notifyChange()] oooooo position() : 0
D/MusicBrowser(26584): [MediaPlaybackService.java:3369:notifyChange()] oooooo ListSize : 96
I/MusicWidget( 6781): intentReceiver onReceive() action::com.lge.music.metachanged
I/MusicBrowser(26584): [MediaPlaybackService.java:3381:notifyChange()] oooooo mRemoteControlClient.editMetadata :: META_CHANGED 
V/MusicBrowser(26584): [MediaPlaybackService.java:getAudioId()] oooooo mPlayList[mPlayPos] = 106
V/MusicBrowser(26584): [MediaPlaybackService.java:getAlbumId()] oooooo albumId : 6
I/MusicWidget( 6781): beingMusicWidget_4x2() result::false
I/MusicBrowser(26584): [MediaPlaybackService.java:2079:saveQueue()] oooooo {full=false}
I/MusicWidget( 6781): beingMusicWidget_Quick() result::true
I/MusicBrowser(26584): [MediaPlaybackService.java:2084:saveQueue()] oooooo mQueueIsSaveable ==>> true  mCardId ==>> -1
I/MusicWidget( 6781): beingMusicWidget_4x1() result::false
I/MusicWidget( 6781): bindToService()
I/MusicBrowser(26584): [MediaPlaybackService.java:9957:run()] oooooo AlbumImageUpdater() run :: Start
I/MusicBrowser(26584): [MediaPlaybackService.java:10009:run()] oooooo AlbumImageUpdater() run :: End
D/MusicBrowser(26584): [MediaPlaybackService.java:2201:saveQueue()] oooooo {curpos=7}
V/MediaPlayer[Native](26584): getCurrentPosition
V/MediaPlayerService(14531): [2147] getCurrentPosition = 0
I/MusicBrowser(26584): [HomeCloudUtils.java:431:registerListener()] oooooo registerListener: com.lge.music.MediaPlaybackService$27@5e02ffc
I/MusicBrowser(26584): [MediaPlaybackService.java:updateGroupIndexData()] oooooo 
I/MusicBrowser(26584): [MediaPlaybackService.java:destroyIndexCountProvider()] oooooo 
I/MusicBrowser(26584): [GroupIndexApi.java:groupingIndexDataProviderStart()] oooooo 
I/MusicBrowser(26584): [GroupingIndexDataProvider.java:101:doInBackground()] oooooo mIsMusicPickerMode = false
I/MusicBrowser(26584): [MusicUtils.java:initNotificationState()] oooooo 
I/MusicBrowser(26584): [MusicUtils.java:isSupportedSystemUiDB()] oooooo isSupported :: false
E/ActivityThread(26584): Failed to find provider info for com.lge.music.Setting
E/MusicBrowser(26584): [MusicUtils.java:8944:initNotificationState()] oooooo initNotificationState ERROR:: java.lang.NullPointerException: Attempt to invoke interface method 'int android.database.Cursor.getCount()' on a null object reference
V/CloudHub(26584): [HELPER][Framework|isAvailable] com.lge.cloudhub: versionName=2.4.1, versionCode=204001, state=0
V/CloudHub(26584): [CLIENT][CloudHubClientFactory|createScheduler] Created scheduler (count=1)
D/MusicBrowser(26584): [MediaPlaybackService.java:1900:sendBroadcastRepeatMode()] oooooo BT send intent mRepeatMode : 0
D/MusicBrowser(26584): [MediaPlaybackService.java:1901:sendBroadcastRepeatMode()] oooooo BT send intent ACTION_SEND_REPEAT_VALUE_CHANGED : 1
D/MusicBrowser(26584): [MediaPlaybackService.java:1889:sendBroadcastShuffleMode()] oooooo BT send intent mShuffleMode : 0
D/MusicBrowser(26584): [MediaPlaybackService.java:1890:sendBroadcastShuffleMode()] oooooo BT send intent ACTION_SEND_SHUFFLE_VALUE_CHANGED : 1
I/MusicBrowser(26584): [MusicUtils.java:10451:isAKACoverSupported()] oooooo aka not support!
I/MusicBrowser(26584): [MediaPlaybackService.java:onBind()] oooooo 
E/MediaPlayer(26584): Should have subtitle controller already set
D/MusicBrowser(26584): [MediaPlaybackService.java:onPrepared()] oooooo arg0com.lge.media.MediaPlayerEx@36af5f82
I/MusicWidget( 6781): onServiceConnected()
I/MusicWidget( 6781): setContextAndService()_4x2
I/MusicWidget( 6781): setContextAndService()_4x1
I/MusicWidget( 6781): setContextAndService()_QuickCover
I/MusicWidget( 6781): status::mounted
V/MusicBrowser(26584): [MediaPlaybackService.java:getTrackName()] oooooo trackName : 08 - Book 2 Chapter 3 - Peasant Women Who Have Faith
E/MusicBrowser(26584): [MediaPlaybackService.java:9875:updateRemoteControlPlaystate()] oooooo mRemoteControlClient == null
I/MusicBrowser(26584): [MediaPlaybackService.java:mHeadsetReceiver.onReady()] oooooo intentIntent { act=android.intent.action.HEADSET_PLUG flg=0x40000010 (has extras) }
D/MusicBrowser(26584): [MediaPlaybackService.java:8074:onReceive()] oooooo {nState=0}
D/MusicBrowser(26584): [MediaPlaybackService.java:3716:getQueue()] oooooo {list=[J@3ea4e13d}
I/MusicWidget( 6781): setRemoteViewLock QuickCover( true ) 
I/MusicWidget( 6781): setDefaultViewmLayoutIdQuickCover()
I/MusicWidget( 6781): updateTrackInfo()_QuickCover
V/MusicBrowser(26584): [MediaPlaybackService.java:getTrackName()] oooooo trackName : 08 - Book 2 Chapter 3 - Peasant Women Who Have Faith
V/MusicBrowser(26584): [MediaPlaybackService.java:getArtistName()] oooooo artistName : Fyodor Dostoyevsky
I/MusicWidget( 6781): _artistName::Fyodor Dostoyevsky
I/MusicWidget( 6781): _real_trackname::08 - Book 2 Chapter 3 - Peasant Women Who Have Faith
I/MusicWidget( 6781): updateAlbumImage()_QuickCover
V/MusicBrowser(26584): [MediaPlaybackService.java:5771:getPath()] oooooo {mFileToPlay=content://media/external/audio/media/106}
V/MusicBrowser(26584): [MediaPlaybackService.java:getAudioId()] oooooo mPlayList[mPlayPos] = 106
V/MusicBrowser(26584): [MediaPlaybackService.java:5942:getAlbumName()] oooooo {albumName : =The Brothers Karamazov}
V/MusicBrowser(26584): [MediaPlaybackService.java:getAlbumId()] oooooo albumId : 6
I/MusicWidget( 6781): appWidgetViewUpdate()_QuickCover
I/MusicWidget( 6781): linkButtons()_QuickCover
I/MusicWidget( 6781): AlbumImageUpdater()_QuickCover run - Start
I/MusicWidget( 6781): pushUpdate()_QuickCover
V/MediaPlayerService(14531): Create new media retriever from pid 25949
W/BrunchPlayerTypeImpl(14531): [SelectPlayer] LocalType
W/BrunchPlayerTypeImpl(14531): [getMediaType] EXTEND_MEDIA_MIMETYPE = audio/mpeg
W/BrunchPlayerTypeImpl(14531): [FindUsePlayer] type = [audio/mpeg]
W/BrunchPlayerTypeImpl(14531): [FindUsePlayer] componentName = [9101]
W/MediaPlayerFactory(14531): [getPlayerType:fd] nType = 3
V/LGParserOSAL(14531): SniffLGParser start
V/LGParserOSAL(14531): #### check Mime : audio/mpeg
V/LGParserOSAL(14531): Detector mimeType:audio/mpeg, Confidence=1.000000
E/MediaExtractor(14531): Use LGExtractor :audio/mpeg 
W/MediaExtractorHelper(14531): LG-CodeParser Version: LG_CodecParser_R2.0.2.6
I/ID3Wrapper(14531): ID3Wrapper com->done() : id3 is COMM
V/LGParserOSAL(14531): supported mime: audio/mpeg
E/MetadataRetrieverClient(14531): failed to extract an album art
V/MediaPlayerService(14531): Create new media retriever from pid 25949
W/BrunchPlayerTypeImpl(14531): [SelectPlayer] LocalType
W/BrunchPlayerTypeImpl(14531): [getMediaType] EXTEND_MEDIA_MIMETYPE = audio/mpeg
W/BrunchPlayerTypeImpl(14531): [FindUsePlayer] type = [audio/mpeg]
W/BrunchPlayerTypeImpl(14531): [FindUsePlayer] componentName = [9101]
W/MediaPlayerFactory(14531): [getPlayerType:fd] nType = 3
V/LGParserOSAL(14531): SniffLGParser start
V/LGParserOSAL(14531): #### check Mime : audio/mpeg
V/LGParserOSAL(14531): Detector mimeType:audio/mpeg, Confidence=1.000000
E/MediaExtractor(14531): Use LGExtractor :audio/mpeg 
W/MediaExtractorHelper(14531): LG-CodeParser Version: LG_CodecParser_R2.0.2.6
I/ID3Wrapper(14531): ID3Wrapper com->done() : id3 is COMM
V/LGParserOSAL(14531): supported mime: audio/mpeg
E/MetadataRetrieverClient(14531): failed to extract an album art
W/MusicWidget( 6781): Exception in getArtworkFromFile
I/MusicWidget( 6781): setRemoteViewLock QuickCover( false ) 
I/MusicWidget( 6781): setDefaultViewmLayoutIdQuickCover()
I/MusicWidget( 6781): appWidgetViewUpdate()_QuickCover
I/MusicWidget( 6781): linkButtons()_QuickCover
I/MusicWidget( 6781): pushUpdate()_QuickCover
I/MusicWidget( 6781): AlbumImageUpdater()_QuickCover run - End
D/MusicBrowser(26584): [MediaPlaybackService.java:getAudioPath()] oooooo mOutpath1
D/MusicBrowser(26584): [MediaPlaybackService.java:setAudioEffect()] oooooo [Audio Effect] mAudioEffectValue = 0
D/MusicBrowser(26584): [MusicUtils.java:isUsingNoAudioEffect()] oooooo mAudioOutpath ==>> 1	isHDMIConnected ==>> false
D/MusicBrowser(26584): [MusicUtils.java:isUsingNoAudioEffect()] oooooo MusicConfig.SUPPORT_EQ_THROUGH_SPEAKER  ==>> true
I/MusicBrowser(26584): [MediaPlaybackService.java:7993:isHifiFilePlaying()] oooooo [HIFI] isHifiFilePlaying ::false
E/MediaPlayer[Native](26584): invoke invokeId=0xbef22b10
E/MediaPlayer[Native](26584): invoke key=0xbef22b14
V/MediaPlayer[Native](26584): invoke 88
D/MediaPlayerServiceEx(14531): [lgeinvoke:set] param id : 0x6f001000
V/MediaPlayerServiceEx(14531): [2147] LGClient::setParameter(1862275072)
V/AudioSinkEx(14531): SOLE setAudioEffect:[2147] iEnable(-1), iType(0), iPath(1), iMedia(-1)
D/MusicBrowser(26584): [MediaPlaybackService.java:setLGAudioEffect_API()] oooooo [Audio Effect] audioEffectMode :: 0
D/MusicBrowser(26584): [MediaPlaybackService.java:setLGAudioEffect_API()] oooooo [Audio Effect] audioEffectEnum :: 0
I/MusicBrowser(26584): [MediaPlaybackService.java:mHeadsetReceiver.onReady()] oooooo intentIntent { act=android.intent.action.HDMI_PLUGGED flg=0x44000010 (has extras) }
D/audio_hw_extn(14531): audio_extn_get_parameters: returns 
V/msm8974_platform(14531): platform_get_parameters: exit: returns - 
V/audio_hw_primary(14531): adev_get_parameters: exit: returns - 
I/str_params(14531): key: 'isSwIrrc' value: ''
D/PhoneUtils( 1774): getSubIdUsingSlotId() slotId:0 -> subId:2
V/AlarmManager(  967): ELAPSED_WAKEUP set : Alarm{2faab31a type 2 when 1532767145 com.android.phone} when 1532767145
I/SensorManager( 2285): removeAllSensors() [Sensor: LGE Accelerometer] by amro.a():2
D/sensors_hal_SMGR(  967): batch:sensor(android.sensor.accelerometer) sample_rate=15Hz report_rate_f=0.000000Hz curr sample rate:50 cur rpt rate:0 max:120.000000 min:1.000000
D/sensors_hal_SMGR(  967): SMGRReportAdd: Received Response: 0
V/AlarmManager(  967): ELAPSED_WAKEUP set : Alarm{2e5c5e4b type 2 when 1532767486 com.google.android.gms} when 1532767486
I/SensorManager( 2285): registerListenerImpl() [Sensor: LGE Accelerometer, Rate: 20000, SensorEventListener: amsv@3204f301] by amro.a():3
D/sensors_hal_SMGR(  967): batch:sensor(android.sensor.accelerometer) sample_rate=50Hz report_rate_f=0.000000Hz curr sample rate:15 cur rpt rate:0 max:120.000000 min:1.000000
D/sensors_hal_SMGR(  967): SMGRReportAdd: Received Response: 0
I/sensors_hal_Ctx(  967): flush: handle is 0
D/sensors_hal_SMGR(  967): flush: handle 0 is not batching
D/sensors_hal(  967): flushSendCmplt: handle=0
D/sensors_hal_Ctx(  967): poll:polldata:1, sensor:0, type:0, x:0.000000 y:0.000000 z:-0.000000
D/audio_hw_extn(14531): audio_extn_get_parameters: returns 
V/msm8974_platform(14531): platform_get_parameters: exit: returns - 
V/audio_hw_primary(14531): adev_get_parameters: exit: returns - 
I/str_params(14531): key: 'isSwIrrc' value: ''
D/PhoneUtils( 1774): getSubIdUsingSlotId() slotId:0 -> subId:2
D/libc-netbsd( 1774): [getaddrinfo]: hostname=xxxxx; servname=(null); cache_mode=(null), netid=0; mark=0
D/libc-netbsd( 1774): [getaddrinfo]: ai_addrlen=0; ai_canonname=xxxxx; ai_flags=4; ai_family=0
D/libc-netbsd( 1774): [getaddrinfo]: hostname=xxxxx; servname=(null); cache_mode=(null), netid=0; mark=0
D/libc-netbsd( 1774): [getaddrinfo]: ai_addrlen=0; ai_canonname=xxxxx; ai_flags=4; ai_family=0
D/libc-netbsd( 1774): [getaddrinfo]: hostname=xxxxx; servname=(null); cache_mode=(null), netid=0; mark=0
D/libc-netbsd( 1774): [getaddrinfo]: ai_addrlen=0; ai_canonname=xxxxx; ai_flags=4; ai_family=0
D/libc-netbsd( 1774): [getaddrinfo]: hostname=xxxxx; servname=(null); cache_mode=(null), netid=0; mark=0
D/libc-netbsd( 1774): [getaddrinfo]: ai_addrlen=0; ai_canonname=xxxxx; ai_flags=4; ai_family=0
D/NetworkManagementService(  967): onDataConnectionRealTimeInfoChanged: mTime=1532767681579837 mDcPowerState=1
I/[SystemUI]StatusBar.NetworkController( 1479): onDataActivity: direction=4
D/TelephonyIcons( 1479): getDataActivity, sub=0, activity=4
I/[SystemUI]StatusBar.NetworkController( 1479): refreshViews 1 connected={ data } level=3 mobileLabel=3 DK|Oister wifiLabel= emergencyOnly=false
I/[SystemUI]StatusBar.NetworkController( 1479): refreshViews 2  mPhoneSignalIconId=com.android.systemui:drawable/stat_sys_signal_bar5_3_fully mDataSignalIconId=com.android.systemui:drawable/stat_sys_signal_bar5_3_fully mDataTypeIconId=(null) mDataActivity=4 mLGNetworkController.mLGDataTypeIconId=com.android.systemui:drawable/stat_sys_data_connected_default_3g mLGNetworkController.mLGDataActivityIconId=com.android.systemui:drawable/stat_sys_data_connected_default
I/[SystemUI]StatusBar.NetworkController( 1479): refreshViews 3  mAirplaneMode=false mNoSimIconId=(null) mWifiIconId=(null) mWifiActivityIconId=com.android.systemui:drawable/stat_sys_wifi_inout
D/audio_hw_extn(14531): audio_extn_get_parameters: returns 
V/msm8974_platform(14531): platform_get_parameters: exit: returns - 
V/audio_hw_primary(14531): adev_get_parameters: exit: returns - 
I/str_params(14531): key: 'isSwIrrc' value: ''
D/PhoneUtils( 1774): getSubIdUsingSlotId() slotId:0 -> subId:2
D/audio_hw_extn(14531): audio_extn_get_parameters: returns 
V/msm8974_platform(14531): platform_get_parameters: exit: returns - 
V/audio_hw_primary(14531): adev_get_parameters: exit: returns - 
I/str_params(14531): key: 'isSwIrrc' value: ''
D/PhoneUtils( 1774): getSubIdUsingSlotId() slotId:0 -> subId:2
I/PlayCommon(11536): [60975] com.google.android.play.a.h.e(260): Preparing logs for uploading
I/PlayCommon(11536): [60975] com.google.android.play.a.h.e(264): No file ready to send
I/SensorManager( 2285): removeAllSensors() [Sensor: LGE Accelerometer] by amro.a():2
D/sensors_hal_SMGR(  967): batch:sensor(android.sensor.accelerometer) sample_rate=15Hz report_rate_f=0.000000Hz curr sample rate:50 cur rpt rate:0 max:120.000000 min:1.000000
D/sensors_hal_SMGR(  967): SMGRReportAdd: Received Response: 0
V/AlarmManager(  967): ELAPSED_WAKEUP set : Alarm{1b113028 type 2 when 1532769066 com.google.android.gms} when 1532769066
I/SensorManager( 2285): registerListenerImpl() [Sensor: LGE Accelerometer, Rate: 20000, SensorEventListener: amsv@1ab45be7] by amro.a():3
