I/ActivityManager(  967): Killing 6914:org.libsdl.app/u0a131 (adj 9): stop org.libsdl.app
D/sensors_hal_SMGR(  967): batch:sensor(android.sensor.accelerometer) sample_rate=50Hz report_rate_f=0.000000Hz curr sample rate:50 cur rpt rate:0 max:120.000000 min:1.000000
W/ActivityManager(  967): Spurious death for ProcessRecord{2d9a7967 6914:org.libsdl.app/u0a131}, curProc for 6914: null
V/sensors_hal_Light(  967): processReportInd: 0 0.000000
V/sensors_hal_Light(  967): processReportInd: 0 0.000000
I/PackageManager(  967): Package org.libsdl.app codePath changed from /data/app/org.libsdl.app-2 to /data/app/org.libsdl.app-1; Retaining data and using new
I/art     (  967): DexFile_isDexOptNeeded failed to open oat file '/data/dalvik-cache/arm/data@app@org.libsdl.app-1@base.apk@classes.dex' for file location '/data/app/org.libsdl.app-1/base.apk': Failed to open oat filename for reading: No such file or directory
I/art     (  967): DexFile_isDexOptNeeded failed to open oat file '/data/app/org.libsdl.app-1/arm/base.odex' for file location '/data/app/org.libsdl.app-1/base.apk': Failed to open oat filename for reading: No such file or directory
I/PackageManager(  967): Running dexopt on: /data/app/org.libsdl.app-1/base.apk pkg=org.libsdl.app isa=arm vmSafeMode=false
I/dex2oat ( 7879): /system/bin/dex2oat --zip-fd=6 --zip-location=/data/app/org.libsdl.app-1/base.apk --oat-fd=7 --oat-location=/data/dalvik-cache/arm/data@app@org.libsdl.app-1@base.apk@classes.dex --instruction-set=arm --instruction-set-features=div --runtime-arg -Xms64m --runtime-arg -Xmx512m
I/dex2oat ( 7879): dex2oat took 98.662ms (threads: 4)
W/PackageManager(  967): Code path for pkg : org.libsdl.app changing from /data/app/org.libsdl.app-2 to /data/app/org.libsdl.app-1
I/ActivityManager(  967): Force stopping org.libsdl.app appid=10131 user=-1: update pkg
W/PackageManager(  967): Resource path for pkg : org.libsdl.app changing from /data/app/org.libsdl.app-2 to /data/app/org.libsdl.app-1
I/ActivityManager(  967): Force stopping org.libsdl.app appid=10131 user=0: pkg removed
D/administrator(  967): Handling package changes for user 0
D/administrator(  967): Handling package changes for user 0
I/NotificationService(  967): action=android.intent.action.PACKAGE_REMOVED queryReplace=true
D/BackupManagerService(  967): Received broadcast Intent { act=android.intent.action.PACKAGE_REMOVED dat=package:org.libsdl.app flg=0x4000010 (has extras) }
I/NotificationManager(  967): android: cancel(10131) by android
D/JobSchedulerService(  967): Receieved: android.intent.action.PACKAGE_REMOVED
D/KeyguardModel( 1479): mPackageIntentReceiver, received action: android.intent.action.PACKAGE_REMOVED, sendingUserId:0
I/InputReader(  967): Reconfiguring input devices.  changes=0x00000010
I/InputReader(  967): Reconfiguring input devices.  changes=0x00000010
I/art     (11536): Explicit concurrent mark sweep GC freed 23092(1931KB) AllocSpace objects, 17(272KB) LOS objects, 61% free, 19MB/51MB, paused 983us total 98.775ms
I/art     ( 1919): Explicit concurrent mark sweep GC freed 25745(1619KB) AllocSpace objects, 17(8MB) LOS objects, 40% free, 46MB/78MB, paused 850us total 109.603ms
I/[LGHome]EVENT( 1919): [LauncherModel.java:1141:onReceive()]onReceive intent=Intent { act=android.intent.action.PACKAGE_REMOVED dat=package:org.libsdl.app flg=0x4000010 (has extras) }
I/ContactLED(13956): emotionalLedType = 2
I/ContactLED(13956): emotionalLedType = 2
D/AccountTypeManager(13956): Registering external account type=com.google.android.gm.exchange, packageName=com.google.android.gm
I/InputReader(  967): Reconfiguring input devices.  changes=0x00000010
I/[LGHome]LGPlusHomeDBManager( 1919): [LGPlusHomeDBManager.java:308:onReceive()]onReceive intent=Intent { act=android.intent.action.PACKAGE_REMOVED dat=package:org.libsdl.app flg=0x4000010 (has extras) }
I/[SystemUI]QSlideListController( 1479): onReceive = android.intent.action.PACKAGE_REMOVED
I/[LGHome]LGPlusHomeDBManager( 1919): [LGPlusHomeDBManager.java:374:packageUpdate()]PackageUpdatedTask: 2
I/[LGHome]EVENT( 1919): [LauncherModel.java:1141:onReceive()]onReceive intent=Intent { act=android.intent.action.PACKAGE_ADDED dat=package:org.libsdl.app flg=0x4000010 (has extras) }
I/[LGHome]LGPlusHomeDBManager( 1919): [LGPlusHomeDBManager.java:308:onReceive()]onReceive intent=Intent { act=android.intent.action.PACKAGE_ADDED dat=package:org.libsdl.app flg=0x4000010 (has extras) }
I/[LGHome]LGPlusHomeDBManager( 1919): [LGPlusHomeDBManager.java:374:packageUpdate()]PackageUpdatedTask: 2
D/AccountTypeManager(13956): Registering external account type=com.facebook.messenger, packageName=com.facebook.orca
D/LGMenuApppicationUtil( 1919): addAppsWithoutInvalidate index = 42 ItemInfo =ComponentInfo{org.libsdl.app/org.libsdl.app.SDLActivity}
I/art     (26017): Explicit concurrent mark sweep GC freed 243185(15MB) AllocSpace objects, 15(481KB) LOS objects, 51% free, 30MB/62MB, paused 1.839ms total 147.066ms
I/SensorManager( 2285): removeAllSensors() [Sensor: LGE Accelerometer] by amro.a():2
D/sensors_hal_SMGR(  967): batch:sensor(android.sensor.accelerometer) sample_rate=50Hz report_rate_f=0.000000Hz curr sample rate:50 cur rpt rate:0 max:120.000000 min:1.000000
W/Settings(  967): Setting install_non_market_apps has moved from android.provider.Settings.Global to android.provider.Settings.Secure, returning read-only value.
I/[LGHome]CustomizeWorkspace( 1919): [LGCustomizePagedView.java:1357:relayoutWidgets()]getWidth of widget too large
I/[LGHome]CustomizeWorkspace( 1919): [LGCustomizePagedView.java:1357:relayoutWidgets()]getWidth of widget too large
I/[LGHome]CustomizeWorkspace( 1919): [LGCustomizePagedView.java:1357:relayoutWidgets()]getWidth of widget too large
I/[LGHome]CustomizeWorkspace( 1919): [LGCustomizePagedView.java:1357:relayoutWidgets()]getWidth of widget too large
D/KeyguardModel( 1479): package = com.android.contacts, class = com.android.contacts.activities.DialtactsActivity
D/KeyguardModel( 1479): createShortcutInfo...
W/[SystemUI]QSlideLoader( 1479): Cannot find com.android.calendar/com.android.calendar.FloatingActivity in predefined list
W/[SystemUI]QSlideLoader( 1479): Cannot find com.android.calendar/com.android.calendar.FloatingActivity in predefined list
W/[SystemUI]QSlideLoader( 1479): Cannot find com.android.contacts/alias.PeopleFloatingActivity in predefined list
W/[SystemUI]QSlideLoader( 1479): Cannot find com.android.contacts/alias.PeopleFloatingActivity in predefined list
W/[SystemUI]QSlideLoader( 1479): Cannot find com.lge.email/com.lge.email.QSlideIcon in predefined list
W/[SystemUI]QSlideLoader( 1479): Cannot find com.lge.email/com.lge.email.QSlideIcon in predefined list
W/[SystemUI]QSlideLoader( 1479): Cannot find com.lge.filemanager/com.lge.filemanager.view.FloatingActivity in predefined list
W/[SystemUI]QSlideLoader( 1479): Cannot find com.lge.filemanager/com.lge.filemanager.view.FloatingActivity in predefined list
W/[SystemUI]QSlideLoader( 1479): Cannot find com.android.mms/com.android.mms.ui.FloatingComposer in predefined list
W/[SystemUI]QSlideLoader( 1479): Cannot find com.android.mms/com.android.mms.ui.FloatingComposer in predefined list
W/[SystemUI]QSlideLoader( 1479): Cannot find com.android.calculator2/com.android.calculator2.QSlideCalculator in predefined list
W/[SystemUI]QSlideLoader( 1479): Cannot find com.android.calculator2/com.android.calculator2.QSlideCalculator in predefined list
I/[SystemUI]AppWidgetPanel(QRemoteWidgetPanel)( 1479): onReceive = android.intent.action.PACKAGE_REMOVED, packageName : org.libsdl.app
W/ResourceType(13956): For resource 0x7f021ff3, entry index(8179) is beyond type entryCount(760)
W/ResourceType(13956): Failure getting entry for 0x7f021ff3 (t=1 e=8179) (error -75)
W/ResourceType(13956): For resource 0x7f021ff3, entry index(8179) is beyond type entryCount(760)
W/ResourceType(13956): Failure getting entry for 0x7f021ff3 (t=1 e=8179) (error -75)
W/ResourceType(13956): For resource 0x7f021ff4, entry index(8180) is beyond type entryCount(760)
W/ResourceType(13956): Failure getting entry for 0x7f021ff4 (t=1 e=8180) (error -75)
W/ResourceType(13956): For resource 0x7f021ff5, entry index(8181) is beyond type entryCount(760)
W/ResourceType(13956): Failure getting entry for 0x7f021ff5 (t=1 e=8181) (error -75)
I/ContactLED(13956): emotionalLedType = 2
D/AccountTypeManager(13956): Registering 1 extension packages
I/ActivityManager(  967): Start proc com.lge.bnr for broadcast com.lge.bnr/.receiver.BNRAppInstallReceiver: pid=7902 uid=1000 gids={41000, 9997, 1000, 1028, 1015, 2001, 3003, 1023, 3002, 1004, 2002, 3001, 3008, 1007, 1026, 3005, 1009, 1027, 1003, 1014, 1010, 4002, 1002, 1021, 3004, 3009} abi=armeabi-v7a
D/KeyguardModel( 1479): package = com.android.mms, class = com.android.mms.ui.ConversationList
D/KeyguardModel( 1479): createShortcutInfo...
I/[SystemUI]QSlideListController( 1479): onReceive = android.intent.action.PACKAGE_ADDED
W/ResourceType( 1479): No package identifier when getting value for resource number 0x00000000
W/[SystemUI]QSlideLoader( 1479): Cannot find com.android.calendar/com.android.calendar.FloatingActivity in predefined list
W/[SystemUI]QSlideLoader( 1479): Cannot find com.android.calendar/com.android.calendar.FloatingActivity in predefined list
W/[SystemUI]QSlideLoader( 1479): Cannot find com.android.contacts/alias.PeopleFloatingActivity in predefined list
W/[SystemUI]QSlideLoader( 1479): Cannot find com.android.contacts/alias.PeopleFloatingActivity in predefined list
W/[SystemUI]QSlideLoader( 1479): Cannot find com.lge.email/com.lge.email.QSlideIcon in predefined list
W/[SystemUI]QSlideLoader( 1479): Cannot find com.lge.email/com.lge.email.QSlideIcon in predefined list
W/[SystemUI]QSlideLoader( 1479): Cannot find com.lge.filemanager/com.lge.filemanager.view.FloatingActivity in predefined list
W/[SystemUI]QSlideLoader( 1479): Cannot find com.lge.filemanager/com.lge.filemanager.view.FloatingActivity in predefined list
W/[SystemUI]QSlideLoader( 1479): Cannot find com.android.mms/com.android.mms.ui.FloatingComposer in predefined list
W/[SystemUI]QSlideLoader( 1479): Cannot find com.android.mms/com.android.mms.ui.FloatingComposer in predefined list
W/[SystemUI]QSlideLoader( 1479): Cannot find com.android.calculator2/com.android.calculator2.QSlideCalculator in predefined list
W/[SystemUI]QSlideLoader( 1479): Cannot find com.android.calculator2/com.android.calculator2.QSlideCalculator in predefined list
I/[SystemUI]AppWidgetPanel(QRemoteWidgetPanel)( 1479): onReceive = android.intent.action.PACKAGE_ADDED, packageName : org.libsdl.app
W/PackageManager( 1479): Failure retrieving resources for com.android.mms: Resource ID #0x0
D/KeyguardModel( 1479): package = com.lge.qmemoplus, class = com.lge.qmemoplus.ui.main.MainActivity
D/KeyguardModel( 1479): createShortcutInfo...
W/[LGHome]WidgetManager( 1919): [WidgetManager.java:368:isAddableWidget()]Widget ComponentInfo{com.lge.clock/com.lge.clock.quickcover.QuickCoverProvider} has invalid dimensions (-2, -2)
W/ResourceType( 1479): No package identifier when getting value for resource number 0x00000000
W/PackageManager( 1479): Failure retrieving resources for com.lge.qmemoplus: Resource ID #0x0
D/KeyguardModel( 1479): package = com.android.gallery3d, class = com.android.gallery3d.app.Gallery
D/KeyguardModel( 1479): createShortcutInfo...
E/ExternalAccountType(13956): Unsupported attribute readOnly
W/ResourceType( 1479): No package identifier when getting value for resource number 0x00000000
W/PackageManager( 1479): Failure retrieving resources for com.android.gallery3d: Resource ID #0x0
W/[LGHome]WidgetManager( 1919): [WidgetManager.java:368:isAddableWidget()]Widget ComponentInfo{com.lge.appwidget.clock/com.lge.variousstyle.quickcover.widget.QuickCoverProvider_01} has invalid dimensions (-2, -2)
I/[SystemUI]StatusBar.NetworkController( 1479): onDataActivity: direction=0
D/TelephonyIcons( 1479): getDataActivity, sub=0, activity=0
D/KeyguardModel( 1479): package = com.lge.camera, class = com.lge.camera.CameraApp
D/KeyguardModel( 1479): createShortcutInfo...
I/[SystemUI]StatusBar.NetworkController( 1479): refreshViews 1 connected={ data } level=2 mobileLabel=3 DK|Oister wifiLabel= emergencyOnly=false
I/[SystemUI]StatusBar.NetworkController( 1479): refreshViews 2  mPhoneSignalIconId=com.android.systemui:drawable/stat_sys_signal_bar5_2_fully mDataSignalIconId=com.android.systemui:drawable/stat_sys_signal_bar5_2_fully mDataTypeIconId=(null) mDataActivity=0 mLGNetworkController.mLGDataTypeIconId=com.android.systemui:drawable/stat_sys_data_connected_default_4g mLGNetworkController.mLGDataActivityIconId=com.android.systemui:drawable/stat_sys_data_connected_default
I/[SystemUI]StatusBar.NetworkController( 1479): refreshViews 3  mAirplaneMode=false mNoSimIconId=(null) mWifiIconId=(null) mWifiActivityIconId=com.android.systemui:drawable/stat_sys_wifi_inout
W/ResourceType( 1479): No package identifier when getting value for resource number 0x00000000
W/PackageManager( 1479): Failure retrieving resources for com.lge.camera: Resource ID #0x0
D/KeyguardModel( 1479): handleShortcutListChanged...
W/[LGHome]WidgetManager( 1919): [WidgetManager.java:297:getWidgetList()]Widget ComponentInfo{com.lge.sizechangable.weather/com.lge.sizechangable.weather.layout.WeatherFph} can not fit on this device (30000, 30000)
D/AccountTypeManager(13956): Registering extension package account type=com.google, dataSet=plus, packageName=com.google.android.apps.plus
I/SIMContacts(13956): SimPhonebookManager|[0]SIM loading status : true
D/SIMContacts(13956): SimAccountType|anr field count=2
D/SIMContacts(13956): SimAccountType|email field count=1
D/SIMContacts(13956): SimAccountType|group field count=0
D/SIMContacts(13956): SimAccountType|sne field count=0
I/AccountTypeManager(13956): Loaded meta-data for 7 account types, 6 accounts in 241ms(wall) 22ms(cpu)
I/ContactLED(13956): emotionalLedType = 2
I/ContactLED(13956): emotionalLedType = 2
D/AccountTypeManager(13956): Registering external account type=com.google.android.gm.exchange, packageName=com.google.android.gm
D/AccountTypeManager(13956): Registering external account type=com.facebook.messenger, packageName=com.facebook.orca
W/ResourceType(13956): For resource 0x7f021ff3, entry index(8179) is beyond type entryCount(760)
W/ResourceType(13956): Failure getting entry for 0x7f021ff3 (t=1 e=8179) (error -75)
W/ResourceType(13956): For resource 0x7f021ff3, entry index(8179) is beyond type entryCount(760)
W/ResourceType(13956): Failure getting entry for 0x7f021ff3 (t=1 e=8179) (error -75)
W/ResourceType(13956): For resource 0x7f021ff4, entry index(8180) is beyond type entryCount(760)
W/ResourceType(13956): Failure getting entry for 0x7f021ff4 (t=1 e=8180) (error -75)
W/ResourceType(13956): For resource 0x7f021ff5, entry index(8181) is beyond type entryCount(760)
W/ResourceType(13956): Failure getting entry for 0x7f021ff5 (t=1 e=8181) (error -75)
I/ContactLED(13956): emotionalLedType = 2
D/AccountTypeManager(13956): Registering 1 extension packages
E/ExternalAccountType(13956): Unsupported attribute readOnly
D/AccountTypeManager(13956): Registering extension package account type=com.google, dataSet=plus, packageName=com.google.android.apps.plus
I/SIMContacts(13956): SimPhonebookManager|[0]SIM loading status : true
D/SIMContacts(13956): SimAccountType|anr field count=2
D/SIMContacts(13956): SimAccountType|email field count=1
D/SIMContacts(13956): SimAccountType|group field count=0
D/SIMContacts(13956): SimAccountType|sne field count=0
I/AccountTypeManager(13956): Loaded meta-data for 7 account types, 6 accounts in 48ms(wall) 19ms(cpu)
W/ResourcesManager(  967): Asset path '/system/framework/com.google.widevine.software.drm.jar' does not exist or contains no resources.
I/art     (  967): Explicit concurrent mark sweep GC freed 31672(2MB) AllocSpace objects, 14(224KB) LOS objects, 33% free, 48MB/72MB, paused 16.765ms total 278.517ms
I/art     ( 1808): Background sticky concurrent mark sweep GC freed 243913(14MB) AllocSpace objects, 0(0B) LOS objects, 39% free, 21MB/35MB, paused 1.474ms total 108.179ms
W/ResourcesManager(  967): Asset path '/system/framework/com.google.android.maps.jar' does not exist or contains no resources.
I/NotificationService(  967): action=android.intent.action.PACKAGE_ADDED queryReplace=false
D/BackupManagerService(  967): Received broadcast Intent { act=android.intent.action.PACKAGE_ADDED dat=package:org.libsdl.app flg=0x4000010 (has extras) }
D/[BNRAppListMgrReceiver]( 7902): android.intent.action.PACKAGE_REMOVED : org.libsdl.app
W/BackupManagerService(  967): Removing schedule queue dupe of org.libsdl.app
D/KeyguardUpdateMonitor( 1479): Intent.ACTION_BATTERYEX_CHANGED EXTRA_CHARGING_CURRENT : 0 / EXTRA_HVDCP_TYPE : false
D/PowerService( 1827): isFastChargerType: false, isCharging: true, isFastChargerConnected: false
D/PowerService( 1827): isFastChargerType: false, isCharging: true, isFastChargerConnected: false
I/[SystemUI]LGPowerUI( 1479): onReceive = com.lge.android.intent.action.BATTERYEX
I/[SystemUI]LGPowerUI( 1479): levelEx = 99, plugTypeEx = 2, WirelessAlignment = 0, chargingCurrent = 0, orientation = PORTRAIT
I/[SystemUI]LGPowerUI( 1479): On Skip Timer : true
D/KeyguardUpdateMonitor( 1479): Intent.ACTION_BATTERYEX_CHANGED EXTRA_CHARGING_CURRENT : 0 / EXTRA_HVDCP_TYPE : false
I/[SystemUI]LGPowerUI( 1479): onReceive = com.lge.android.intent.action.BATTERYEX
I/[SystemUI]LGPowerUI( 1479): levelEx = 99, plugTypeEx = 2, WirelessAlignment = 0, chargingCurrent = 0, orientation = PORTRAIT
I/[SystemUI]LGPowerUI( 1479): On Skip Timer : true
D/KeyguardUpdateMonitor( 1479): Intent.ACTION_BATTERY_CHANGED status : 2 ,plugged : 2 ,level : 99 ,temperature : 303
I/[SystemUI]LGPowerUI( 1479): onReceive = android.intent.action.BATTERY_CHANGED
I/[SystemUI]LGPowerUI( 1479): level = 99, plugType = 2, plugged = true, mCharging = true, temperature = 353
D/LEDHandler( 1827): ACTION_BATTERY_CHANGED : plugged type=2
D/LEDHandler( 1827): Battery Level Remaining: 99%
D/LEDHandler( 1827): Battery Temp: 303, mChargingStatus=2, mChargingStop=false
I/[SystemUI]BatterySaverHandler( 1479): onReceive = android.intent.action.BATTERY_CHANGED
D/WifiApDisableIfNotUsed(  967): ACTION_BATTERY_CHANGED : pluggedType = 2
D/WifiController(  967): battery changed pluggedType: 2
I/ActivityManager(  967): Killing 6654:com.facebook.orca/u0a116 (adj 13): empty #13
D/NfcServiceBRCM( 1808): changeHceRouteWhenNoApp - Not updating routing table because NFC is off.
W/ResourceType( 1919): No package identifier when getting value for resource number 0x00000000
W/PackageManager( 1919): Failure retrieving resources for com.android.gallery3d: Resource ID #0x0
W/ResourceType( 1919): No package identifier when getting value for resource number 0x00000000
W/PackageManager( 1919): Failure retrieving resources for com.lge.livewallpaper.multiphoto: Resource ID #0x0
W/ResourceType( 1919): No package identifier when getting value for resource number 0x00000000
W/PackageManager( 1919): Failure retrieving resources for com.android.wallpaper.livepicker: Resource ID #0x0
I/[LGHome]EVENT( 1919): [LGCustomizePagedView.java:612:update()]Add to Home Update() refresh true
I/[LGHome]CustomizeWorkspace( 1919): [LGCustomizePagedView.java:1357:relayoutWidgets()]getWidth of widget too large
I/[LGHome]CustomizeWorkspace( 1919): [LGCustomizePagedView.java:1357:relayoutWidgets()]getWidth of widget too large
I/[LGHome]CustomizeWorkspace( 1919): [LGCustomizePagedView.java:1357:relayoutWidgets()]getWidth of widget too large
I/[LGHome]CustomizeWorkspace( 1919): [LGCustomizePagedView.java:1357:relayoutWidgets()]getWidth of widget too large
I/Choreographer( 1919): Skipped 38 frames!  The application may be doing too much work on its main thread.
D/LGMenuApppicationUtil( 1919): addAppsWithoutInvalidate index = 42 ItemInfo =ComponentInfo{org.libsdl.app/org.libsdl.app.SDLActivity}
E/libprocessgroup(  967): failed to kill 1 processes for processgroup 6654
W/ResourcesManager(  967): Asset path '/system/framework/com.google.android.maps.jar' does not exist or contains no resources.
I/[LGHome]CustomizeWorkspace( 1919): [LGCustomizePagedView.java:1357:relayoutWidgets()]getWidth of widget too large
I/[LGHome]CustomizeWorkspace( 1919): [LGCustomizePagedView.java:1357:relayoutWidgets()]getWidth of widget too large
I/[LGHome]CustomizeWorkspace( 1919): [LGCustomizePagedView.java:1357:relayoutWidgets()]getWidth of widget too large
I/[LGHome]CustomizeWorkspace( 1919): [LGCustomizePagedView.java:1357:relayoutWidgets()]getWidth of widget too large
W/[LGHome]WidgetManager( 1919): [WidgetManager.java:368:isAddableWidget()]Widget ComponentInfo{com.lge.clock/com.lge.clock.quickcover.QuickCoverProvider} has invalid dimensions (-2, -2)
W/[LGHome]WidgetManager( 1919): [WidgetManager.java:368:isAddableWidget()]Widget ComponentInfo{com.lge.appwidget.clock/com.lge.variousstyle.quickcover.widget.QuickCoverProvider_01} has invalid dimensions (-2, -2)
W/[LGHome]WidgetManager( 1919): [WidgetManager.java:297:getWidgetList()]Widget ComponentInfo{com.lge.sizechangable.weather/com.lge.sizechangable.weather.layout.WeatherFph} can not fit on this device (30000, 30000)
D/AndroidRuntime( 7828): Shutting down VM
W/ResourceType( 1919): No package identifier when getting value for resource number 0x00000000
W/PackageManager( 1919): Failure retrieving resources for com.android.gallery3d: Resource ID #0x0
W/ResourceType( 1919): No package identifier when getting value for resource number 0x00000000
W/PackageManager( 1919): Failure retrieving resources for com.lge.livewallpaper.multiphoto: Resource ID #0x0
W/ResourceType( 1919): No package identifier when getting value for resource number 0x00000000
W/PackageManager( 1919): Failure retrieving resources for com.android.wallpaper.livepicker: Resource ID #0x0
I/[LGHome]EVENT( 1919): [LGCustomizePagedView.java:612:update()]Add to Home Update() refresh true
I/[LGHome]CustomizeWorkspace( 1919): [LGCustomizePagedView.java:1357:relayoutWidgets()]getWidth of widget too large
I/[LGHome]CustomizeWorkspace( 1919): [LGCustomizePagedView.java:1357:relayoutWidgets()]getWidth of widget too large
I/[LGHome]CustomizeWorkspace( 1919): [LGCustomizePagedView.java:1357:relayoutWidgets()]getWidth of widget too large
I/[LGHome]CustomizeWorkspace( 1919): [LGCustomizePagedView.java:1357:relayoutWidgets()]getWidth of widget too large
I/[LGHome]EVENT( 1919): [LauncherModel.java:1141:onReceive()]onReceive intent=Intent { act=android.search.action.SEARCHABLES_CHANGED flg=0x24000010 }
I/ActivityManager(  967): Start proc com.lge.email for broadcast com.lge.email/.receiver.PackageChangeReceiver: pid=7926 uid=10021 gids={50021, 9997, 3003, 4002, 1023, 1028, 1015, 3001, 3002} abi=armeabi-v7a
I/[LGHome]EVENT( 1919): [LauncherModel.java:1141:onReceive()]onReceive intent=Intent { act=android.search.action.SEARCHABLES_CHANGED flg=0x24000010 }
D/KeyguardUpdateMonitor( 1479): Intent.ACTION_BATTERYEX_CHANGED EXTRA_CHARGING_CURRENT : 0 / EXTRA_HVDCP_TYPE : false
I/[SystemUI]LGPowerUI( 1479): onReceive = com.lge.android.intent.action.BATTERYEX
D/PowerService( 1827): isFastChargerType: false, isCharging: true, isFastChargerConnected: false
I/[SystemUI]LGPowerUI( 1479): levelEx = 99, plugTypeEx = 2, WirelessAlignment = 0, chargingCurrent = 0, orientation = PORTRAIT
I/[SystemUI]LGPowerUI( 1479): On Skip Timer : true
W/ResourcesManager( 7926): Asset path '/system/framework/com.google.android.maps.jar' does not exist or contains no resources.
W/ResourcesManager( 7926): Asset path '/system/framework/com.lge.mdm.jar' does not exist or contains no resources.
D/KeyguardUpdateMonitor( 1479): Intent.ACTION_BATTERYEX_CHANGED EXTRA_CHARGING_CURRENT : 0 / EXTRA_HVDCP_TYPE : false
I/[SystemUI]LGPowerUI( 1479): onReceive = com.lge.android.intent.action.BATTERYEX
I/[SystemUI]LGPowerUI( 1479): levelEx = 99, plugTypeEx = 2, WirelessAlignment = 0, chargingCurrent = 0, orientation = PORTRAIT
I/[SystemUI]LGPowerUI( 1479): On Skip Timer : true
D/PowerService( 1827): isFastChargerType: false, isCharging: true, isFastChargerConnected: false
W/ResourcesManager( 7926): Asset path '/system/framework/qcrilhook.jar' does not exist or contains no resources.
D/WifiController(  967): battery changed pluggedType: 2
D/KeyguardUpdateMonitor( 1479): Intent.ACTION_BATTERY_CHANGED status : 2 ,plugged : 2 ,level : 99 ,temperature : 302
I/[SystemUI]LGPowerUI( 1479): onReceive = android.intent.action.BATTERY_CHANGED
I/[SystemUI]LGPowerUI( 1479): level = 99, plugType = 2, plugged = true, mCharging = true, temperature = 352
D/LEDHandler( 1827): ACTION_BATTERY_CHANGED : plugged type=2
D/LEDHandler( 1827): Battery Level Remaining: 99%
D/LEDHandler( 1827): Battery Temp: 302, mChargingStatus=2, mChargingStop=false
I/[SystemUI]BatterySaverHandler( 1479): onReceive = android.intent.action.BATTERY_CHANGED
D/WifiApDisableIfNotUsed(  967): ACTION_BATTERY_CHANGED : pluggedType = 2
V/AlarmManager(  967): ELAPSED_WAKEUP set : Alarm{2091e617 type 2 when 1532749195 com.google.android.gms} when 1532749195
D/NfcServiceBRCM( 1808): changeHceRouteWhenNoApp - Not updating routing table because NFC is off.
D/LRegisteredAidCache( 1808): Not updating routing table because NFC is off.
I/LGEmail ( 7926): [lifecycle]--onCreate() (at EmailMainApp.java onCreate 179)[v:null]
D/LGEmail ( 7926): user build Type == true (at Util.java isUserModeBuildType 3516)[v:6.41.26]
D/NfcServiceBRCM( 1808): changeHceRouteWhenNoApp - Not updating routing table because NFC is off.
I/PackageChangeReceiver( 7926): intent action : android.intent.action.PACKAGE_REMOVED (at PackageChangeReceiver.java onReceive 20)
I/ActivityManager(  967): Killing 6954:com.android.providers.partnerbookmarks/u0a86 (adj 13): empty #13
W/libprocessgroup(  967): failed to open /acct/uid_10086/pid_6954/cgroup.procs: No such file or directory
I/ActivityManager(  967): Start proc com.android.settings for broadcast com.android.settings/.hotkey.PackageIntentReceiver: pid=7953 uid=1000 gids={41000, 9997, 1000, 1028, 1015, 2001, 3003, 1023, 3002, 1004, 2002, 3001, 3008, 1007, 1026, 3005, 1009, 1027, 1003, 1014, 1010, 4002, 1002, 1021, 3004, 3009} abi=armeabi-v7a
W/ResourcesManager( 7953): Asset path '/system/framework/com.google.android.maps.jar' does not exist or contains no resources.
W/ResourcesManager( 7953): Asset path '/system/framework/cneapiclient.jar' does not exist or contains no resources.
W/ResourcesManager( 7953): Asset path '/system/framework/com.lge.mdm.jar' does not exist or contains no resources.
W/ResourcesManager( 7953): Asset path '/system/framework/com.lge.bluetooth.jar' does not exist or contains no resources.
W/ResourcesManager( 7953): Asset path '/system/framework/qcrilhook.jar' does not exist or contains no resources.
W/ResourcesManager( 7953): Asset path '/system/framework/com.broadcom.bt.jar' does not exist or contains no resources.
I/IndexDatabaseHelper( 7953): Using schema version: 115
I/IndexDatabaseHelper( 7953): Index is fine
D/PackageIntentReceiver( 7953): Not supported Hotkey customization function 
D/HideNavigationAppsReceiver( 7953): Receive package name : org.libsdl.app, replacing=true, action=android.intent.action.PACKAGE_REMOVED
D/HideNavigationAppsReceiver( 7953): replacing : true
D/ButtonCombinationReceiver( 7953): Receive package name : org.libsdl.app
D/ButtonCombinationReceiver( 7953): replacing : true
I/ActivityManager(  967): Start proc com.android.keychain for broadcast com.android.keychain/.KeyChainBroadcastReceiver: pid=7971 uid=1000 gids={41000, 9997, 1000, 1028, 1015, 2001, 3003, 1023, 3002, 1004, 2002, 3001, 3008, 1007, 1026, 3005, 1009, 1027, 1003, 1014, 1010, 4002, 1002, 1021, 3004, 3009} abi=armeabi-v7a
I/ActivityManager(  967): Killing 7137:de.hafas.android.rejseplanen/u0a113 (adj 13): empty #13
D/ConnectivityService(  967): ConnectivityService NetworkRequestInfo binderDied(NetworkRequest [ id=1480, legacyType=-1, [ Capabilities: INTERNET&NOT_RESTRICTED&TRUSTED] ], android.os.BinderProxy@2ce9bd21)
D/ConnectivityService(  967): dumpNetworkRequest
D/ConnectivityService(  967):     NetworkAgentInfo{ ni{[type: MOBILE[LTE], state: CONNECTED/CONNECTED, reason: connected, extra: data.tre.dk, roaming: false, failover: false, isAvailable: true, isConnectedToProvisioningNetwork: false]}  network{903}  lp{{InterfaceName: rmnet0 LinkAddresses: [100.118.51.126/30,]  Routes: [100.118.51.124/30 -> 0.0.0.0 rmnet0,0.0.0.0/0 -> 100.118.51.125 rmnet0,] DnsAddresses: [95.209.200.69,95.209.200.70,] Domains: null MTU: 1500 TcpBufferSizes: 524288,1048576,2560000,524288,1048576,2560000}}  nc{[ Transports: CELLULAR Capabilities: MMS&SUPL&DUN&INTERNET&NOT_RESTRICTED&TRUSTED&NOT_VPN LinkUpBandwidth>=51200Kbps LinkDnBandwidth>=102400Kbps Specifier: <2>]}  Score{50} validated{true} created{true} explicitlySelected{false} }
D/ConnectivityService(  967):     Requests:
D/ConnectivityService(  967):         NetworkRequest [ id=1, legacyType=-1, [ Capabilities: INTERNET&NOT_RESTRICTED&TRUSTED&NOT_VPN] ]
D/ConnectivityService(  967):         NetworkRequest [ id=2, legacyType=-1, [] ]
D/ConnectivityService(  967):         NetworkRequest [ id=1447, legacyType=-1, [ Capabilities: INTERNET&NOT_RESTRICTED&TRUSTED] ]
D/ConnectivityService(  967):         NetworkRequest [ id=1448, legacyType=-1, [ Capabilities: INTERNET&NOT_RESTRICTED&TRUSTED] ]
D/ConnectivityService(  967):         NetworkRequest [ id=1451, legacyType=-1, [ Capabilities: INTERNET&NOT_RESTRICTED&TRUSTED&NOT_VPN] ]
D/ConnectivityService(  967):         NetworkRequest [ id=1466, legacyType=-1, [ Capabilities: INTERNET&NOT_RESTRICTED&TRUSTED] ]
D/ConnectivityService(  967):         NetworkRequest [ id=1474, legacyType=4, [ Transports: CELLULAR Capabilities: DUN&NOT_RESTRICTED&TRUSTED&NOT_VPN] ]
D/ConnectivityService(  967):         NetworkRequest [ id=1475, legacyType=-1, [ Transports: CELLULAR Capabilities: DUN&NOT_RESTRICTED&TRUSTED&NOT_VPN] ]
D/ConnectivityService(  967):         NetworkRequest [ id=1476, legacyType=-1, [ Capabilities: INTERNET&NOT_RESTRICTED&TRUSTED] ]
D/ConnectivityService(  967):         NetworkRequest [ id=1480, legacyType=-1, [ Capabilities: INTERNET&NOT_RESTRICTED&TRUSTED] ]
D/ConnectivityService(  967):     Lingered:
D/ConnectivityService(  967): releasing NetworkRequest NetworkRequest [ id=1480, legacyType=-1, [ Capabilities: INTERNET&NOT_RESTRICTED&TRUSTED] ]
D/ConnectivityService(  967): sending notification RELEASED for NetworkRequest [ id=1480, legacyType=-1, [ Capabilities: INTERNET&NOT_RESTRICTED&TRUSTED] ]
E/ConnectivityService(  967): RemoteException caught trying to send a callback msg for NetworkRequest [ id=1480, legacyType=-1, [ Capabilities: INTERNET&NOT_RESTRICTED&TRUSTED] ]
W/libprocessgroup(  967): failed to open /acct/uid_10113/pid_7137/cgroup.procs: No such file or directory
W/ContextImpl( 7971): Calling a method in the system process without a qualified user: android.app.ContextImpl.startService:1798 android.content.ContextWrapper.startService:515 android.content.ContextWrapper.startService:515 com.android.keychain.KeyChainBroadcastReceiver.onReceive:12 android.app.ActivityThread.handleReceiver:2649 
D/KeyguardUpdateMonitor( 1479): Intent.ACTION_BATTERYEX_CHANGED EXTRA_CHARGING_CURRENT : 0 / EXTRA_HVDCP_TYPE : false
I/[SystemUI]LGPowerUI( 1479): onReceive = com.lge.android.intent.action.BATTERYEX
D/PowerService( 1827): isFastChargerType: false, isCharging: true, isFastChargerConnected: false
I/[SystemUI]LGPowerUI( 1479): levelEx = 99, plugTypeEx = 2, WirelessAlignment = 0, chargingCurrent = 0, orientation = PORTRAIT
I/[SystemUI]LGPowerUI( 1479): On Skip Timer : true
D/KeyguardUpdateMonitor( 1479): Intent.ACTION_BATTERYEX_CHANGED EXTRA_CHARGING_CURRENT : 0 / EXTRA_HVDCP_TYPE : false
I/[SystemUI]LGPowerUI( 1479): onReceive = com.lge.android.intent.action.BATTERYEX
I/[SystemUI]LGPowerUI( 1479): levelEx = 99, plugTypeEx = 2, WirelessAlignment = 0, chargingCurrent = 0, orientation = PORTRAIT
I/[SystemUI]LGPowerUI( 1479): On Skip Timer : true
D/PowerService( 1827): isFastChargerType: false, isCharging: true, isFastChargerConnected: false
D/LockScreenSettings( 7425): Quick window widget present in DB = com.lge.variousstyle.quickcover.widget.QuickCoverProvider_01  true
D/LockScreenSettings( 7425): Quick window widget present in DB = com.lge.sizechangable.musicwidget.widget.MusicAppWidgetProviderQuickCover  true
D/LockScreenSettings( 7425): Quick window widget present in DB = com.lge.sizechangable.weather.layout.WeatherQuickCover  true
V/sensors_hal_Light(  967): processReportInd: 0 0.000000
D/LEDHandler( 1827): ACTION_BATTERY_CHANGED : plugged type=2
D/LEDHandler( 1827): Battery Level Remaining: 99%
D/LEDHandler( 1827): Battery Temp: 303, mChargingStatus=2, mChargingStop=false
D/KeyguardUpdateMonitor( 1479): Intent.ACTION_BATTERY_CHANGED status : 2 ,plugged : 2 ,level : 99 ,temperature : 303
I/[SystemUI]LGPowerUI( 1479): onReceive = android.intent.action.BATTERY_CHANGED
I/[SystemUI]LGPowerUI( 1479): level = 99, plugType = 2, plugged = true, mCharging = true, temperature = 353
D/WifiApDisableIfNotUsed(  967): ACTION_BATTERY_CHANGED : pluggedType = 2
D/WifiController(  967): battery changed pluggedType: 2
I/[SystemUI]BatterySaverHandler( 1479): onReceive = android.intent.action.BATTERY_CHANGED
I/ActivityManager(  967): Killing 6632:com.lge.eula/1000 (adj 13): empty #13
W/libprocessgroup(  967): failed to open /acct/uid_1000/pid_6632/cgroup.procs: No such file or directory
I/ActivityThread( 7033): Removing dead content provider:android.content.ContentProviderProxy@12c1dced
E/NetworkScheduler.SR( 2285): Unrecognised action provided: android.intent.action.PACKAGE_REMOVED
D/Wear_Controller(26017): Received broadcast action=android.intent.action.PACKAGE_REMOVED and uri=org.libsdl.app
I/NotificationManager(11536): com.android.vending: cancel(-1050172287) by com.android.vending
I/ActivityManager(  967): Start proc com.google.android.partnersetup for broadcast com.google.android.partnersetup/.RlzPingBroadcastReceiver: pid=8004 uid=10007 gids={50007, 9997, 3003} abi=armeabi-v7a
D/[BNRAppListMgrReceiver]( 7902): android.intent.action.PACKAGE_ADDED : org.libsdl.app
I/PackageChangeReceiver( 7926): intent action : android.intent.action.PACKAGE_ADDED (at PackageChangeReceiver.java onReceive 20)
I/LockScreenSettings( 7425): New app installed broadcast received ..
I/LockScreenSettings( 7425): Number of installed packages  1
I/ActivityManager(  967): Start proc com.lge.eula for broadcast com.lge.eula/.service.LicenseProviderUpdateObserver: pid=8024 uid=1000 gids={41000, 9997, 1000, 1028, 1015, 2001, 3003, 1023, 3002, 1004, 2002, 3001, 3008, 1007, 1026, 3005, 1009, 1027, 1003, 1014, 1010, 4002, 1002, 1021, 3004, 3009} abi=armeabi-v7a
D/EulaProviderUpdateObserver( 8024): action : android.intent.action.PACKAGE_ADDED
D/EulaProviderUpdateObserver( 8024): uri : package:org.libsdl.app
I/ActivityManager(  967): Killing 7033:com.lge.qvoiceplus/u0a37 (adj 15): empty #13
V/AudioFlinger(14531): 7033 died, releasing its sessions
V/AudioFlinger(14531):  pid 1919 @ 0
V/AudioFlinger(14531):  pid 1592 @ 1
V/AudioFlinger(14531):  pid 7100 @ 2
V/AudioFlinger(14531):  pid 7100 @ 3
V/AudioFlinger(14531):  pid 26584 @ 4
W/libprocessgroup(  967): failed to open /acct/uid_10037/pid_7033/cgroup.procs: No such file or directory
D/Wear_Controller(26017): Received broadcast action=android.intent.action.PACKAGE_ADDED and uri=org.libsdl.app
V/AlarmManager(  967): ELAPSED_WAKEUP set : Alarm{27960bf6 type 2 when 1532735180 com.google.android.gms} when 1532735180
I/NotificationManager(11536): com.android.vending: cancel(-1532442643) by com.android.vending
I/ActivityManager(  967): Start proc com.facebook.orca for broadcast com.facebook.orca/com.facebook.pkg.event.PackageEventBroadcastReceiver: pid=8053 uid=10116 gids={50116, 9997, 3003, 1028, 1015, 3002} abi=armeabi-v7a
I/Finsky  (11536): [1] com.google.android.finsky.externalreferrer.d.run(9): Package state data is missing for org.libsdl.app
W/WearSignatureVerifier(11536): No package com.google.android.wearable.app.cn
W/WearSignatureVerifier(11536): No package com.google.android.wearable.app.cn
W/WearSignatureVerifier(11536): No package com.google.android.wearable.app.cn
W/WearSignatureVerifier(11536): No package com.google.android.wearable.app.cn
W/ResourcesManager( 8053): Asset path '/system/framework/com.google.android.maps.jar' does not exist or contains no resources.
I/WearableService( 2285): Wearable Services not starting - Wear is not available on this device.
D/WearableService( 2285): onGetService - Wear is not available on this device.
W/WearSignatureVerifier(11536): No package com.google.android.wearable.app.cn
E/Finsky  (11536): [1] com.google.android.finsky.wear.bl.a(3): onConnectionFailed: ConnectionResult{statusCode=API_UNAVAILABLE, resolution=null, message=null}
W/Finsky  (11536): [1] com.google.android.finsky.wear.aj.run(9): Dropping command=auto_install due to Gms not connected
I/Icing   (26017): IndexChimeraService.getServiceInterface callingPackage=com.google.android.gms componentName=AppsCorpus serviceId=36
I/Icing   (26017): IndexChimeraService.getServiceInterface callingPackage=com.google.android.gms componentName=AppsCorpus serviceId=32
I/ChromeSync(26017): [Persistence,AffiliationManager] Fetching affiliations from the server.
I/Icing   (26017): Usage reports 0 indexed 0 rejected 0 imm upload false
I/Icing   (26017): Usage reports 0 indexed 0 rejected 0 imm upload false
I/art     ( 8053): Thread[13,tid=8073,WaitingForJniOnLoad,Thread*=0xa8de6000,peer=0x12c0ada0,"EnsureDelegate"] recursive attempt to load library "/data/data/com.facebook.orca/lib-xzs/libfb.so"
D/PowerService( 1827): isFastChargerType: false, isCharging: true, isFastChargerConnected: false
D/KeyguardUpdateMonitor( 1479): Intent.ACTION_BATTERYEX_CHANGED EXTRA_CHARGING_CURRENT : 0 / EXTRA_HVDCP_TYPE : false
I/[SystemUI]LGPowerUI( 1479): onReceive = com.lge.android.intent.action.BATTERYEX
I/[SystemUI]LGPowerUI( 1479): levelEx = 99, plugTypeEx = 2, WirelessAlignment = 0, chargingCurrent = 0, orientation = PORTRAIT
I/[SystemUI]LGPowerUI( 1479): On Skip Timer : true
D/KeyguardUpdateMonitor( 1479): Intent.ACTION_BATTERYEX_CHANGED EXTRA_CHARGING_CURRENT : 0 / EXTRA_HVDCP_TYPE : false
D/PowerService( 1827): isFastChargerType: false, isCharging: true, isFastChargerConnected: false
I/[SystemUI]LGPowerUI( 1479): onReceive = com.lge.android.intent.action.BATTERYEX
I/[SystemUI]LGPowerUI( 1479): levelEx = 99, plugTypeEx = 2, WirelessAlignment = 0, chargingCurrent = 0, orientation = PORTRAIT
I/[SystemUI]LGPowerUI( 1479): On Skip Timer : true
V/appstatelogger( 8053): Registered App State Logger stream with Breakpad
V/dalvik-internals( 8053): Hooking function _ZN3art12FaultManager35EnsureArtActionInFrontOfSignalChainEv
V/dalvik-internals( 8053): hooked _ZN3art12FaultManager35EnsureArtActionInFrontOfSignalChainEv using jump ()
V/dalvik-internals( 8053): hooked signal using trap ()
V/dalvik-internals( 8053): hooked sysv_signal using trap ()
V/dalvik-internals( 8053): hooked bsd_signal using trap ()
V/dalvik-internals( 8053): hooked sigaction using jump ()
V/dalvik-internals( 8053): Hooking function _ZN3art6mirror5Class19FindInterfaceMethodEPKNS0_8DexCacheEj
V/dalvik-internals( 8053): hooked _ZN3art6mirror5Class19FindInterfaceMethodEPKNS0_8DexCacheEj using jump ()
V/dalvik-internals( 8053): Hooking function _ZN3art6mirror5Class25FindDeclaredVirtualMethodEPKNS0_8DexCacheEj
V/dalvik-internals( 8053): hooked _ZN3art6mirror5Class25FindDeclaredVirtualMethodEPKNS0_8DexCacheEj using jump ()
V/dalvik-internals( 8053): Hooking function _ZN3art6mirror5Class17FindVirtualMethodEPKNS0_8DexCacheEj
V/dalvik-internals( 8053): hooked _ZN3art6mirror5Class17FindVirtualMethodEPKNS0_8DexCacheEj using jump ()
I/dalvik-internals( 8053): installed sigmux crash handler for crash log
W/MultiDexClassLoader( 8053): Class com.lge.R was loaded on fallback. This should be fixed and added to the shouldAskParent method.
W/0l4     ( 8053): Verify
W/msgr.0J1( 8053): Called user scoped provider with no viewer. ViewerContextManager was created with no ViewerContext. Using EmptyViewerContextManager to return fake logged in instance.
W/msgr.0J1( 8053): Called user scoped provider with no viewer. ViewerContextManager was created with no ViewerContext. Using EmptyViewerContextManager to return fake logged in instance.
I/Icing   (26017): Indexing 7A09843A60B41BADD52D60ACA9A3F68485F1848A from com.google.android.gms
I/ActivityManager(  967): Killing 7206:com.lge.clock/u0a8 (adj 15): empty #13
I/art     ( 2285): Explicit concurrent mark sweep GC freed 107063(4MB) AllocSpace objects, 1(16KB) LOS objects, 47% free, 35MB/67MB, paused 1.669ms total 215.421ms
W/libprocessgroup(  967): failed to open /acct/uid_10008/pid_7206/cgroup.procs: No such file or directory
D/LauncherStateReceiver2(13956): .activities.CallLogSearchResolverActivity enable(1)/disable(2) : 2
D/LauncherStateReceiver2(13956): .DialtactsRecentCallsEntryActivity enable(1)/disable(2) : 2
D/LauncherStateReceiver2(13956): .alias.SpeedDialListActivity enable(1)/disable(2) : 2
I/ActivityManager(  967): Start proc com.lge.qmemoplus for broadcast com.lge.qmemoplus/.DeviceBroadcastReceiver: pid=8126 uid=1000 gids={41000, 9997, 1000, 1028, 1015, 2001, 3003, 1023, 3002, 1004, 2002, 3001, 3008, 1007, 1026, 3005, 1009, 1027, 1003, 1014, 1010, 4002, 1002, 1021, 3004, 3009} abi=armeabi-v7a
W/ResourcesManager( 8053): Asset path '/system/framework/com.google.android.media.effects.jar' does not exist or contains no resources.
D/PowerService( 1827): isFastChargerType: false, isCharging: true, isFastChargerConnected: false
D/KeyguardUpdateMonitor( 1479): Intent.ACTION_BATTERYEX_CHANGED EXTRA_CHARGING_CURRENT : 0 / EXTRA_HVDCP_TYPE : false
I/[SystemUI]LGPowerUI( 1479): onReceive = com.lge.android.intent.action.BATTERYEX
I/[SystemUI]LGPowerUI( 1479): levelEx = 99, plugTypeEx = 2, WirelessAlignment = 0, chargingCurrent = 0, orientation = PORTRAIT
I/[SystemUI]LGPowerUI( 1479): On Skip Timer : true
D/AndroidRuntime( 8102): 
D/AndroidRuntime( 8102): >>>>>> AndroidRuntime START com.android.internal.os.RuntimeInit <<<<<<
D/KeyguardUpdateMonitor( 1479): Intent.ACTION_BATTERYEX_CHANGED EXTRA_CHARGING_CURRENT : 0 / EXTRA_HVDCP_TYPE : false
D/AndroidRuntime( 8102): CheckJNI is OFF
I/[SystemUI]LGPowerUI( 1479): onReceive = com.lge.android.intent.action.BATTERYEX
I/[SystemUI]LGPowerUI( 1479): levelEx = 99, plugTypeEx = 2, WirelessAlignment = 0, chargingCurrent = 0, orientation = PORTRAIT
I/[SystemUI]LGPowerUI( 1479): On Skip Timer : true
D/PowerService( 1827): isFastChargerType: false, isCharging: true, isFastChargerConnected: false
W/msgr.0J1( 8053): Called user scoped provider with no viewer. ViewerContextManager was created with no ViewerContext. Using EmptyViewerContextManager to return fake logged in instance.
W/msgr.0J1( 8053): Called user scoped provider with no viewer. ViewerContextManager was created with no ViewerContext. Using EmptyViewerContextManager to return fake logged in instance.
W/msgr.0J1( 8053): Called user scoped provider with no viewer. ViewerContextManager was created with no ViewerContext. Using EmptyViewerContextManager to return fake logged in instance.
W/msgr.0J1( 8053): Called user scoped provider with no viewer. ViewerContextManager was created with no ViewerContext. Using EmptyViewerContextManager to return fake logged in instance.
W/ResourcesManager( 8126): Asset path '/system/framework/com.lge.mdm.jar' does not exist or contains no resources.
W/msgr.0J1( 8053): Called user scoped provider with no viewer. ViewerContextManager was created with no ViewerContext. Using EmptyViewerContextManager to return fake logged in instance.
W/msgr.0J1( 8053): Called user scoped provider with no viewer. ViewerContextManager was created with no ViewerContext. Using EmptyViewerContextManager to return fake logged in instance.
W/msgr.0J1( 8053): Called user scoped provider with no viewer. ViewerContextManager was created with no ViewerContext. Using EmptyViewerContextManager to return fake logged in instance.
W/msgr.0J1( 8053): Called user scoped provider with no viewer. ViewerContextManager was created with no ViewerContext. Using EmptyViewerContextManager to return fake logged in instance.
I/[SystemUI]StatusBar.NetworkController( 1479): onDataActivity: direction=3
D/TelephonyIcons( 1479): getDataActivity, sub=0, activity=3
I/[SystemUI]StatusBar.NetworkController( 1479): refreshViews 1 connected={ data } level=2 mobileLabel=3 DK|Oister wifiLabel= emergencyOnly=false
I/[SystemUI]StatusBar.NetworkController( 1479): refreshViews 2  mPhoneSignalIconId=com.android.systemui:drawable/stat_sys_signal_bar5_2_fully mDataSignalIconId=com.android.systemui:drawable/stat_sys_signal_bar5_2_fully mDataTypeIconId=(null) mDataActivity=3 mLGNetworkController.mLGDataTypeIconId=com.android.systemui:drawable/stat_sys_data_connected_default_4g mLGNetworkController.mLGDataActivityIconId=com.android.systemui:drawable/stat_sys_data_fully_default_inandout
I/[SystemUI]StatusBar.NetworkController( 1479): refreshViews 3  mAirplaneMode=false mNoSimIconId=(null) mWifiIconId=(null) mWifiActivityIconId=com.android.systemui:drawable/stat_sys_wifi_inout
E/App     ( 8126): [App][onCreate()] 4.40.16
D/AndroidRuntime( 8102): Calling main entry com.android.commands.am.Am
I/Icing   (26017): Indexing done 7A09843A60B41BADD52D60ACA9A3F68485F1848A
I/ActivityManager(  967): START u0 {flg=0x10000000 cmp=org.libsdl.app/.SDLActivity} from uid 2000 on display 0
D/ActivityManager(  967): setTaskToReturnTo : TaskRecord{e675e5c #874 A=org.libsdl.app U=0 sz=0} / mTaskToReturnTo = 1
D/ActivityManager(  967): setTaskToReturnTo : TaskRecord{e675e5c #874 A=org.libsdl.app U=0 sz=0} / mTaskToReturnTo = 1
D/WindowStateEx(  967): AppWindowTokenEx init.. 
I/[LGHome]EVENT( 1919): [Launcher.java:987:onPause()]onPause
D/ContextHelper(  967): convertTheme. context->name=org.libsdl.app themeResourceId=16973831
D/InputDispatcher(  967): Focus left window: Window{eabe514 u0 com.lge.launcher2/com.lge.launcher2.Launcher}
D/AndroidRuntime( 8102): Shutting down VM
D/SplitWindow(  967): check instance of lgWin Window{10cb2806 u0 Starting org.libsdl.app}
I/ActivityManager(  967): Start proc org.libsdl.app for activity org.libsdl.app/.SDLActivity: pid=8160 uid=10131 gids={50131, 9997, 1028, 1015} abi=armeabi-v7a
I/art     ( 8160): Late-enabling -Xcheck:jni
I/[LGHome]EVENT( 1919): [Launcher.java:5698:onWindowFocusChanged()]onWindowFocusChanged() hasFocus false
I/WindowStateAnimator(  967): Starting window displayed
I/SystemUI[Framework](  967): PhoneWindowManager.updateSystemUiVisibilityLw() :visibility=0x0, pkg=org.libsdl.app
D/PhoneStatusBar( 1479): setSystemUiVisibility vis=0 mask=ffffffff oldVal=8600 newVal=0 diff=8600
W/PhoneWindowManagerEx(  967): Call!!!getLGSystemUiVisibility. =0x0
D/StatusBarManagerServiceEx(  967): setLGSystemUiVisibility(0x0)
D/StatusBarManagerServiceEx(  967): manageNaviBtnDisableList userId=0 what=0x0 pkg=WindowManager.LayoutParams
I/SystemUI[Framework](  967): ==>disabledNaviBtn() what=0x0, token=android.os.Binder@da6f841,  pkg=WindowManager.LayoutParams
I/SystemUI[Framework](  967): disableNaviBtn: mDisabledNaviBtn=0x0,  mDisableRecords.size=0
I/[SystemUI]NavigationThemeResource( 1479): NavigationKey Color is changed(WHITE_WITH_SHADOW -> BLACK)
I/[SystemUI]NavigationThemeResource( 1479):  BarMode=0, Theme=WHITE, LightBackground=false (Transparent)
I/[SystemUI]NavigationThemeResource( 1479): , Keyguard show=false, IME shown=false, Panel expanded=false
D/ContextHelper( 8160): convertTheme. context->name=org.libsdl.app themeResourceId=16973831
V/SDL     ( 8160): Device: g2
V/SDL     ( 8160): Model: LG-D802
V/SDL     ( 8160): onCreate(): null
V/PhoneStatusBar( 1479): setLightsOn(true)
D/PhoneStatusBar( 1479): setSystemUiVisibility vis=0 mask=1 oldVal=0 newVal=0 diff=0
D/SensorManager( 8160): found sensor: LGE Accelerometer, handle=0
D/SensorManager( 8160): found sensor: LGE Magnetometer, handle=10
D/SensorManager( 8160): found sensor: LGE Magnetometer Uncalibrated, handle=11
D/SensorManager( 8160): found sensor: LGE Gyroscope, handle=2
D/SensorManager( 8160): found sensor: LGE Gyroscope Uncalibrated, handle=8
D/SensorManager( 8160): found sensor: LGE Proximity, handle=48
D/SensorManager( 8160): found sensor: LGE Light, handle=1
D/SensorManager( 8160): found sensor: LGE Gravity Sensor, handle=29
D/SensorManager( 8160): found sensor: LGE Linear Acceleration Sensor, handle=30
D/SensorManager( 8160): found sensor: LGE Rotation Vector Sensor, handle=36
D/SensorManager( 8160): found sensor: LGE Step Detector Sensor, handle=43
D/SensorManager( 8160): found sensor: LGE Step Counter Sensor, handle=44
D/SensorManager( 8160): found sensor: LGE Significant Motion Detector Sensor, handle=47
D/SensorManager( 8160): found sensor: LGE Game Rotation Vector Sensor, handle=50
D/SensorManager( 8160): found sensor: LGE GeoMagnetic Rotation Vector Sensor, handle=53
D/SensorManager( 8160): found sensor: LGE Orientation Sensor, handle=49
D/SensorManager( 8160): found sensor: LGE Tilt Detector Sensor, handle=55
D/SensorManager( 8160): found sensor: LGE Absolute Motion Detector Sensor, handle=33
D/SensorManager( 8160): found sensor: LGE Relative Motion Detector Sensor, handle=34
V/SDL     ( 8160): onResume()
D/OpenGLRenderer( 8160): Render dirty regions requested: true
I/Adreno-EGL( 8160): <qeglDrvAPI_eglInitialize:410>: EGL 1.4 QUALCOMM build: AU_LINUX_ANDROID_LA.BF.1.1.1_RB1.05.00.02.042.013_msm8974_LA.BF.1.1.1_RB1__release_AU ()
I/Adreno-EGL( 8160): OpenGL ES Shader Compiler Version: E031.25.03.00
